Archive member included to satisfy reference by file (symbol)

C:/1_ST/STM32CubeIDE_1.14.1/STM32CubeIDE/plugins/com.st.stm32cube.ide.mcu.externaltools.gnu-tools-for-stm32.11.3.rel1.win32_1.1.100.202309141235/tools/bin/../lib/gcc/arm-none-eabi/11.3.1/../../../../arm-none-eabi/lib/thumb/v6-m/nofp\libc_nano.a(libc_a-exit.o)
                              C:/1_ST/STM32CubeIDE_1.14.1/STM32CubeIDE/plugins/com.st.stm32cube.ide.mcu.externaltools.gnu-tools-for-stm32.11.3.rel1.win32_1.1.100.202309141235/tools/bin/../lib/gcc/arm-none-eabi/11.3.1/../../../../arm-none-eabi/lib/thumb/v6-m/nofp/crt0.o (exit)
C:/1_ST/STM32CubeIDE_1.14.1/STM32CubeIDE/plugins/com.st.stm32cube.ide.mcu.externaltools.gnu-tools-for-stm32.11.3.rel1.win32_1.1.100.202309141235/tools/bin/../lib/gcc/arm-none-eabi/11.3.1/../../../../arm-none-eabi/lib/thumb/v6-m/nofp\libc_nano.a(libc_a-nano-vfprintf_float.o)
                              (_printf_float)
C:/1_ST/STM32CubeIDE_1.14.1/STM32CubeIDE/plugins/com.st.stm32cube.ide.mcu.externaltools.gnu-tools-for-stm32.11.3.rel1.win32_1.1.100.202309141235/tools/bin/../lib/gcc/arm-none-eabi/11.3.1/../../../../arm-none-eabi/lib/thumb/v6-m/nofp\libc_nano.a(libc_a-nano-vfprintf_i.o)
                              C:/1_ST/STM32CubeIDE_1.14.1/STM32CubeIDE/plugins/com.st.stm32cube.ide.mcu.externaltools.gnu-tools-for-stm32.11.3.rel1.win32_1.1.100.202309141235/tools/bin/../lib/gcc/arm-none-eabi/11.3.1/../../../../arm-none-eabi/lib/thumb/v6-m/nofp\libc_nano.a(libc_a-nano-vfprintf_float.o) (_printf_common)
C:/1_ST/STM32CubeIDE_1.14.1/STM32CubeIDE/plugins/com.st.stm32cube.ide.mcu.externaltools.gnu-tools-for-stm32.11.3.rel1.win32_1.1.100.202309141235/tools/bin/../lib/gcc/arm-none-eabi/11.3.1/../../../../arm-none-eabi/lib/thumb/v6-m/nofp\libc_nano.a(libc_a-nano-vfscanf_float.o)
                              (_scanf_float)
C:/1_ST/STM32CubeIDE_1.14.1/STM32CubeIDE/plugins/com.st.stm32cube.ide.mcu.externaltools.gnu-tools-for-stm32.11.3.rel1.win32_1.1.100.202309141235/tools/bin/../lib/gcc/arm-none-eabi/11.3.1/../../../../arm-none-eabi/lib/thumb/v6-m/nofp\libc_nano.a(libc_a-findfp.o)
                              ./Middlewares/Third_Party/FreeRTOS/Source/tasks.o (__sf)
C:/1_ST/STM32CubeIDE_1.14.1/STM32CubeIDE/plugins/com.st.stm32cube.ide.mcu.externaltools.gnu-tools-for-stm32.11.3.rel1.win32_1.1.100.202309141235/tools/bin/../lib/gcc/arm-none-eabi/11.3.1/../../../../arm-none-eabi/lib/thumb/v6-m/nofp\libc_nano.a(libc_a-fwalk.o)
                              C:/1_ST/STM32CubeIDE_1.14.1/STM32CubeIDE/plugins/com.st.stm32cube.ide.mcu.externaltools.gnu-tools-for-stm32.11.3.rel1.win32_1.1.100.202309141235/tools/bin/../lib/gcc/arm-none-eabi/11.3.1/../../../../arm-none-eabi/lib/thumb/v6-m/nofp\libc_nano.a(libc_a-findfp.o) (_fwalk_sglue)
C:/1_ST/STM32CubeIDE_1.14.1/STM32CubeIDE/plugins/com.st.stm32cube.ide.mcu.externaltools.gnu-tools-for-stm32.11.3.rel1.win32_1.1.100.202309141235/tools/bin/../lib/gcc/arm-none-eabi/11.3.1/../../../../arm-none-eabi/lib/thumb/v6-m/nofp\libc_nano.a(libc_a-printf.o)
                              ./Core/Src/IO/IMU/bno055.o (printf)
C:/1_ST/STM32CubeIDE_1.14.1/STM32CubeIDE/plugins/com.st.stm32cube.ide.mcu.externaltools.gnu-tools-for-stm32.11.3.rel1.win32_1.1.100.202309141235/tools/bin/../lib/gcc/arm-none-eabi/11.3.1/../../../../arm-none-eabi/lib/thumb/v6-m/nofp\libc_nano.a(libc_a-puts.o)
                              ./Core/Src/IO/IMU/bno055.o (puts)
C:/1_ST/STM32CubeIDE_1.14.1/STM32CubeIDE/plugins/com.st.stm32cube.ide.mcu.externaltools.gnu-tools-for-stm32.11.3.rel1.win32_1.1.100.202309141235/tools/bin/../lib/gcc/arm-none-eabi/11.3.1/../../../../arm-none-eabi/lib/thumb/v6-m/nofp\libc_nano.a(libc_a-sprintf.o)
                              C:/1_ST/STM32CubeIDE_1.14.1/STM32CubeIDE/plugins/com.st.stm32cube.ide.mcu.externaltools.gnu-tools-for-stm32.11.3.rel1.win32_1.1.100.202309141235/tools/bin/../lib/gcc/arm-none-eabi/11.3.1/../../../../arm-none-eabi/lib/thumb/v6-m/nofp\libc_nano.a(libc_a-nano-vfscanf_float.o) (sprintf)
C:/1_ST/STM32CubeIDE_1.14.1/STM32CubeIDE/plugins/com.st.stm32cube.ide.mcu.externaltools.gnu-tools-for-stm32.11.3.rel1.win32_1.1.100.202309141235/tools/bin/../lib/gcc/arm-none-eabi/11.3.1/../../../../arm-none-eabi/lib/thumb/v6-m/nofp\libc_nano.a(libc_a-stdio.o)
                              C:/1_ST/STM32CubeIDE_1.14.1/STM32CubeIDE/plugins/com.st.stm32cube.ide.mcu.externaltools.gnu-tools-for-stm32.11.3.rel1.win32_1.1.100.202309141235/tools/bin/../lib/gcc/arm-none-eabi/11.3.1/../../../../arm-none-eabi/lib/thumb/v6-m/nofp\libc_nano.a(libc_a-findfp.o) (__sread)
C:/1_ST/STM32CubeIDE_1.14.1/STM32CubeIDE/plugins/com.st.stm32cube.ide.mcu.externaltools.gnu-tools-for-stm32.11.3.rel1.win32_1.1.100.202309141235/tools/bin/../lib/gcc/arm-none-eabi/11.3.1/../../../../arm-none-eabi/lib/thumb/v6-m/nofp\libc_nano.a(libc_a-wbuf.o)
[...]
Memory Configuration

Name             Origin             Length             Attributes
RAM              0x0000000020000000 0x0000000000008000 xrw
FLASH            0x0000000008000000 0x0000000000040000 xr
*default*        0x0000000000000000 0xffffffffffffffff

Linker script and memory map

LOAD C:/1_ST/STM32CubeIDE_1.14.1/STM32CubeIDE/plugins/com.st.stm32cube.ide.mcu.externaltools.gnu-tools-for-stm32.11.3.rel1.win32_1.1.100.202309141235/tools/bin/../lib/gcc/arm-none-eabi/11.3.1/thumb/v6-m/nofp/crti.o
LOAD C:/1_ST/STM32CubeIDE_1.14.1/STM32CubeIDE/plugins/com.st.stm32cube.ide.mcu.externaltools.gnu-tools-for-stm32.11.3.rel1.win32_1.1.100.202309141235/tools/bin/../lib/gcc/arm-none-eabi/11.3.1/thumb/v6-m/nofp/crtbegin.o
LOAD C:/1_ST/STM32CubeIDE_1.14.1/STM32CubeIDE/plugins/com.st.stm32cube.ide.mcu.externaltools.gnu-tools-for-stm32.11.3.rel1.win32_1.1.100.202309141235/tools/bin/../lib/gcc/arm-none-eabi/11.3.1/../../../../arm-none-eabi/lib/thumb/v6-m/nofp/crt0.o
LOAD ./Core/Src/HEADLIGHT/headlight.o
LOAD ./Core/Src/IO/BUZZER/buzzer.o
LOAD ./Core/Src/IO/IMU/bno055.o
LOAD ./Core/Src/IO/JOYSTICK/joystick.o
LOAD ./Core/Src/IO/LCD/lcd.o
LOAD ./Core/Src/IO/LCD/lcd_cfg.o
LOAD ./Core/Src/IO/POTENTIOMETER/potentiometer.o
LOAD ./Core/Src/IO/SERVO/servo.o
LOAD ./Core/Src/IO/SWITCH/switch.o
LOAD ./Core/Src/PROTOCOL/protocol.o
LOAD ./Core/Src/SIDEMIRROR/sidemirror.o
LOAD ./Core/Src/Util.o
LOAD ./Core/Src/adc.o
LOAD ./Core/Src/freertos.o
LOAD ./Core/Src/gpio.o
LOAD ./Core/Src/i2c.o
LOAD ./Core/Src/main.o
LOAD ./Core/Src/stm32f0xx_hal_msp.o
LOAD ./Core/Src/stm32f0xx_hal_timebase_tim.o
LOAD ./Core/Src/stm32f0xx_it.o
LOAD ./Core/Src/syscalls.o
LOAD ./Core/Src/sysmem.o
LOAD ./Core/Src/system_stm32f0xx.o
LOAD ./Core/Src/tim.o
LOAD ./Core/Src/usart.o
LOAD ./Core/Startup/startup_stm32f091rctx.o
LOAD ./Drivers/STM32F0xx_HAL_Driver/Src/stm32f0xx_hal.o
LOAD ./Drivers/STM32F0xx_HAL_Driver/Src/stm32f0xx_hal_adc.o
LOAD ./Drivers/STM32F0xx_HAL_Driver/Src/stm32f0xx_hal_adc_ex.o
LOAD ./Drivers/STM32F0xx_HAL_Driver/Src/stm32f0xx_hal_cortex.o
LOAD ./Drivers/STM32F0xx_HAL_Driver/Src/stm32f0xx_hal_dma.o
LOAD ./Drivers/STM32F0xx_HAL_Driver/Src/stm32f0xx_hal_exti.o
LOAD ./Drivers/STM32F0xx_HAL_Driver/Src/stm32f0xx_hal_flash.o
LOAD ./Drivers/STM32F0xx_HAL_Driver/Src/stm32f0xx_hal_flash_ex.o
LOAD ./Drivers/STM32F0xx_HAL_Driver/Src/stm32f0xx_hal_gpio.o
LOAD ./Drivers/STM32F0xx_HAL_Driver/Src/stm32f0xx_hal_i2c.o
LOAD ./Drivers/STM32F0xx_HAL_Driver/Src/stm32f0xx_hal_i2c_ex.o
LOAD ./Drivers/STM32F0xx_HAL_Driver/Src/stm32f0xx_hal_pwr.o
LOAD ./Drivers/STM32F0xx_HAL_Driver/Src/stm32f0xx_hal_pwr_ex.o
LOAD ./Drivers/STM32F0xx_HAL_Driver/Src/stm32f0xx_hal_rcc.o
LOAD ./Drivers/STM32F0xx_HAL_Driver/Src/stm32f0xx_hal_rcc_ex.o
LOAD ./Drivers/STM32F0xx_HAL_Driver/Src/stm32f0xx_hal_tim.o
LOAD ./Drivers/STM32F0xx_HAL_Driver/Src/stm32f0xx_hal_tim_ex.o
LOAD ./Drivers/STM32F0xx_HAL_Driver/Src/stm32f0xx_hal_uart.o
LOAD ./Drivers/STM32F0xx_HAL_Driver/Src/stm32f0xx_hal_uart_ex.o
LOAD ./Middlewares/Third_Party/FreeRTOS/Source/CMSIS_RTOS_V2/cmsis_os2.o
LOAD ./Middlewares/Third_Party/FreeRTOS/Source/croutine.o
LOAD ./Middlewares/Third_Party/FreeRTOS/Source/event_groups.o
LOAD ./Middlewares/Third_Party/FreeRTOS/Source/list.o
LOAD ./Middlewares/Third_Party/FreeRTOS/Source/queue.o
LOAD ./Middlewares/Third_Party/FreeRTOS/Source/stream_buffer.o
LOAD ./Middlewares/Third_Party/FreeRTOS/Source/tasks.o
LOAD ./Middlewares/Third_Party/FreeRTOS/Source/timers.o
LOAD ./Middlewares/Third_Party/FreeRTOS/Source/portable/GCC/ARM_CM0/port.o
LOAD ./Middlewares/Third_Party/FreeRTOS/Source/portable/MemMang/heap_4.o
START GROUP
LOAD C:/1_ST/STM32CubeIDE_1.14.1/STM32CubeIDE/plugins/com.st.stm32cube.ide.mcu.externaltools.gnu-tools-for-stm32.11.3.rel1.win32_1.1.100.202309141235/tools/bin/../lib/gcc/arm-none-eabi/11.3.1/../../../../arm-none-eabi/lib/thumb/v6-m/nofp\libc_nano.a
LOAD C:/1_ST/STM32CubeIDE_1.14.1/STM32CubeIDE/plugins/com.st.stm32cube.ide.mcu.externaltools.gnu-tools-for-stm32.11.3.rel1.win32_1.1.100.202309141235/tools/bin/../lib/gcc/arm-none-eabi/11.3.1/../../../../arm-none-eabi/lib/thumb/v6-m/nofp\libm.a
END GROUP
START GROUP
LOAD C:/1_ST/STM32CubeIDE_1.14.1/STM32CubeIDE/plugins/com.st.stm32cube.ide.mcu.externaltools.gnu-tools-for-stm32.11.3.rel1.win32_1.1.100.202309141235/tools/bin/../lib/gcc/arm-none-eabi/11.3.1/thumb/v6-m/nofp\libgcc.a
LOAD C:/1_ST/STM32CubeIDE_1.14.1/STM32CubeIDE/plugins/com.st.stm32cube.ide.mcu.externaltools.gnu-tools-for-stm32.11.3.rel1.win32_1.1.100.202309141235/tools/bin/../lib/gcc/arm-none-eabi/11.3.1/../../../../arm-none-eabi/lib/thumb/v6-m/nofp\libc_nano.a
END GROUP
START GROUP
LOAD C:/1_ST/STM32CubeIDE_1.14.1/STM32CubeIDE/plugins/com.st.stm32cube.ide.mcu.externaltools.gnu-tools-for-stm32.11.3.rel1.win32_1.1.100.202309141235/tools/bin/../lib/gcc/arm-none-eabi/11.3.1/thumb/v6-m/nofp\libgcc.a
LOAD C:/1_ST/STM32CubeIDE_1.14.1/STM32CubeIDE/plugins/com.st.stm32cube.ide.mcu.externaltools.gnu-tools-for-stm32.11.3.rel1.win32_1.1.100.202309141235/tools/bin/../lib/gcc/arm-none-eabi/11.3.1/../../../../arm-none-eabi/lib/thumb/v6-m/nofp\libc_nano.a
LOAD C:/1_ST/STM32CubeIDE_1.14.1/STM32CubeIDE/plugins/com.st.stm32cube.ide.mcu.externaltools.gnu-tools-for-stm32.11.3.rel1.win32_1.1.100.202309141235/tools/bin/../lib/gcc/arm-none-eabi/11.3.1/../../../../arm-none-eabi/lib/thumb/v6-m/nofp\libnosys.a
END GROUP
START GROUP
LOAD C:/1_ST/STM32CubeIDE_1.14.1/STM32CubeIDE/plugins/com.st.stm32cube.ide.mcu.externaltools.gnu-tools-for-stm32.11.3.rel1.win32_1.1.100.202309141235/tools/bin/../lib/gcc/arm-none-eabi/11.3.1/thumb/v6-m/nofp\libgcc.a
LOAD C:/1_ST/STM32CubeIDE_1.14.1/STM32CubeIDE/plugins/com.st.stm32cube.ide.mcu.externaltools.gnu-tools-for-stm32.11.3.rel1.win32_1.1.100.202309141235/tools/bin/../lib/gcc/arm-none-eabi/11.3.1/../../../../arm-none-eabi/lib/thumb/v6-m/nofp\libc_nano.a
LOAD C:/1_ST/STM32CubeIDE_1.14.1/STM32CubeIDE/plugins/com.st.stm32cube.ide.mcu.externaltools.gnu-tools-for-stm32.11.3.rel1.win32_1.1.100.202309141235/tools/bin/../lib/gcc/arm-none-eabi/11.3.1/../../../../arm-none-eabi/lib/thumb/v6-m/nofp\libnosys.a
END GROUP
LOAD C:/1_ST/STM32CubeIDE_1.14.1/STM32CubeIDE/plugins/com.st.stm32cube.ide.mcu.externaltools.gnu-tools-for-stm32.11.3.rel1.win32_1.1.100.202309141235/tools/bin/../lib/gcc/arm-none-eabi/11.3.1/thumb/v6-m/nofp/crtend.o
LOAD C:/1_ST/STM32CubeIDE_1.14.1/STM32CubeIDE/plugins/com.st.stm32cube.ide.mcu.externaltools.gnu-tools-for-stm32.11.3.rel1.win32_1.1.100.202309141235/tools/bin/../lib/gcc/arm-none-eabi/11.3.1/thumb/v6-m/nofp/crtn.o
                0x0000000020008000                _estack = (ORIGIN (RAM) + LENGTH (RAM))
                0x0000000000000200                _Min_Heap_Size = 0x200
                0x0000000000000400                _Min_Stack_Size = 0x400

.isr_vector     0x0000000008000000       0xbc
                0x0000000008000000                . = ALIGN (0x4)
 *(.isr_vector)
 .isr_vector    0x0000000008000000       0xbc ./Core/Startup/startup_stm32f091rctx.o
                0x0000000008000000                g_pfnVectors
                0x00000000080000bc                . = ALIGN (0x4)

.text           0x00000000080000c0    0x1084c
                0x00000000080000c0                . = ALIGN (0x4)
 *(.text)
 .text          0x00000000080000c0       0x48 C:/1_ST/STM32CubeIDE_1.14.1/STM32CubeIDE/plugins/com.st.stm32cube.ide.mcu.externaltools.gnu-tools-for-stm32.11.3.rel1.win32_1.1.100.202309141235/tools/bin/../lib/gcc/arm-none-eabi/11.3.1/thumb/v6-m/nofp/crtbegin.o
 .text          0x0000000008000108        0xe C:/1_ST/STM32CubeIDE_1.14.1/STM32CubeIDE/plugins/com.st.stm32cube.ide.mcu.externaltools.gnu-tools-for-stm32.11.3.rel1.win32_1.1.100.202309141235/tools/bin/../lib/gcc/arm-none-eabi/11.3.1/../../../../arm-none-eabi/lib/thumb/v6-m/nofp\libc_nano.a(libc_a-strlen.o)
                0x0000000008000108                strlen
 *fill*         0x0000000008000116        0x2 
 .text          0x0000000008000118       0x14 C:/1_ST/STM32CubeIDE_1.14.1/STM32CubeIDE/plugins/com.st.stm32cube.ide.mcu.externaltools.gnu-tools-for-stm32.11.3.rel1.win32_1.1.100.202309141235/tools/bin/../lib/gcc/arm-none-eabi/11.3.1/thumb/v6-m/nofp\libgcc.a(_thumb1_case_uqi.o)
                0x0000000008000118                __gnu_thumb1_case_uqi
 .text          0x000000000800012c       0x14 C:/1_ST/STM32CubeIDE_1.14.1/STM32CubeIDE/plugins/com.st.stm32cube.ide.mcu.externaltools.gnu-tools-for-stm32.11.3.rel1.win32_1.1.100.202309141235/tools/bin/../lib/gcc/arm-none-eabi/11.3.1/thumb/v6-m/nofp\libgcc.a(_thumb1_case_shi.o)
                0x000000000800012c                __gnu_thumb1_case_shi
 .text          0x0000000008000140      0x114 C:/1_ST/STM32CubeIDE_1.14.1/STM32CubeIDE/plugins/com.st.stm32cube.ide.mcu.externaltools.gnu-tools-for-stm32.11.3.rel1.win32_1.1.100.202309141235/tools/bin/../lib/gcc/arm-none-eabi/11.3.1/thumb/v6-m/nofp\libgcc.a(_udivsi3.o)
                0x0000000008000140                __aeabi_uidiv
                0x0000000008000140                __udivsi3
                0x000000000800024c                __aeabi_uidivmod
 .text          0x0000000008000254      0x1d4 C:/1_ST/STM32CubeIDE_1.14.1/STM32CubeIDE/plugins/com.st.stm32cube.ide.mcu.externaltools.gnu-tools-for-stm32.11.3.rel1.win32_1.1.100.202309141235/tools/bin/../lib/gcc/arm-none-eabi/11.3.1/thumb/v6-m/nofp\libgcc.a(_divsi3.o)
                0x0000000008000254                __divsi3
                0x0000000008000254                __aeabi_idiv
                0x0000000008000420                __aeabi_idivmod
 .text          0x0000000008000428        0x4 C:/1_ST/STM32CubeIDE_1.14.1/STM32CubeIDE/plugins/com.st.stm32cube.ide.mcu.externaltools.gnu-tools-for-stm32.11.3.rel1.win32_1.1.100.202309141235/tools/bin/../lib/gcc/arm-none-eabi/11.3.1/thumb/v6-m/nofp\libgcc.a(_dvmd_tls.o)
                0x0000000008000428                __aeabi_idiv0
                0x0000000008000428                __aeabi_ldiv0
 .text          0x000000000800042c       0x7c C:/1_ST/STM32CubeIDE_1.14.1/STM32CubeIDE/plugins/com.st.stm32cube.ide.mcu.externaltools.gnu-tools-for-stm32.11.3.rel1.win32_1.1.100.202309141235/tools/bin/../lib/gcc/arm-none-eabi/11.3.1/thumb/v6-m/nofp\libgcc.a(_arm_cmpdf2.o)
                0x000000000800042c                __aeabi_cdrcmple
                0x000000000800043c                __aeabi_cdcmple
                0x000000000800043c                __aeabi_cdcmpeq
                0x000000000800044c                __aeabi_dcmpeq
                0x0000000008000458                __aeabi_dcmplt
                0x000000000800046c                __aeabi_dcmple
                0x0000000008000480                __aeabi_dcmpgt
                0x0000000008000494                __aeabi_dcmpge
 .text          0x00000000080004a8       0x3c C:/1_ST/STM32CubeIDE_1.14.1/STM32CubeIDE/plugins/com.st.stm32cube.ide.mcu.externaltools.gnu-tools-for-stm32.11.3.rel1.win32_1.1.100.202309141235/tools/bin/../lib/gcc/arm-none-eabi/11.3.1/thumb/v6-m/nofp\libgcc.a(_fixunsdfsi.o)
                0x00000000080004a8                __aeabi_d2uiz
                0x00000000080004a8                __fixunsdfsi
 .text          0x00000000080004e4       0x3c C:/1_ST/STM32CubeIDE_1.14.1/STM32CubeIDE/plugins/com.st.stm32cube.ide.mcu.externaltools.gnu-tools-for-stm32.11.3.rel1.win32_1.1.100.202309141235/tools/bin/../lib/gcc/arm-none-eabi/11.3.1/thumb/v6-m/nofp\libgcc.a(_fixdfdi.o)
                0x00000000080004e4                __fixdfdi
                0x00000000080004e4                __aeabi_d2lz
 .text          0x0000000008000520       0x3c C:/1_ST/STM32CubeIDE_1.14.1/STM32CubeIDE/plugins/com.st.stm32cube.ide.mcu.externaltools.gnu-tools-for-stm32.11.3.rel1.win32_1.1.100.202309141235/tools/bin/../lib/gcc/arm-none-eabi/11.3.1/thumb/v6-m/nofp\libgcc.a(_fixunsdfdi.o)
                0x0000000008000520                __fixunsdfdi
                0x0000000008000520                __aeabi_d2ulz
 .text          0x000000000800055c       0x2c C:/1_ST/STM32CubeIDE_1.14.1/STM32CubeIDE/plugins/com.st.stm32cube.ide.mcu.externaltools.gnu-tools-for-stm32.11.3.rel1.win32_1.1.100.202309141235/tools/bin/../lib/gcc/arm-none-eabi/11.3.1/thumb/v6-m/nofp\libgcc.a(_floatdidf.o)
                0x000000000800055c                __aeabi_l2d
                0x000000000800055c                __floatdidf
 .text          0x0000000008000588      0x6c0 C:/1_ST/STM32CubeIDE_1.14.1/STM32CubeIDE/plugins/com.st.stm32cube.ide.mcu.externaltools.gnu-tools-for-stm32.11.3.rel1.win32_1.1.100.202309141235/tools/bin/../lib/gcc/arm-none-eabi/11.3.1/thumb/v6-m/nofp\libgcc.a(adddf3.o)
                0x0000000008000588                __aeabi_dadd
 .text          0x0000000008000c48      0x5dc C:/1_ST/STM32CubeIDE_1.14.1/STM32CubeIDE/plugins/com.st.stm32cube.ide.mcu.externaltools.gnu-tools-for-stm32.11.3.rel1.win32_1.1.100.202309141235/tools/bin/../lib/gcc/arm-none-eabi/11.3.1/thumb/v6-m/nofp\libgcc.a(divdf3.o)
                0x0000000008000c48                __aeabi_ddiv
 .text          0x0000000008001224       0x84 C:/1_ST/STM32CubeIDE_1.14.1/STM32CubeIDE/plugins/com.st.stm32cube.ide.mcu.externaltools.gnu-tools-for-stm32.11.3.rel1.win32_1.1.100.202309141235/tools/bin/../lib/gcc/arm-none-eabi/11.3.1/thumb/v6-m/nofp\libgcc.a(eqdf2.o)
                0x0000000008001224                __nedf2
                0x0000000008001224                __eqdf2
 .text          0x00000000080012a8       0xcc C:/1_ST/STM32CubeIDE_1.14.1/STM32CubeIDE/plugins/com.st.stm32cube.ide.mcu.externaltools.gnu-tools-for-stm32.11.3.rel1.win32_1.1.100.202309141235/tools/bin/../lib/gcc/arm-none-eabi/11.3.1/thumb/v6-m/nofp\libgcc.a(gedf2.o)
                0x00000000080012a8                __gedf2
                0x00000000080012a8                __gtdf2
 .text          0x0000000008001374       0xc8 C:/1_ST/STM32CubeIDE_1.14.1/STM32CubeIDE/plugins/com.st.stm32cube.ide.mcu.externaltools.gnu-tools-for-stm32.11.3.rel1.win32_1.1.100.202309141235/tools/bin/../lib/gcc/arm-none-eabi/11.3.1/thumb/v6-m/nofp\libgcc.a(ledf2.o)
                0x0000000008001374                __ledf2
                0x0000000008001374                __ltdf2
 .text          0x000000000800143c      0x584 C:/1_ST/STM32CubeIDE_1.14.1/STM32CubeIDE/plugins/com.st.stm32cube.ide.mcu.externaltools.gnu-tools-for-stm32.11.3.rel1.win32_1.1.100.202309141235/tools/bin/../lib/gcc/arm-none-eabi/11.3.1/thumb/v6-m/nofp\libgcc.a(muldf3.o)
                0x000000000800143c                __aeabi_dmul
 .text          0x00000000080019c0      0x704 C:/1_ST/STM32CubeIDE_1.14.1/STM32CubeIDE/plugins/com.st.stm32cube.ide.mcu.externaltools.gnu-tools-for-stm32.11.3.rel1.win32_1.1.100.202309141235/tools/bin/../lib/gcc/arm-none-eabi/11.3.1/thumb/v6-m/nofp\libgcc.a(subdf3.o)
                0x00000000080019c0                __aeabi_dsub
 .text          0x00000000080020c4       0x3c C:/1_ST/STM32CubeIDE_1.14.1/STM32CubeIDE/plugins/com.st.stm32cube.ide.mcu.externaltools.gnu-tools-for-stm32.11.3.rel1.win32_1.1.100.202309141235/tools/bin/../lib/gcc/arm-none-eabi/11.3.1/thumb/v6-m/nofp\libgcc.a(unorddf2.o)
                0x00000000080020c4                __aeabi_dcmpun
 .text          0x0000000008002100       0x6c C:/1_ST/STM32CubeIDE_1.14.1/STM32CubeIDE/plugins/com.st.stm32cube.ide.mcu.externaltools.gnu-tools-for-stm32.11.3.rel1.win32_1.1.100.202309141235/tools/bin/../lib/gcc/arm-none-eabi/11.3.1/thumb/v6-m/nofp\libgcc.a(fixdfsi.o)
                0x0000000008002100                __aeabi_d2iz
 .text          0x000000000800216c       0x60 C:/1_ST/STM32CubeIDE_1.14.1/STM32CubeIDE/plugins/com.st.stm32cube.ide.mcu.externaltools.gnu-tools-for-stm32.11.3.rel1.win32_1.1.100.202309141235/tools/bin/../lib/gcc/arm-none-eabi/11.3.1/thumb/v6-m/nofp\libgcc.a(floatsidf.o)
                0x000000000800216c                __aeabi_i2d
 .text          0x00000000080021cc       0x4c C:/1_ST/STM32CubeIDE_1.14.1/STM32CubeIDE/plugins/com.st.stm32cube.ide.mcu.externaltools.gnu-tools-for-stm32.11.3.rel1.win32_1.1.100.202309141235/tools/bin/../lib/gcc/arm-none-eabi/11.3.1/thumb/v6-m/nofp\libgcc.a(floatunsidf.o)
                0x00000000080021cc                __aeabi_ui2d
 .text          0x0000000008002218      0x10c C:/1_ST/STM32CubeIDE_1.14.1/STM32CubeIDE/plugins/com.st.stm32cube.ide.mcu.externaltools.gnu-tools-for-stm32.11.3.rel1.win32_1.1.100.202309141235/tools/bin/../lib/gcc/arm-none-eabi/11.3.1/thumb/v6-m/nofp\libgcc.a(truncdfsf2.o)
                0x0000000008002218                __aeabi_d2f
 .text          0x0000000008002324       0x3c C:/1_ST/STM32CubeIDE_1.14.1/STM32CubeIDE/plugins/com.st.stm32cube.ide.mcu.externaltools.gnu-tools-for-stm32.11.3.rel1.win32_1.1.100.202309141235/tools/bin/../lib/gcc/arm-none-eabi/11.3.1/thumb/v6-m/nofp\libgcc.a(_clzsi2.o)
                0x0000000008002324                __clzsi2
 *(.text*)
 .text.HeadLights_initialize
                0x0000000008002360       0x34 ./Core/Src/HEADLIGHT/headlight.o
                0x0000000008002360                HeadLights_initialize
 .text.HeadLights_control
                0x0000000008002394       0x44 ./Core/Src/HEADLIGHT/headlight.o
                0x0000000008002394                HeadLights_control
 .text.HeadLights_adjustPitch
                0x00000000080023d8       0x88 ./Core/Src/HEADLIGHT/headlight.o
                0x00000000080023d8                HeadLights_adjustPitch
 .text.HeadLights_setmotorAngle
                0x0000000008002460       0x90 ./Core/Src/HEADLIGHT/headlight.o
                0x0000000008002460                HeadLights_setmotorAngle
 .text.HeadLights_LEDoff
                0x00000000080024f0       0x60 ./Core/Src/HEADLIGHT/headlight.o
                0x00000000080024f0                HeadLights_LEDoff
 .text.InitCarSetting_H
                0x0000000008002550       0x44 ./Core/Src/HEADLIGHT/headlight.o
                0x0000000008002550                InitCarSetting_H
 .text.buzzer_init
                0x0000000008002594       0x1c ./Core/Src/IO/BUZZER/buzzer.o
                0x0000000008002594                buzzer_init
 .text.beep     0x00000000080025b0       0xb0 ./Core/Src/IO/BUZZER/buzzer.o
                0x00000000080025b0                beep
 .text.welcomesound
                0x0000000008002660       0x74 ./Core/Src/IO/BUZZER/buzzer.o
                0x0000000008002660                welcomesound
 .text.bno055_assignI2C
                0x00000000080026d4       0x1c ./Core/Src/IO/IMU/bno055.o
                0x00000000080026d4                bno055_assignI2C
 .text.bno055_delay
                0x00000000080026f0       0x18 ./Core/Src/IO/IMU/bno055.o
                0x00000000080026f0                bno055_delay
 .text.bno055_writeData
                0x0000000008002708      0x254 ./Core/Src/IO/IMU/bno055.o
                0x0000000008002708                bno055_writeData
 .text.bno055_readData
                0x000000000800295c       0x4c ./Core/Src/IO/IMU/bno055.o
                0x000000000800295c                bno055_readData
 .text.bno055_setPage
                0x00000000080029a8       0x20 ./Core/Src/IO/IMU/bno055.o
                0x00000000080029a8                bno055_setPage
 .text.bno055_setOperationMode
                0x00000000080029c8       0x36 ./Core/Src/IO/IMU/bno055.o
                0x00000000080029c8                bno055_setOperationMode
 .text.bno055_setOperationModeConfig
                0x00000000080029fe       0x10 ./Core/Src/IO/IMU/bno055.o
                0x00000000080029fe                bno055_setOperationModeConfig
 .text.bno055_setOperationModeNDOF
                0x0000000008002a0e       0x10 ./Core/Src/IO/IMU/bno055.o
                0x0000000008002a0e                bno055_setOperationModeNDOF
 .text.bno055_reset
                0x0000000008002a1e       0x1c ./Core/Src/IO/IMU/bno055.o
                0x0000000008002a1e                bno055_reset
 *fill*         0x0000000008002a3a        0x2 
 .text.bno055_setup
                0x0000000008002a3c       0x58 ./Core/Src/IO/IMU/bno055.o
                0x0000000008002a3c                bno055_setup
 .text.bno055_getVector
                0x0000000008002a94      0x258 ./Core/Src/IO/IMU/bno055.o
                0x0000000008002a94                bno055_getVector
 .text.bno055_getVectorEuler
                0x0000000008002cec       0x1a ./Core/Src/IO/IMU/bno055.o
                0x0000000008002cec                bno055_getVectorEuler
 *fill*         0x0000000008002d06        0x2 
 .text.checkJoystickState
                0x0000000008002d08       0xa8 ./Core/Src/IO/JOYSTICK/joystick.o
                0x0000000008002d08                checkJoystickState
 .text.updateJoystickPWM
                0x0000000008002db0       0xc6 ./Core/Src/IO/JOYSTICK/joystick.o
                0x0000000008002db0                updateJoystickPWM
 *fill*         0x0000000008002e76        0x2 
 .text.I2C_LCD_ExpanderWrite
                0x0000000008002e78       0x78 ./Core/Src/IO/LCD/lcd.o
 .text.I2C_LCD_EnPulse
                0x0000000008002ef0       0xcc ./Core/Src/IO/LCD/lcd.o
 .text.I2C_LCD_Write4Bits
                0x0000000008002fbc       0x3a ./Core/Src/IO/LCD/lcd.o
 .text.I2C_LCD_Send
                0x0000000008002ff6       0x70 ./Core/Src/IO/LCD/lcd.o
 .text.I2C_LCD_Cmd
                0x0000000008003066       0x2a ./Core/Src/IO/LCD/lcd.o
 .text.I2C_LCD_Data
                0x0000000008003090       0x2a ./Core/Src/IO/LCD/lcd.o
 *fill*         0x00000000080030ba        0x2 
 .text.I2C_LCD_Init
                0x00000000080030bc      0x198 ./Core/Src/IO/LCD/lcd.o
                0x00000000080030bc                I2C_LCD_Init
 .text.I2C_LCD_Clear
                0x0000000008003254       0x88 ./Core/Src/IO/LCD/lcd.o
                0x0000000008003254                I2C_LCD_Clear
 .text.I2C_LCD_SetCursor
                0x00000000080032dc       0xa0 ./Core/Src/IO/LCD/lcd.o
                0x00000000080032dc                I2C_LCD_SetCursor
 .text.I2C_LCD_WriteString
                0x000000000800337c       0x36 ./Core/Src/IO/LCD/lcd.o
                0x000000000800337c                I2C_LCD_WriteString
 *fill*         0x00000000080033b2        0x2 
 .text.I2C_LCD_Backlight
                0x00000000080033b4       0x34 ./Core/Src/IO/LCD/lcd.o
                0x00000000080033b4                I2C_LCD_Backlight
 .text.I2C_LCD_NoBacklight
                0x00000000080033e8       0x34 ./Core/Src/IO/LCD/lcd.o
                0x00000000080033e8                I2C_LCD_NoBacklight
 .text.I2C_LCD_Display
                0x000000000800341c       0x50 ./Core/Src/IO/LCD/lcd.o
                0x000000000800341c                I2C_LCD_Display
 .text.I2C_LCD_NoDisplay
                0x000000000800346c       0x50 ./Core/Src/IO/LCD/lcd.o
                0x000000000800346c                I2C_LCD_NoDisplay
 .text.I2C_LCD_GUIDELINE
                0x00000000080034bc      0x234 ./Core/Src/IO/LCD/lcd.o
                0x00000000080034bc                I2C_LCD_GUIDELINE
 .text.Servo_Init
                0x00000000080036f0       0xbc ./Core/Src/IO/SERVO/servo.o
                0x00000000080036f0                Servo_Init
 .text.ServoAngleChange
                0x00000000080037ac       0x62 ./Core/Src/IO/SERVO/servo.o
                0x00000000080037ac                ServoAngleChange
 *fill*         0x000000000800380e        0x2 
 .text.ServoAngleToCCR
                0x0000000008003810       0x60 ./Core/Src/IO/SERVO/servo.o
                0x0000000008003810                ServoAngleToCCR
 .text.Switch_GetState1
                0x0000000008003870       0x50 ./Core/Src/IO/SWITCH/switch.o
                0x0000000008003870                Switch_GetState1
 .text.Switch_GetState2
                0x00000000080038c0       0x50 ./Core/Src/IO/SWITCH/switch.o
                0x00000000080038c0                Switch_GetState2
 .text.Uart_Init
                0x0000000008003910       0x24 ./Core/Src/PROTOCOL/protocol.o
                0x0000000008003910                Uart_Init
 .text.Comm_UartWrite
                0x0000000008003934       0xa8 ./Core/Src/PROTOCOL/protocol.o
                0x0000000008003934                Comm_UartWrite
 .text.Uart_Handler
                0x00000000080039dc       0x9c ./Core/Src/PROTOCOL/protocol.o
                0x00000000080039dc                Uart_Handler
 .text.Check_Protocol
                0x0000000008003a78      0x280 ./Core/Src/PROTOCOL/protocol.o
                0x0000000008003a78                Check_Protocol
 .text.Send_sideMirror
                0x0000000008003cf8       0x50 ./Core/Src/PROTOCOL/protocol.o
                0x0000000008003cf8                Send_sideMirror
 .text.Check_CloseState
                0x0000000008003d48       0x50 ./Core/Src/PROTOCOL/protocol.o
                0x0000000008003d48                Check_CloseState
 .text.Check_KeyState
                0x0000000008003d98       0x50 ./Core/Src/PROTOCOL/protocol.o
                0x0000000008003d98                Check_KeyState
 .text.Receieve_UDsideMirror
                0x0000000008003de8       0x50 ./Core/Src/PROTOCOL/protocol.o
                0x0000000008003de8                Receieve_UDsideMirror
 .text.Receieve_RLsideMirror
                0x0000000008003e38       0x54 ./Core/Src/PROTOCOL/protocol.o
                0x0000000008003e38                Receieve_RLsideMirror
 .text.SideMirror_Init
                0x0000000008003e8c       0x38 ./Core/Src/SIDEMIRROR/sidemirror.o
                0x0000000008003e8c                SideMirror_Init
 .text.AdjustSideMirrorByJoystick
                0x0000000008003ec4       0x8c ./Core/Src/SIDEMIRROR/sidemirror.o
                0x0000000008003ec4                AdjustSideMirrorByJoystick
 .text.SaveCurrentPWMSettings
                0x0000000008003f50       0x34 ./Core/Src/SIDEMIRROR/sidemirror.o
                0x0000000008003f50                SaveCurrentPWMSettings
 .text.LoadUserSettings
                0x0000000008003f84       0x40 ./Core/Src/SIDEMIRROR/sidemirror.o
                0x0000000008003f84                LoadUserSettings
 .text.DisplayGuideline
                0x0000000008003fc4       0x44 ./Core/Src/SIDEMIRROR/sidemirror.o
                0x0000000008003fc4                DisplayGuideline
 .text.InitCarSetting
                0x0000000008004008       0x34 ./Core/Src/SIDEMIRROR/sidemirror.o
                0x0000000008004008                InitCarSetting
 .text.MX_ADC_Init
                0x000000000800403c       0xd0 ./Core/Src/adc.o
                0x000000000800403c                MX_ADC_Init
 .text.HAL_ADC_MspInit
                0x000000000800410c       0x8c ./Core/Src/adc.o
                0x000000000800410c                HAL_ADC_MspInit
 .text.ADC_read
                0x0000000008004198       0x58 ./Core/Src/adc.o
                0x0000000008004198                ADC_read
 .text.MX_FREERTOS_Init
                0x00000000080041f0       0x8c ./Core/Src/freertos.o
                0x00000000080041f0                MX_FREERTOS_Init
 .text.FsideMirrorTask
                0x000000000800427c       0x1c ./Core/Src/freertos.o
                0x000000000800427c                FsideMirrorTask
 .text.FheadLightTask
                0x0000000008004298       0x68 ./Core/Src/freertos.o
                0x0000000008004298                FheadLightTask
 .text.FcheckPacketTask
                0x0000000008004300      0x110 ./Core/Src/freertos.o
                0x0000000008004300                FcheckPacketTask
 .text.vTimerBlinkLEDCallback
                0x0000000008004410       0x90 ./Core/Src/freertos.o
                0x0000000008004410                vTimerBlinkLEDCallback
 .text.MX_GPIO_Init
                0x00000000080044a0      0x15c ./Core/Src/gpio.o
                0x00000000080044a0                MX_GPIO_Init
 .text.MX_I2C1_Init
                0x00000000080045fc       0x80 ./Core/Src/i2c.o
                0x00000000080045fc                MX_I2C1_Init
 .text.MX_I2C2_Init
                0x000000000800467c       0x80 ./Core/Src/i2c.o
                0x000000000800467c                MX_I2C2_Init
 .text.HAL_I2C_MspInit
                0x00000000080046fc      0x110 ./Core/Src/i2c.o
                0x00000000080046fc                HAL_I2C_MspInit
 .text.main     0x000000000800480c       0x1a ./Core/Src/main.o
                0x000000000800480c                main
 *fill*         0x0000000008004826        0x2 
 .text.SystemClock_Config
                0x0000000008004828       0xd8 ./Core/Src/main.o
                0x0000000008004828                SystemClock_Config
 .text.HAL_TIM_PeriodElapsedCallback
                0x0000000008004900       0x24 ./Core/Src/main.o
                0x0000000008004900                HAL_TIM_PeriodElapsedCallback
 .text.Error_Handler
                0x0000000008004924        0xa ./Core/Src/main.o
                0x0000000008004924                Error_Handler
 *fill*         0x000000000800492e        0x2 
 .text.HAL_MspInit
                0x0000000008004930       0x54 ./Core/Src/stm32f0xx_hal_msp.o
                0x0000000008004930                HAL_MspInit
 .text.HAL_InitTick
                0x0000000008004984      0x10c ./Core/Src/stm32f0xx_hal_timebase_tim.o
                0x0000000008004984                HAL_InitTick
 .text.NMI_Handler
                0x0000000008004a90        0x6 ./Core/Src/stm32f0xx_it.o
                0x0000000008004a90                NMI_Handler
 .text.HardFault_Handler
                0x0000000008004a96        0x6 ./Core/Src/stm32f0xx_it.o
                0x0000000008004a96                HardFault_Handler
 .text.TIM16_IRQHandler
                0x0000000008004a9c       0x18 ./Core/Src/stm32f0xx_it.o
                0x0000000008004a9c                TIM16_IRQHandler
 .text.USART3_8_IRQHandler
                0x0000000008004ab4        0xe ./Core/Src/stm32f0xx_it.o
                0x0000000008004ab4                USART3_8_IRQHandler
 .text._getpid  0x0000000008004ac2        0xc ./Core/Src/syscalls.o
                0x0000000008004ac2                _getpid
 .text._kill    0x0000000008004ace       0x20 ./Core/Src/syscalls.o
                0x0000000008004ace                _kill
 .text._exit    0x0000000008004aee       0x18 ./Core/Src/syscalls.o
                0x0000000008004aee                _exit
 .text._read    0x0000000008004b06       0x3a ./Core/Src/syscalls.o
                0x0000000008004b06                _read
 .text._write   0x0000000008004b40       0x38 ./Core/Src/syscalls.o
                0x0000000008004b40                _write
 .text._close   0x0000000008004b78       0x14 ./Core/Src/syscalls.o
                0x0000000008004b78                _close
 .text._fstat   0x0000000008004b8c       0x1c ./Core/Src/syscalls.o
                0x0000000008004b8c                _fstat
 .text._isatty  0x0000000008004ba8       0x12 ./Core/Src/syscalls.o
                0x0000000008004ba8                _isatty
 .text._lseek   0x0000000008004bba       0x16 ./Core/Src/syscalls.o
                0x0000000008004bba                _lseek
 .text._sbrk    0x0000000008004bd0       0x6c ./Core/Src/sysmem.o
                0x0000000008004bd0                _sbrk
 .text.SystemInit
                0x0000000008004c3c        0xa ./Core/Src/system_stm32f0xx.o
                0x0000000008004c3c                SystemInit
 *fill*         0x0000000008004c46        0x2 
 .text.MX_TIM1_Init
                0x0000000008004c48      0x1b8 ./Core/Src/tim.o
                0x0000000008004c48                MX_TIM1_Init
 .text.MX_TIM2_Init
                0x0000000008004e00      0x100 ./Core/Src/tim.o
                0x0000000008004e00                MX_TIM2_Init
 .text.HAL_TIM_Base_MspInit
                0x0000000008004f00       0x64 ./Core/Src/tim.o
                0x0000000008004f00                HAL_TIM_Base_MspInit
 .text.HAL_TIM_MspPostInit
                0x0000000008004f64       0xd8 ./Core/Src/tim.o
                0x0000000008004f64                HAL_TIM_MspPostInit
 .text.MX_USART3_UART_Init
                0x000000000800503c       0x60 ./Core/Src/usart.o
                0x000000000800503c                MX_USART3_UART_Init
 .text.HAL_UART_MspInit
                0x000000000800509c       0xac ./Core/Src/usart.o
                0x000000000800509c                HAL_UART_MspInit
 .text.Reset_Handler
                0x0000000008005148       0x50 ./Core/Startup/startup_stm32f091rctx.o
                0x0000000008005148                Reset_Handler
 .text.Default_Handler
                0x0000000008005198        0x2 ./Core/Startup/startup_stm32f091rctx.o
                0x0000000008005198                TIM1_CC_IRQHandler
                0x0000000008005198                TSC_IRQHandler
                0x0000000008005198                ADC1_COMP_IRQHandler
                0x0000000008005198                I2C1_IRQHandler
                0x0000000008005198                RCC_CRS_IRQHandler
                0x0000000008005198                SPI1_IRQHandler
                0x0000000008005198                TIM6_DAC_IRQHandler
                0x0000000008005198                DMA1_Ch1_IRQHandler
                0x0000000008005198                EXTI2_3_IRQHandler
                0x0000000008005198                I2C2_IRQHandler
                0x0000000008005198                TIM17_IRQHandler
                0x0000000008005198                CEC_CAN_IRQHandler
                0x0000000008005198                RTC_IRQHandler
                0x0000000008005198                PVD_VDDIO2_IRQHandler
                0x0000000008005198                TIM3_IRQHandler
                0x0000000008005198                EXTI4_15_IRQHandler
                0x0000000008005198                Default_Handler
                0x0000000008005198                TIM14_IRQHandler
                0x0000000008005198                TIM7_IRQHandler
                0x0000000008005198                TIM15_IRQHandler
                0x0000000008005198                EXTI0_1_IRQHandler
                0x0000000008005198                SPI2_IRQHandler
                0x0000000008005198                DMA1_Ch2_3_DMA2_Ch1_2_IRQHandler
                0x0000000008005198                DMA1_Ch4_7_DMA2_Ch3_5_IRQHandler
                0x0000000008005198                WWDG_IRQHandler
                0x0000000008005198                TIM2_IRQHandler
                0x0000000008005198                USART2_IRQHandler
                0x0000000008005198                FLASH_IRQHandler
                0x0000000008005198                USART1_IRQHandler
                0x0000000008005198                TIM1_BRK_UP_TRG_COM_IRQHandler
 *fill*         0x000000000800519a        0x2 
 .text.HAL_Init
                0x000000000800519c       0x28 ./Drivers/STM32F0xx_HAL_Driver/Src/stm32f0xx_hal.o
                0x000000000800519c                HAL_Init
 .text.HAL_IncTick
                0x00000000080051c4       0x24 ./Drivers/STM32F0xx_HAL_Driver/Src/stm32f0xx_hal.o
                0x00000000080051c4                HAL_IncTick
 .text.HAL_GetTick
                0x00000000080051e8       0x14 ./Drivers/STM32F0xx_HAL_Driver/Src/stm32f0xx_hal.o
                0x00000000080051e8                HAL_GetTick
 .text.HAL_Delay
                0x00000000080051fc       0x48 ./Drivers/STM32F0xx_HAL_Driver/Src/stm32f0xx_hal.o
                0x00000000080051fc                HAL_Delay
 .text.HAL_ADC_Init
                0x0000000008005244      0x280 ./Drivers/STM32F0xx_HAL_Driver/Src/stm32f0xx_hal_adc.o
                0x0000000008005244                HAL_ADC_Init
 .text.HAL_ADC_Start
                0x00000000080054c4       0xa8 ./Drivers/STM32F0xx_HAL_Driver/Src/stm32f0xx_hal_adc.o
                0x00000000080054c4                HAL_ADC_Start
 .text.HAL_ADC_PollForConversion
                0x000000000800556c      0x130 ./Drivers/STM32F0xx_HAL_Driver/Src/stm32f0xx_hal_adc.o
                0x000000000800556c                HAL_ADC_PollForConversion
 .text.HAL_ADC_GetValue
                0x000000000800569c       0x16 ./Drivers/STM32F0xx_HAL_Driver/Src/stm32f0xx_hal_adc.o
                0x000000000800569c                HAL_ADC_GetValue
 *fill*         0x00000000080056b2        0x2 
 .text.HAL_ADC_ConfigChannel
                0x00000000080056b4      0x21c ./Drivers/STM32F0xx_HAL_Driver/Src/stm32f0xx_hal_adc.o
                0x00000000080056b4                HAL_ADC_ConfigChannel
 .text.ADC_Enable
                0x00000000080058d0      0x108 ./Drivers/STM32F0xx_HAL_Driver/Src/stm32f0xx_hal_adc.o
 .text.__NVIC_EnableIRQ
                0x00000000080059d8       0x34 ./Drivers/STM32F0xx_HAL_Driver/Src/stm32f0xx_hal_cortex.o
 .text.__NVIC_SetPriority
                0x0000000008005a0c       0xdc ./Drivers/STM32F0xx_HAL_Driver/Src/stm32f0xx_hal_cortex.o
 .text.HAL_NVIC_SetPriority
                0x0000000008005ae8       0x2a ./Drivers/STM32F0xx_HAL_Driver/Src/stm32f0xx_hal_cortex.o
                0x0000000008005ae8                HAL_NVIC_SetPriority
 .text.HAL_NVIC_EnableIRQ
                0x0000000008005b12       0x20 ./Drivers/STM32F0xx_HAL_Driver/Src/stm32f0xx_hal_cortex.o
                0x0000000008005b12                HAL_NVIC_EnableIRQ
 *fill*         0x0000000008005b32        0x2 
 .text.HAL_GPIO_Init
                0x0000000008005b34      0x2f0 ./Drivers/STM32F0xx_HAL_Driver/Src/stm32f0xx_hal_gpio.o
                0x0000000008005b34                HAL_GPIO_Init
 .text.HAL_GPIO_ReadPin
                0x0000000008005e24       0x3a ./Drivers/STM32F0xx_HAL_Driver/Src/stm32f0xx_hal_gpio.o
                0x0000000008005e24                HAL_GPIO_ReadPin
 .text.HAL_GPIO_WritePin
                0x0000000008005e5e       0x3a ./Drivers/STM32F0xx_HAL_Driver/Src/stm32f0xx_hal_gpio.o
                0x0000000008005e5e                HAL_GPIO_WritePin
 .text.HAL_I2C_Init
                0x0000000008005e98      0x12c ./Drivers/STM32F0xx_HAL_Driver/Src/stm32f0xx_hal_i2c.o
                0x0000000008005e98                HAL_I2C_Init
 .text.HAL_I2C_Master_Transmit
                0x0000000008005fc4      0x210 ./Drivers/STM32F0xx_HAL_Driver/Src/stm32f0xx_hal_i2c.o
                0x0000000008005fc4                HAL_I2C_Master_Transmit
 .text.HAL_I2C_Master_Receive
                0x00000000080061d4      0x210 ./Drivers/STM32F0xx_HAL_Driver/Src/stm32f0xx_hal_i2c.o
                0x00000000080061d4                HAL_I2C_Master_Receive
 .text.HAL_I2C_GetState
                0x00000000080063e4       0x18 ./Drivers/STM32F0xx_HAL_Driver/Src/stm32f0xx_hal_i2c.o
                0x00000000080063e4                HAL_I2C_GetState
 .text.HAL_I2C_GetError
                0x00000000080063fc       0x14 ./Drivers/STM32F0xx_HAL_Driver/Src/stm32f0xx_hal_i2c.o
                0x00000000080063fc                HAL_I2C_GetError
 .text.I2C_Flush_TXDR
                0x0000000008006410       0x44 ./Drivers/STM32F0xx_HAL_Driver/Src/stm32f0xx_hal_i2c.o
 .text.I2C_WaitOnFlagUntilTimeout
                0x0000000008006454       0x9c ./Drivers/STM32F0xx_HAL_Driver/Src/stm32f0xx_hal_i2c.o
 .text.I2C_WaitOnTXISFlagUntilTimeout
                0x00000000080064f0       0x8c ./Drivers/STM32F0xx_HAL_Driver/Src/stm32f0xx_hal_i2c.o
 .text.I2C_WaitOnSTOPFlagUntilTimeout
                0x000000000800657c       0x86 ./Drivers/STM32F0xx_HAL_Driver/Src/stm32f0xx_hal_i2c.o
 *fill*         0x0000000008006602        0x2 
 .text.I2C_WaitOnRXNEFlagUntilTimeout
                0x0000000008006604      0x104 ./Drivers/STM32F0xx_HAL_Driver/Src/stm32f0xx_hal_i2c.o
 .text.I2C_IsErrorOccurred
                0x0000000008006708      0x200 ./Drivers/STM32F0xx_HAL_Driver/Src/stm32f0xx_hal_i2c.o
 .text.I2C_TransferConfig
                0x0000000008006908       0x74 ./Drivers/STM32F0xx_HAL_Driver/Src/stm32f0xx_hal_i2c.o
 .text.HAL_I2CEx_ConfigAnalogFilter
                0x000000000800697c       0x98 ./Drivers/STM32F0xx_HAL_Driver/Src/stm32f0xx_hal_i2c_ex.o
                0x000000000800697c                HAL_I2CEx_ConfigAnalogFilter
 .text.HAL_I2CEx_ConfigDigitalFilter
                0x0000000008006a14       0x98 ./Drivers/STM32F0xx_HAL_Driver/Src/stm32f0xx_hal_i2c_ex.o
                0x0000000008006a14                HAL_I2CEx_ConfigDigitalFilter
 .text.HAL_RCC_OscConfig
                0x0000000008006aac      0x70c ./Drivers/STM32F0xx_HAL_Driver/Src/stm32f0xx_hal_rcc.o
                0x0000000008006aac                HAL_RCC_OscConfig
 .text.HAL_RCC_ClockConfig
                0x00000000080071b8      0x1b4 ./Drivers/STM32F0xx_HAL_Driver/Src/stm32f0xx_hal_rcc.o
                0x00000000080071b8                HAL_RCC_ClockConfig
 .text.HAL_RCC_GetSysClockFreq
                0x000000000800736c       0xe4 ./Drivers/STM32F0xx_HAL_Driver/Src/stm32f0xx_hal_rcc.o
                0x000000000800736c                HAL_RCC_GetSysClockFreq
 .text.HAL_RCC_GetHCLKFreq
                0x0000000008007450       0x14 ./Drivers/STM32F0xx_HAL_Driver/Src/stm32f0xx_hal_rcc.o
                0x0000000008007450                HAL_RCC_GetHCLKFreq
 .text.HAL_RCC_GetPCLK1Freq
                0x0000000008007464       0x2c ./Drivers/STM32F0xx_HAL_Driver/Src/stm32f0xx_hal_rcc.o
                0x0000000008007464                HAL_RCC_GetPCLK1Freq
 .text.HAL_RCC_GetClockConfig
                0x0000000008007490       0x54 ./Drivers/STM32F0xx_HAL_Driver/Src/stm32f0xx_hal_rcc.o
                0x0000000008007490                HAL_RCC_GetClockConfig
 .text.HAL_RCCEx_PeriphCLKConfig
                0x00000000080074e4      0x200 ./Drivers/STM32F0xx_HAL_Driver/Src/stm32f0xx_hal_rcc_ex.o
                0x00000000080074e4                HAL_RCCEx_PeriphCLKConfig
 .text.HAL_TIM_Base_Init
                0x00000000080076e4       0xa0 ./Drivers/STM32F0xx_HAL_Driver/Src/stm32f0xx_hal_tim.o
                0x00000000080076e4                HAL_TIM_Base_Init
 .text.HAL_TIM_Base_Start_IT
                0x0000000008007784       0xa4 ./Drivers/STM32F0xx_HAL_Driver/Src/stm32f0xx_hal_tim.o
                0x0000000008007784                HAL_TIM_Base_Start_IT
 .text.HAL_TIM_PWM_Init
                0x0000000008007828       0xa0 ./Drivers/STM32F0xx_HAL_Driver/Src/stm32f0xx_hal_tim.o
                0x0000000008007828                HAL_TIM_PWM_Init
 .text.HAL_TIM_PWM_MspInit
                0x00000000080078c8       0x10 ./Drivers/STM32F0xx_HAL_Driver/Src/stm32f0xx_hal_tim.o
                0x00000000080078c8                HAL_TIM_PWM_MspInit
 .text.HAL_TIM_PWM_Start
                0x00000000080078d8      0x170 ./Drivers/STM32F0xx_HAL_Driver/Src/stm32f0xx_hal_tim.o
                0x00000000080078d8                HAL_TIM_PWM_Start
 .text.HAL_TIM_PWM_Stop
                0x0000000008007a48       0xf8 ./Drivers/STM32F0xx_HAL_Driver/Src/stm32f0xx_hal_tim.o
                0x0000000008007a48                HAL_TIM_PWM_Stop
 .text.HAL_TIM_IRQHandler
                0x0000000008007b40      0x22c ./Drivers/STM32F0xx_HAL_Driver/Src/stm32f0xx_hal_tim.o
                0x0000000008007b40                HAL_TIM_IRQHandler
 .text.HAL_TIM_PWM_ConfigChannel
                0x0000000008007d6c      0x18c ./Drivers/STM32F0xx_HAL_Driver/Src/stm32f0xx_hal_tim.o
                0x0000000008007d6c                HAL_TIM_PWM_ConfigChannel
 .text.HAL_TIM_ConfigClockSource
                0x0000000008007ef8      0x1a8 ./Drivers/STM32F0xx_HAL_Driver/Src/stm32f0xx_hal_tim.o
                0x0000000008007ef8                HAL_TIM_ConfigClockSource
 .text.HAL_TIM_OC_DelayElapsedCallback
                0x00000000080080a0       0x10 ./Drivers/STM32F0xx_HAL_Driver/Src/stm32f0xx_hal_tim.o
                0x00000000080080a0                HAL_TIM_OC_DelayElapsedCallback
 .text.HAL_TIM_IC_CaptureCallback
                0x00000000080080b0       0x10 ./Drivers/STM32F0xx_HAL_Driver/Src/stm32f0xx_hal_tim.o
                0x00000000080080b0                HAL_TIM_IC_CaptureCallback
 .text.HAL_TIM_PWM_PulseFinishedCallback
                0x00000000080080c0       0x10 ./Drivers/STM32F0xx_HAL_Driver/Src/stm32f0xx_hal_tim.o
                0x00000000080080c0                HAL_TIM_PWM_PulseFinishedCallback
 .text.HAL_TIM_TriggerCallback
                0x00000000080080d0       0x10 ./Drivers/STM32F0xx_HAL_Driver/Src/stm32f0xx_hal_tim.o
                0x00000000080080d0                HAL_TIM_TriggerCallback
 .text.TIM_Base_SetConfig
                0x00000000080080e0      0x100 ./Drivers/STM32F0xx_HAL_Driver/Src/stm32f0xx_hal_tim.o
                0x00000000080080e0                TIM_Base_SetConfig
 .text.TIM_OC1_SetConfig
                0x00000000080081e0      0x110 ./Drivers/STM32F0xx_HAL_Driver/Src/stm32f0xx_hal_tim.o
 .text.TIM_OC2_SetConfig
                0x00000000080082f0      0x108 ./Drivers/STM32F0xx_HAL_Driver/Src/stm32f0xx_hal_tim.o
                0x00000000080082f0                TIM_OC2_SetConfig
 .text.TIM_OC3_SetConfig
                0x00000000080083f8      0x10c ./Drivers/STM32F0xx_HAL_Driver/Src/stm32f0xx_hal_tim.o
 .text.TIM_OC4_SetConfig
                0x0000000008008504       0xd4 ./Drivers/STM32F0xx_HAL_Driver/Src/stm32f0xx_hal_tim.o
 .text.TIM_TI1_ConfigInputStage
                0x00000000080085d8       0x5c ./Drivers/STM32F0xx_HAL_Driver/Src/stm32f0xx_hal_tim.o
 .text.TIM_TI2_ConfigInputStage
                0x0000000008008634       0x64 ./Drivers/STM32F0xx_HAL_Driver/Src/stm32f0xx_hal_tim.o
 .text.TIM_ITRx_SetConfig
                0x0000000008008698       0x32 ./Drivers/STM32F0xx_HAL_Driver/Src/stm32f0xx_hal_tim.o
 *fill*         0x00000000080086ca        0x2 
 .text.TIM_ETR_SetConfig
                0x00000000080086cc       0x40 ./Drivers/STM32F0xx_HAL_Driver/Src/stm32f0xx_hal_tim.o
                0x00000000080086cc                TIM_ETR_SetConfig
 .text.TIM_CCxChannelCmd
                0x000000000800870c       0x46 ./Drivers/STM32F0xx_HAL_Driver/Src/stm32f0xx_hal_tim.o
                0x000000000800870c                TIM_CCxChannelCmd
 *fill*         0x0000000008008752        0x2 
 .text.HAL_TIMEx_MasterConfigSynchronization
                0x0000000008008754       0xbc ./Drivers/STM32F0xx_HAL_Driver/Src/stm32f0xx_hal_tim_ex.o
                0x0000000008008754                HAL_TIMEx_MasterConfigSynchronization
 .text.HAL_TIMEx_ConfigBreakDeadTime
                0x0000000008008810       0xbc ./Drivers/STM32F0xx_HAL_Driver/Src/stm32f0xx_hal_tim_ex.o
                0x0000000008008810                HAL_TIMEx_ConfigBreakDeadTime
 .text.HAL_TIMEx_CommutCallback
                0x00000000080088cc       0x10 ./Drivers/STM32F0xx_HAL_Driver/Src/stm32f0xx_hal_tim_ex.o
                0x00000000080088cc                HAL_TIMEx_CommutCallback
 .text.HAL_TIMEx_BreakCallback
                0x00000000080088dc       0x10 ./Drivers/STM32F0xx_HAL_Driver/Src/stm32f0xx_hal_tim_ex.o
                0x00000000080088dc                HAL_TIMEx_BreakCallback
 .text.HAL_UART_Init
                0x00000000080088ec       0xa8 ./Drivers/STM32F0xx_HAL_Driver/Src/stm32f0xx_hal_uart.o
                0x00000000080088ec                HAL_UART_Init
 .text.HAL_UART_Transmit
                0x0000000008008994      0x140 ./Drivers/STM32F0xx_HAL_Driver/Src/stm32f0xx_hal_uart.o
                0x0000000008008994                HAL_UART_Transmit
 .text.HAL_UART_Receive_IT
                0x0000000008008ad4       0xae ./Drivers/STM32F0xx_HAL_Driver/Src/stm32f0xx_hal_uart.o
                0x0000000008008ad4                HAL_UART_Receive_IT
 .text.HAL_UART_RxCpltCallback
                0x0000000008008b82       0x10 ./Drivers/STM32F0xx_HAL_Driver/Src/stm32f0xx_hal_uart.o
                0x0000000008008b82                HAL_UART_RxCpltCallback
 .text.HAL_UARTEx_RxEventCallback
                0x0000000008008b92       0x16 ./Drivers/STM32F0xx_HAL_Driver/Src/stm32f0xx_hal_uart.o
                0x0000000008008b92                HAL_UARTEx_RxEventCallback
 .text.UART_SetConfig
                0x0000000008008ba8      0x3d0 ./Drivers/STM32F0xx_HAL_Driver/Src/stm32f0xx_hal_uart.o
                0x0000000008008ba8                UART_SetConfig
 .text.UART_AdvFeatureConfig
                0x0000000008008f78      0x168 ./Drivers/STM32F0xx_HAL_Driver/Src/stm32f0xx_hal_uart.o
                0x0000000008008f78                UART_AdvFeatureConfig
 .text.UART_CheckIdleState
                0x00000000080090e0      0x150 ./Drivers/STM32F0xx_HAL_Driver/Src/stm32f0xx_hal_uart.o
                0x00000000080090e0                UART_CheckIdleState
 .text.UART_WaitOnFlagUntilTimeout
                0x0000000008009230       0xd2 ./Drivers/STM32F0xx_HAL_Driver/Src/stm32f0xx_hal_uart.o
                0x0000000008009230                UART_WaitOnFlagUntilTimeout
 *fill*         0x0000000008009302        0x2 
 .text.UART_Start_Receive_IT
                0x0000000008009304      0x194 ./Drivers/STM32F0xx_HAL_Driver/Src/stm32f0xx_hal_uart.o
                0x0000000008009304                UART_Start_Receive_IT
 .text.UART_EndRxTransfer
                0x0000000008009498       0xc8 ./Drivers/STM32F0xx_HAL_Driver/Src/stm32f0xx_hal_uart.o
 .text.UART_RxISR_8BIT
                0x0000000008009560      0x1b8 ./Drivers/STM32F0xx_HAL_Driver/Src/stm32f0xx_hal_uart.o
 .text.UART_RxISR_16BIT
                0x0000000008009718      0x1b8 ./Drivers/STM32F0xx_HAL_Driver/Src/stm32f0xx_hal_uart.o
 .text.osKernelInitialize
                0x00000000080098d0       0x58 ./Middlewares/Third_Party/FreeRTOS/Source/CMSIS_RTOS_V2/cmsis_os2.o
                0x00000000080098d0                osKernelInitialize
 .text.osKernelStart
                0x0000000008009928       0x5c ./Middlewares/Third_Party/FreeRTOS/Source/CMSIS_RTOS_V2/cmsis_os2.o
                0x0000000008009928                osKernelStart
 .text.osThreadNew
                0x0000000008009984      0x150 ./Middlewares/Third_Party/FreeRTOS/Source/CMSIS_RTOS_V2/cmsis_os2.o
                0x0000000008009984                osThreadNew
 .text.osDelay  0x0000000008009ad4       0x50 ./Middlewares/Third_Party/FreeRTOS/Source/CMSIS_RTOS_V2/cmsis_os2.o
                0x0000000008009ad4                osDelay
 .text.vApplicationGetIdleTaskMemory
                0x0000000008009b24       0x30 ./Middlewares/Third_Party/FreeRTOS/Source/CMSIS_RTOS_V2/cmsis_os2.o
                0x0000000008009b24                vApplicationGetIdleTaskMemory
 .text.vApplicationGetTimerTaskMemory
                0x0000000008009b54       0x30 ./Middlewares/Third_Party/FreeRTOS/Source/CMSIS_RTOS_V2/cmsis_os2.o
                0x0000000008009b54                vApplicationGetTimerTaskMemory
 .text.vListInitialise
                0x0000000008009b84       0x3c ./Middlewares/Third_Party/FreeRTOS/Source/list.o
                0x0000000008009b84                vListInitialise
 .text.vListInitialiseItem
                0x0000000008009bc0       0x16 ./Middlewares/Third_Party/FreeRTOS/Source/list.o
                0x0000000008009bc0                vListInitialiseItem
 .text.vListInsertEnd
                0x0000000008009bd6       0x44 ./Middlewares/Third_Party/FreeRTOS/Source/list.o
                0x0000000008009bd6                vListInsertEnd
 .text.vListInsert
                0x0000000008009c1a       0x6c ./Middlewares/Third_Party/FreeRTOS/Source/list.o
                0x0000000008009c1a                vListInsert
 .text.uxListRemove
                0x0000000008009c86       0x50 ./Middlewares/Third_Party/FreeRTOS/Source/list.o
                0x0000000008009c86                uxListRemove
 .text.xQueueGenericReset
                0x0000000008009cd6       0xa8 ./Middlewares/Third_Party/FreeRTOS/Source/queue.o
                0x0000000008009cd6                xQueueGenericReset
 .text.xQueueGenericCreateStatic
                0x0000000008009d7e       0x96 ./Middlewares/Third_Party/FreeRTOS/Source/queue.o
                0x0000000008009d7e                xQueueGenericCreateStatic
 .text.prvInitialiseNewQueue
                0x0000000008009e14       0x4e ./Middlewares/Third_Party/FreeRTOS/Source/queue.o
 .text.xQueueGenericSend
                0x0000000008009e62      0x188 ./Middlewares/Third_Party/FreeRTOS/Source/queue.o
                0x0000000008009e62                xQueueGenericSend
 .text.xQueueGenericSendFromISR
                0x0000000008009fea       0xe2 ./Middlewares/Third_Party/FreeRTOS/Source/queue.o
                0x0000000008009fea                xQueueGenericSendFromISR
 .text.xQueueReceive
                0x000000000800a0cc      0x16a ./Middlewares/Third_Party/FreeRTOS/Source/queue.o
                0x000000000800a0cc                xQueueReceive
 .text.prvCopyDataToQueue
                0x000000000800a236       0xd6 ./Middlewares/Third_Party/FreeRTOS/Source/queue.o
 .text.prvCopyDataFromQueue
                0x000000000800a30c       0x4c ./Middlewares/Third_Party/FreeRTOS/Source/queue.o
 .text.prvUnlockQueue
                0x000000000800a358       0xbc ./Middlewares/Third_Party/FreeRTOS/Source/queue.o
 .text.prvIsQueueEmpty
                0x000000000800a414       0x2c ./Middlewares/Third_Party/FreeRTOS/Source/queue.o
 .text.prvIsQueueFull
                0x000000000800a440       0x30 ./Middlewares/Third_Party/FreeRTOS/Source/queue.o
 .text.vQueueAddToRegistry
                0x000000000800a470       0x50 ./Middlewares/Third_Party/FreeRTOS/Source/queue.o
                0x000000000800a470                vQueueAddToRegistry
 .text.vQueueWaitForMessageRestricted
                0x000000000800a4c0       0x66 ./Middlewares/Third_Party/FreeRTOS/Source/queue.o
                0x000000000800a4c0                vQueueWaitForMessageRestricted
 .text.xTaskCreateStatic
                0x000000000800a526       0x86 ./Middlewares/Third_Party/FreeRTOS/Source/tasks.o
                0x000000000800a526                xTaskCreateStatic
 .text.xTaskCreate
                0x000000000800a5ac       0x98 ./Middlewares/Third_Party/FreeRTOS/Source/tasks.o
                0x000000000800a5ac                xTaskCreate
 .text.prvInitialiseNewTask
                0x000000000800a644      0x130 ./Middlewares/Third_Party/FreeRTOS/Source/tasks.o
 .text.prvAddNewTaskToReadyList
                0x000000000800a774       0xd0 ./Middlewares/Third_Party/FreeRTOS/Source/tasks.o
 .text.vTaskDelay
                0x000000000800a844       0x4c ./Middlewares/Third_Party/FreeRTOS/Source/tasks.o
                0x000000000800a844                vTaskDelay
 .text.vTaskStartScheduler
                0x000000000800a890       0xbc ./Middlewares/Third_Party/FreeRTOS/Source/tasks.o
                0x000000000800a890                vTaskStartScheduler
 .text.vTaskSuspendAll
                0x000000000800a94c       0x18 ./Middlewares/Third_Party/FreeRTOS/Source/tasks.o
                0x000000000800a94c                vTaskSuspendAll
 .text.xTaskResumeAll
                0x000000000800a964      0x118 ./Middlewares/Third_Party/FreeRTOS/Source/tasks.o
                0x000000000800a964                xTaskResumeAll
 .text.xTaskGetTickCount
                0x000000000800aa7c       0x1c ./Middlewares/Third_Party/FreeRTOS/Source/tasks.o
                0x000000000800aa7c                xTaskGetTickCount
 .text.xTaskIncrementTick
                0x000000000800aa98      0x168 ./Middlewares/Third_Party/FreeRTOS/Source/tasks.o
                0x000000000800aa98                xTaskIncrementTick
 .text.vTaskSwitchContext
                0x000000000800ac00       0xb4 ./Middlewares/Third_Party/FreeRTOS/Source/tasks.o
                0x000000000800ac00                vTaskSwitchContext
 .text.vTaskPlaceOnEventList
                0x000000000800acb4       0x3c ./Middlewares/Third_Party/FreeRTOS/Source/tasks.o
                0x000000000800acb4                vTaskPlaceOnEventList
 .text.vTaskPlaceOnEventListRestricted
                0x000000000800acf0       0x4c ./Middlewares/Third_Party/FreeRTOS/Source/tasks.o
                0x000000000800acf0                vTaskPlaceOnEventListRestricted
 .text.xTaskRemoveFromEventList
                0x000000000800ad3c       0xb8 ./Middlewares/Third_Party/FreeRTOS/Source/tasks.o
                0x000000000800ad3c                xTaskRemoveFromEventList
 .text.vTaskInternalSetTimeOutState
                0x000000000800adf4       0x28 ./Middlewares/Third_Party/FreeRTOS/Source/tasks.o
                0x000000000800adf4                vTaskInternalSetTimeOutState
 .text.xTaskCheckForTimeOut
                0x000000000800ae1c       0xa0 ./Middlewares/Third_Party/FreeRTOS/Source/tasks.o
                0x000000000800ae1c                xTaskCheckForTimeOut
 .text.vTaskMissedYield
                0x000000000800aebc       0x14 ./Middlewares/Third_Party/FreeRTOS/Source/tasks.o
                0x000000000800aebc                vTaskMissedYield
 .text.prvIdleTask
                0x000000000800aed0       0x20 ./Middlewares/Third_Party/FreeRTOS/Source/tasks.o
 .text.prvInitialiseTaskLists
                0x000000000800aef0       0x88 ./Middlewares/Third_Party/FreeRTOS/Source/tasks.o
 .text.prvCheckTasksWaitingTermination
                0x000000000800af78       0x5c ./Middlewares/Third_Party/FreeRTOS/Source/tasks.o
 .text.prvDeleteTCB
                0x000000000800afd4       0x5a ./Middlewares/Third_Party/FreeRTOS/Source/tasks.o
 *fill*         0x000000000800b02e        0x2 
 .text.prvResetNextTaskUnblockTime
                0x000000000800b030       0x48 ./Middlewares/Third_Party/FreeRTOS/Source/tasks.o
 .text.xTaskGetSchedulerState
                0x000000000800b078       0x38 ./Middlewares/Third_Party/FreeRTOS/Source/tasks.o
                0x000000000800b078                xTaskGetSchedulerState
 .text.xTaskPriorityDisinherit
                0x000000000800b0b0       0xb8 ./Middlewares/Third_Party/FreeRTOS/Source/tasks.o
                0x000000000800b0b0                xTaskPriorityDisinherit
 .text.prvAddCurrentTaskToDelayedList
                0x000000000800b168       0xa8 ./Middlewares/Third_Party/FreeRTOS/Source/tasks.o
 .text.xTimerCreateTimerTask
                0x000000000800b210       0x7c ./Middlewares/Third_Party/FreeRTOS/Source/timers.o
                0x000000000800b210                xTimerCreateTimerTask
 .text.xTimerCreate
                0x000000000800b28c       0x46 ./Middlewares/Third_Party/FreeRTOS/Source/timers.o
                0x000000000800b28c                xTimerCreate
 .text.prvInitialiseNewTimer
                0x000000000800b2d2       0x52 ./Middlewares/Third_Party/FreeRTOS/Source/timers.o
 .text.xTimerGenericCommand
                0x000000000800b324       0x94 ./Middlewares/Third_Party/FreeRTOS/Source/timers.o
                0x000000000800b324                xTimerGenericCommand
 .text.prvProcessExpiredTimer
                0x000000000800b3b8       0x70 ./Middlewares/Third_Party/FreeRTOS/Source/timers.o
 .text.prvTimerTask
                0x000000000800b428       0x28 ./Middlewares/Third_Party/FreeRTOS/Source/timers.o
 .text.prvProcessTimerOrBlockTask
                0x000000000800b450       0x8c ./Middlewares/Third_Party/FreeRTOS/Source/timers.o
 .text.prvGetNextExpireTime
                0x000000000800b4dc       0x40 ./Middlewares/Third_Party/FreeRTOS/Source/timers.o
 .text.prvSampleTimeNow
                0x000000000800b51c       0x40 ./Middlewares/Third_Party/FreeRTOS/Source/timers.o
 .text.prvInsertTimerInActiveList
                0x000000000800b55c       0x84 ./Middlewares/Third_Party/FreeRTOS/Source/timers.o
 .text.prvProcessReceivedCommands
                0x000000000800b5e0      0x130 ./Middlewares/Third_Party/FreeRTOS/Source/timers.o
 .text.prvSwitchTimerLists
                0x000000000800b710       0xb4 ./Middlewares/Third_Party/FreeRTOS/Source/timers.o
 .text.prvCheckForValidListAndQueue
                0x000000000800b7c4       0x84 ./Middlewares/Third_Party/FreeRTOS/Source/timers.o
 .text.xTimerIsTimerActive
                0x000000000800b848       0x34 ./Middlewares/Third_Party/FreeRTOS/Source/timers.o
                0x000000000800b848                xTimerIsTimerActive
 .text.pxPortInitialiseStack
                0x000000000800b87c       0x54 ./Middlewares/Third_Party/FreeRTOS/Source/portable/GCC/ARM_CM0/port.o
                0x000000000800b87c                pxPortInitialiseStack
 .text.prvTaskExitError
                0x000000000800b8d0       0x30 ./Middlewares/Third_Party/FreeRTOS/Source/portable/GCC/ARM_CM0/port.o
 .text.SVC_Handler
                0x000000000800b900        0xa ./Middlewares/Third_Party/FreeRTOS/Source/portable/GCC/ARM_CM0/port.o
                0x000000000800b900                SVC_Handler
 *fill*         0x000000000800b90a        0x6 
 .text.vPortStartFirstTask
                0x000000000800b910       0x38 ./Middlewares/Third_Party/FreeRTOS/Source/portable/GCC/ARM_CM0/port.o
 .text.xPortStartScheduler
                0x000000000800b948       0x48 ./Middlewares/Third_Party/FreeRTOS/Source/portable/GCC/ARM_CM0/port.o
                0x000000000800b948                xPortStartScheduler
 .text.vPortYield
                0x000000000800b990       0x20 ./Middlewares/Third_Party/FreeRTOS/Source/portable/GCC/ARM_CM0/port.o
                0x000000000800b990                vPortYield
 .text.vPortEnterCritical
                0x000000000800b9b0       0x24 ./Middlewares/Third_Party/FreeRTOS/Source/portable/GCC/ARM_CM0/port.o
                0x000000000800b9b0                vPortEnterCritical
 .text.vPortExitCritical
                0x000000000800b9d4       0x30 ./Middlewares/Third_Party/FreeRTOS/Source/portable/GCC/ARM_CM0/port.o
                0x000000000800b9d4                vPortExitCritical
 .text.ulSetInterruptMaskFromISR
                0x000000000800ba04        0xc ./Middlewares/Third_Party/FreeRTOS/Source/portable/GCC/ARM_CM0/port.o
                0x000000000800ba04                ulSetInterruptMaskFromISR
 .text.vClearInterruptMaskFromISR
                0x000000000800ba10        0x8 ./Middlewares/Third_Party/FreeRTOS/Source/portable/GCC/ARM_CM0/port.o
                0x000000000800ba10                vClearInterruptMaskFromISR
 *fill*         0x000000000800ba18        0x8 
 .text.PendSV_Handler
                0x000000000800ba20       0x48 ./Middlewares/Third_Party/FreeRTOS/Source/portable/GCC/ARM_CM0/port.o
                0x000000000800ba20                PendSV_Handler
 .text.SysTick_Handler
                0x000000000800ba68       0x34 ./Middlewares/Third_Party/FreeRTOS/Source/portable/GCC/ARM_CM0/port.o
                0x000000000800ba68                SysTick_Handler
 .text.prvSetupTimerInterrupt
                0x000000000800ba9c       0x44 ./Middlewares/Third_Party/FreeRTOS/Source/portable/GCC/ARM_CM0/port.o
 .text.pvPortMalloc
                0x000000000800bae0      0x14c ./Middlewares/Third_Party/FreeRTOS/Source/portable/MemMang/heap_4.o
                0x000000000800bae0                pvPortMalloc
 .text.vPortFree
                0x000000000800bc2c       0x90 ./Middlewares/Third_Party/FreeRTOS/Source/portable/MemMang/heap_4.o
                0x000000000800bc2c                vPortFree
 .text.prvHeapInit
                0x000000000800bcbc       0xc0 ./Middlewares/Third_Party/FreeRTOS/Source/portable/MemMang/heap_4.o
 .text.prvInsertBlockIntoFreeList
                0x000000000800bd7c       0xb0 ./Middlewares/Third_Party/FreeRTOS/Source/portable/MemMang/heap_4.o
 .text.__cvt    0x000000000800be2c       0xc6 C:/1_ST/STM32CubeIDE_1.14.1/STM32CubeIDE/plugins/com.st.stm32cube.ide.mcu.externaltools.gnu-tools-for-stm32.11.3.rel1.win32_1.1.100.202309141235/tools/bin/../lib/gcc/arm-none-eabi/11.3.1/../../../../arm-none-eabi/lib/thumb/v6-m/nofp\libc_nano.a(libc_a-nano-vfprintf_float.o)
                0x000000000800be2c                __cvt
 .text.__exponent
                0x000000000800bef2       0x8a C:/1_ST/STM32CubeIDE_1.14.1/STM32CubeIDE/plugins/com.st.stm32cube.ide.mcu.externaltools.gnu-tools-for-stm32.11.3.rel1.win32_1.1.100.202309141235/tools/bin/../lib/gcc/arm-none-eabi/11.3.1/../../../../arm-none-eabi/lib/thumb/v6-m/nofp\libc_nano.a(libc_a-nano-vfprintf_float.o)
                0x000000000800bef2                __exponent
 .text._printf_float
                0x000000000800bf7c      0x4ac C:/1_ST/STM32CubeIDE_1.14.1/STM32CubeIDE/plugins/com.st.stm32cube.ide.mcu.externaltools.gnu-tools-for-stm32.11.3.rel1.win32_1.1.100.202309141235/tools/bin/../lib/gcc/arm-none-eabi/11.3.1/../../../../arm-none-eabi/lib/thumb/v6-m/nofp\libc_nano.a(libc_a-nano-vfprintf_float.o)
                0x000000000800bf7c                _printf_float
 .text._printf_common
                0x000000000800c428       0xde C:/1_ST/STM32CubeIDE_1.14.1/STM32CubeIDE/plugins/com.st.stm32cube.ide.mcu.externaltools.gnu-tools-for-stm32.11.3.rel1.win32_1.1.100.202309141235/tools/bin/../lib/gcc/arm-none-eabi/11.3.1/../../../../arm-none-eabi/lib/thumb/v6-m/nofp\libc_nano.a(libc_a-nano-vfprintf_i.o)
                0x000000000800c428                _printf_common
 *fill*         0x000000000800c506        0x2 
 .text._printf_i
                0x000000000800c508      0x220 C:/1_ST/STM32CubeIDE_1.14.1/STM32CubeIDE/plugins/com.st.stm32cube.ide.mcu.externaltools.gnu-tools-for-stm32.11.3.rel1.win32_1.1.100.202309141235/tools/bin/../lib/gcc/arm-none-eabi/11.3.1/../../../../arm-none-eabi/lib/thumb/v6-m/nofp\libc_nano.a(libc_a-nano-vfprintf_i.o)
                0x000000000800c508                _printf_i
 .text._scanf_float
                0x000000000800c728      0x410 C:/1_ST/STM32CubeIDE_1.14.1/STM32CubeIDE/plugins/com.st.stm32cube.ide.mcu.externaltools.gnu-tools-for-stm32.11.3.rel1.win32_1.1.100.202309141235/tools/bin/../lib/gcc/arm-none-eabi/11.3.1/../../../../arm-none-eabi/lib/thumb/v6-m/nofp\libc_nano.a(libc_a-nano-vfscanf_float.o)
                0x000000000800c728                _scanf_float
 .text.std      0x000000000800cb38       0x6c C:/1_ST/STM32CubeIDE_1.14.1/STM32CubeIDE/plugins/com.st.stm32cube.ide.mcu.externaltools.gnu-tools-for-stm32.11.3.rel1.win32_1.1.100.202309141235/tools/bin/../lib/gcc/arm-none-eabi/11.3.1/../../../../arm-none-eabi/lib/thumb/v6-m/nofp\libc_nano.a(libc_a-findfp.o)
 .text.stdio_exit_handler
                0x000000000800cba4       0x1c C:/1_ST/STM32CubeIDE_1.14.1/STM32CubeIDE/plugins/com.st.stm32cube.ide.mcu.externaltools.gnu-tools-for-stm32.11.3.rel1.win32_1.1.100.202309141235/tools/bin/../lib/gcc/arm-none-eabi/11.3.1/../../../../arm-none-eabi/lib/thumb/v6-m/nofp\libc_nano.a(libc_a-findfp.o)
 .text.cleanup_stdio
                0x000000000800cbc0       0x3c C:/1_ST/STM32CubeIDE_1.14.1/STM32CubeIDE/plugins/com.st.stm32cube.ide.mcu.externaltools.gnu-tools-for-stm32.11.3.rel1.win32_1.1.100.202309141235/tools/bin/../lib/gcc/arm-none-eabi/11.3.1/../../../../arm-none-eabi/lib/thumb/v6-m/nofp\libc_nano.a(libc_a-findfp.o)
 .text.global_stdio_init.part.0
                0x000000000800cbfc       0x3c C:/1_ST/STM32CubeIDE_1.14.1/STM32CubeIDE/plugins/com.st.stm32cube.ide.mcu.externaltools.gnu-tools-for-stm32.11.3.rel1.win32_1.1.100.202309141235/tools/bin/../lib/gcc/arm-none-eabi/11.3.1/../../../../arm-none-eabi/lib/thumb/v6-m/nofp\libc_nano.a(libc_a-findfp.o)
 .text.__sfp_lock_acquire
                0x000000000800cc38       0x10 C:/1_ST/STM32CubeIDE_1.14.1/STM32CubeIDE/plugins/com.st.stm32cube.ide.mcu.externaltools.gnu-tools-for-stm32.11.3.rel1.win32_1.1.100.202309141235/tools/bin/../lib/gcc/arm-none-eabi/11.3.1/../../../../arm-none-eabi/lib/thumb/v6-m/nofp\libc_nano.a(libc_a-findfp.o)
                0x000000000800cc38                __sfp_lock_acquire
 .text.__sfp_lock_release
                0x000000000800cc48       0x10 C:/1_ST/STM32CubeIDE_1.14.1/STM32CubeIDE/plugins/com.st.stm32cube.ide.mcu.externaltools.gnu-tools-for-stm32.11.3.rel1.win32_1.1.100.202309141235/tools/bin/../lib/gcc/arm-none-eabi/11.3.1/../../../../arm-none-eabi/lib/thumb/v6-m/nofp\libc_nano.a(libc_a-findfp.o)
                0x000000000800cc48                __sfp_lock_release
 .text.__sinit  0x000000000800cc58       0x30 C:/1_ST/STM32CubeIDE_1.14.1/STM32CubeIDE/plugins/com.st.stm32cube.ide.mcu.externaltools.gnu-tools-for-stm32.11.3.rel1.win32_1.1.100.202309141235/tools/bin/../lib/gcc/arm-none-eabi/11.3.1/../../../../arm-none-eabi/lib/thumb/v6-m/nofp\libc_nano.a(libc_a-findfp.o)
                0x000000000800cc58                __sinit
 .text._fwalk_sglue
                0x000000000800cc88       0x38 C:/1_ST/STM32CubeIDE_1.14.1/STM32CubeIDE/plugins/com.st.stm32cube.ide.mcu.externaltools.gnu-tools-for-stm32.11.3.rel1.win32_1.1.100.202309141235/tools/bin/../lib/gcc/arm-none-eabi/11.3.1/../../../../arm-none-eabi/lib/thumb/v6-m/nofp\libc_nano.a(libc_a-fwalk.o)
                0x000000000800cc88                _fwalk_sglue
 .text.printf   0x000000000800ccc0       0x20 C:/1_ST/STM32CubeIDE_1.14.1/STM32CubeIDE/plugins/com.st.stm32cube.ide.mcu.externaltools.gnu-tools-for-stm32.11.3.rel1.win32_1.1.100.202309141235/tools/bin/../lib/gcc/arm-none-eabi/11.3.1/../../../../arm-none-eabi/lib/thumb/v6-m/nofp\libc_nano.a(libc_a-printf.o)
                0x000000000800ccc0                iprintf
                0x000000000800ccc0                printf
 .text._puts_r  0x000000000800cce0       0xac C:/1_ST/STM32CubeIDE_1.14.1/STM32CubeIDE/plugins/com.st.stm32cube.ide.mcu.externaltools.gnu-tools-for-stm32.11.3.rel1.win32_1.1.100.202309141235/tools/bin/../lib/gcc/arm-none-eabi/11.3.1/../../../../arm-none-eabi/lib/thumb/v6-m/nofp\libc_nano.a(libc_a-puts.o)
                0x000000000800cce0                _puts_r
 .text.puts     0x000000000800cd8c       0x14 C:/1_ST/STM32CubeIDE_1.14.1/STM32CubeIDE/plugins/com.st.stm32cube.ide.mcu.externaltools.gnu-tools-for-stm32.11.3.rel1.win32_1.1.100.202309141235/tools/bin/../lib/gcc/arm-none-eabi/11.3.1/../../../../arm-none-eabi/lib/thumb/v6-m/nofp\libc_nano.a(libc_a-puts.o)
                0x000000000800cd8c                puts
 .text.sprintf  0x000000000800cda0       0x40 C:/1_ST/STM32CubeIDE_1.14.1/STM32CubeIDE/plugins/com.st.stm32cube.ide.mcu.externaltools.gnu-tools-for-stm32.11.3.rel1.win32_1.1.100.202309141235/tools/bin/../lib/gcc/arm-none-eabi/11.3.1/../../../../arm-none-eabi/lib/thumb/v6-m/nofp\libc_nano.a(libc_a-sprintf.o)
                0x000000000800cda0                siprintf
                0x000000000800cda0                sprintf
 .text.__sread  0x000000000800cde0       0x28 C:/1_ST/STM32CubeIDE_1.14.1/STM32CubeIDE/plugins/com.st.stm32cube.ide.mcu.externaltools.gnu-tools-for-stm32.11.3.rel1.win32_1.1.100.202309141235/tools/bin/../lib/gcc/arm-none-eabi/11.3.1/../../../../arm-none-eabi/lib/thumb/v6-m/nofp\libc_nano.a(libc_a-stdio.o)
                0x000000000800cde0                __sread
 .text.__swrite
                0x000000000800ce08       0x38 C:/1_ST/STM32CubeIDE_1.14.1/STM32CubeIDE/plugins/com.st.stm32cube.ide.mcu.externaltools.gnu-tools-for-stm32.11.3.rel1.win32_1.1.100.202309141235/tools/bin/../lib/gcc/arm-none-eabi/11.3.1/../../../../arm-none-eabi/lib/thumb/v6-m/nofp\libc_nano.a(libc_a-stdio.o)
                0x000000000800ce08                __swrite
 .text.__sseek  0x000000000800ce40       0x2c C:/1_ST/STM32CubeIDE_1.14.1/STM32CubeIDE/plugins/com.st.stm32cube.ide.mcu.externaltools.gnu-tools-for-stm32.11.3.rel1.win32_1.1.100.202309141235/tools/bin/../lib/gcc/arm-none-eabi/11.3.1/../../../../arm-none-eabi/lib/thumb/v6-m/nofp\libc_nano.a(libc_a-stdio.o)
                0x000000000800ce40                __sseek
 .text.__sclose
                0x000000000800ce6c        0xc C:/1_ST/STM32CubeIDE_1.14.1/STM32CubeIDE/plugins/com.st.stm32cube.ide.mcu.externaltools.gnu-tools-for-stm32.11.3.rel1.win32_1.1.100.202309141235/tools/bin/../lib/gcc/arm-none-eabi/11.3.1/../../../../arm-none-eabi/lib/thumb/v6-m/nofp\libc_nano.a(libc_a-stdio.o)
                0x000000000800ce6c                __sclose
 .text.__swbuf_r
                0x000000000800ce78       0x84 C:/1_ST/STM32CubeIDE_1.14.1/STM32CubeIDE/plugins/com.st.stm32cube.ide.mcu.externaltools.gnu-tools-for-stm32.11.3.rel1.win32_1.1.100.202309141235/tools/bin/../lib/gcc/arm-none-eabi/11.3.1/../../../../arm-none-eabi/lib/thumb/v6-m/nofp\libc_nano.a(libc_a-wbuf.o)
                0x000000000800ce78                __swbuf_r
 .text.__swsetup_r
                0x000000000800cefc       0xc8 C:/1_ST/STM32CubeIDE_1.14.1/STM32CubeIDE/plugins/com.st.stm32cube.ide.mcu.externaltools.gnu-tools-for-stm32.11.3.rel1.win32_1.1.100.202309141235/tools/bin/../lib/gcc/arm-none-eabi/11.3.1/../../../../arm-none-eabi/lib/thumb/v6-m/nofp\libc_nano.a(libc_a-wsetup.o)
                0x000000000800cefc                __swsetup_r
 .text.memset   0x000000000800cfc4       0x10 C:/1_ST/STM32CubeIDE_1.14.1/STM32CubeIDE/plugins/com.st.stm32cube.ide.mcu.externaltools.gnu-tools-for-stm32.11.3.rel1.win32_1.1.100.202309141235/tools/bin/../lib/gcc/arm-none-eabi/11.3.1/../../../../arm-none-eabi/lib/thumb/v6-m/nofp\libc_nano.a(libc_a-memset.o)
                0x000000000800cfc4                memset
 .text.strncmp  0x000000000800cfd4       0x22 C:/1_ST/STM32CubeIDE_1.14.1/STM32CubeIDE/plugins/com.st.stm32cube.ide.mcu.externaltools.gnu-tools-for-stm32.11.3.rel1.win32_1.1.100.202309141235/tools/bin/../lib/gcc/arm-none-eabi/11.3.1/../../../../arm-none-eabi/lib/thumb/v6-m/nofp\libc_nano.a(libc_a-strncmp.o)
                0x000000000800cfd4                strncmp
 *fill*         0x000000000800cff6        0x2 
 .text._localeconv_r
                0x000000000800cff8        0x8 C:/1_ST/STM32CubeIDE_1.14.1/STM32CubeIDE/plugins/com.st.stm32cube.ide.mcu.externaltools.gnu-tools-for-stm32.11.3.rel1.win32_1.1.100.202309141235/tools/bin/../lib/gcc/arm-none-eabi/11.3.1/../../../../arm-none-eabi/lib/thumb/v6-m/nofp\libc_nano.a(libc_a-localeconv.o)
                0x000000000800cff8                _localeconv_r
 .text._close_r
                0x000000000800d000       0x24 C:/1_ST/STM32CubeIDE_1.14.1/STM32CubeIDE/plugins/com.st.stm32cube.ide.mcu.externaltools.gnu-tools-for-stm32.11.3.rel1.win32_1.1.100.202309141235/tools/bin/../lib/gcc/arm-none-eabi/11.3.1/../../../../arm-none-eabi/lib/thumb/v6-m/nofp\libc_nano.a(libc_a-closer.o)
                0x000000000800d000                _close_r
 .text._reclaim_reent
                0x000000000800d024       0xbc C:/1_ST/STM32CubeIDE_1.14.1/STM32CubeIDE/plugins/com.st.stm32cube.ide.mcu.externaltools.gnu-tools-for-stm32.11.3.rel1.win32_1.1.100.202309141235/tools/bin/../lib/gcc/arm-none-eabi/11.3.1/../../../../arm-none-eabi/lib/thumb/v6-m/nofp\libc_nano.a(libc_a-reent.o)
                0x000000000800d024                _reclaim_reent
 .text._lseek_r
                0x000000000800d0e0       0x28 C:/1_ST/STM32CubeIDE_1.14.1/STM32CubeIDE/plugins/com.st.stm32cube.ide.mcu.externaltools.gnu-tools-for-stm32.11.3.rel1.win32_1.1.100.202309141235/tools/bin/../lib/gcc/arm-none-eabi/11.3.1/../../../../arm-none-eabi/lib/thumb/v6-m/nofp\libc_nano.a(libc_a-lseekr.o)
                0x000000000800d0e0                _lseek_r
 .text._read_r  0x000000000800d108       0x28 C:/1_ST/STM32CubeIDE_1.14.1/STM32CubeIDE/plugins/com.st.stm32cube.ide.mcu.externaltools.gnu-tools-for-stm32.11.3.rel1.win32_1.1.100.202309141235/tools/bin/../lib/gcc/arm-none-eabi/11.3.1/../../../../arm-none-eabi/lib/thumb/v6-m/nofp\libc_nano.a(libc_a-readr.o)
                0x000000000800d108                _read_r
 .text._write_r
                0x000000000800d130       0x28 C:/1_ST/STM32CubeIDE_1.14.1/STM32CubeIDE/plugins/com.st.stm32cube.ide.mcu.externaltools.gnu-tools-for-stm32.11.3.rel1.win32_1.1.100.202309141235/tools/bin/../lib/gcc/arm-none-eabi/11.3.1/../../../../arm-none-eabi/lib/thumb/v6-m/nofp\libc_nano.a(libc_a-writer.o)
                0x000000000800d130                _write_r
 .text.__errno  0x000000000800d158        0xc C:/1_ST/STM32CubeIDE_1.14.1/STM32CubeIDE/plugins/com.st.stm32cube.ide.mcu.externaltools.gnu-tools-for-stm32.11.3.rel1.win32_1.1.100.202309141235/tools/bin/../lib/gcc/arm-none-eabi/11.3.1/../../../../arm-none-eabi/lib/thumb/v6-m/nofp\libc_nano.a(libc_a-errno.o)
                0x000000000800d158                __errno
 .text.__libc_init_array
                0x000000000800d164       0x48 C:/1_ST/STM32CubeIDE_1.14.1/STM32CubeIDE/plugins/com.st.stm32cube.ide.mcu.externaltools.gnu-tools-for-stm32.11.3.rel1.win32_1.1.100.202309141235/tools/bin/../lib/gcc/arm-none-eabi/11.3.1/../../../../arm-none-eabi/lib/thumb/v6-m/nofp\libc_nano.a(libc_a-init.o)
                0x000000000800d164                __libc_init_array
 .text.__retarget_lock_init_recursive
                0x000000000800d1ac        0x2 C:/1_ST/STM32CubeIDE_1.14.1/STM32CubeIDE/plugins/com.st.stm32cube.ide.mcu.externaltools.gnu-tools-for-stm32.11.3.rel1.win32_1.1.100.202309141235/tools/bin/../lib/gcc/arm-none-eabi/11.3.1/../../../../arm-none-eabi/lib/thumb/v6-m/nofp\libc_nano.a(libc_a-lock.o)
                0x000000000800d1ac                __retarget_lock_init_recursive
 .text.__retarget_lock_acquire_recursive
                0x000000000800d1ae        0x2 C:/1_ST/STM32CubeIDE_1.14.1/STM32CubeIDE/plugins/com.st.stm32cube.ide.mcu.externaltools.gnu-tools-for-stm32.11.3.rel1.win32_1.1.100.202309141235/tools/bin/../lib/gcc/arm-none-eabi/11.3.1/../../../../arm-none-eabi/lib/thumb/v6-m/nofp\libc_nano.a(libc_a-lock.o)
                0x000000000800d1ae                __retarget_lock_acquire_recursive
 .text.__retarget_lock_release_recursive
                0x000000000800d1b0        0x2 C:/1_ST/STM32CubeIDE_1.14.1/STM32CubeIDE/plugins/com.st.stm32cube.ide.mcu.externaltools.gnu-tools-for-stm32.11.3.rel1.win32_1.1.100.202309141235/tools/bin/../lib/gcc/arm-none-eabi/11.3.1/../../../../arm-none-eabi/lib/thumb/v6-m/nofp\libc_nano.a(libc_a-lock.o)
                0x000000000800d1b0                __retarget_lock_release_recursive
 .text.memchr   0x000000000800d1b2       0x16 C:/1_ST/STM32CubeIDE_1.14.1/STM32CubeIDE/plugins/com.st.stm32cube.ide.mcu.externaltools.gnu-tools-for-stm32.11.3.rel1.win32_1.1.100.202309141235/tools/bin/../lib/gcc/arm-none-eabi/11.3.1/../../../../arm-none-eabi/lib/thumb/v6-m/nofp\libc_nano.a(libc_a-memchr-stub.o)
                0x000000000800d1b2                memchr
 .text.memcpy   0x000000000800d1c8       0x12 C:/1_ST/STM32CubeIDE_1.14.1/STM32CubeIDE/plugins/com.st.stm32cube.ide.mcu.externaltools.gnu-tools-for-stm32.11.3.rel1.win32_1.1.100.202309141235/tools/bin/../lib/gcc/arm-none-eabi/11.3.1/../../../../arm-none-eabi/lib/thumb/v6-m/nofp\libc_nano.a(libc_a-memcpy-stub.o)
                0x000000000800d1c8                memcpy
 *fill*         0x000000000800d1da        0x2 
 .text.nanf     0x000000000800d1dc        0x8 C:/1_ST/STM32CubeIDE_1.14.1/STM32CubeIDE/plugins/com.st.stm32cube.ide.mcu.externaltools.gnu-tools-for-stm32.11.3.rel1.win32_1.1.100.202309141235/tools/bin/../lib/gcc/arm-none-eabi/11.3.1/../../../../arm-none-eabi/lib/thumb/v6-m/nofp\libc_nano.a(libm_a-sf_nan.o)
                0x000000000800d1dc                nanf
 .text.quorem   0x000000000800d1e4      0x11e C:/1_ST/STM32CubeIDE_1.14.1/STM32CubeIDE/plugins/com.st.stm32cube.ide.mcu.externaltools.gnu-tools-for-stm32.11.3.rel1.win32_1.1.100.202309141235/tools/bin/../lib/gcc/arm-none-eabi/11.3.1/../../../../arm-none-eabi/lib/thumb/v6-m/nofp\libc_nano.a(libc_a-dtoa.o)
 *fill*         0x000000000800d302        0x2 
 .text._dtoa_r  0x000000000800d304      0xc1c C:/1_ST/STM32CubeIDE_1.14.1/STM32CubeIDE/plugins/com.st.stm32cube.ide.mcu.externaltools.gnu-tools-for-stm32.11.3.rel1.win32_1.1.100.202309141235/tools/bin/../lib/gcc/arm-none-eabi/11.3.1/../../../../arm-none-eabi/lib/thumb/v6-m/nofp\libc_nano.a(libc_a-dtoa.o)
                0x000000000800d304                _dtoa_r
 .text._free_r  0x000000000800df20       0x94 C:/1_ST/STM32CubeIDE_1.14.1/STM32CubeIDE/plugins/com.st.stm32cube.ide.mcu.externaltools.gnu-tools-for-stm32.11.3.rel1.win32_1.1.100.202309141235/tools/bin/../lib/gcc/arm-none-eabi/11.3.1/../../../../arm-none-eabi/lib/thumb/v6-m/nofp\libc_nano.a(libc_a-freer.o)
                0x000000000800df20                _free_r
 .text.malloc   0x000000000800dfb4       0x14 C:/1_ST/STM32CubeIDE_1.14.1/STM32CubeIDE/plugins/com.st.stm32cube.ide.mcu.externaltools.gnu-tools-for-stm32.11.3.rel1.win32_1.1.100.202309141235/tools/bin/../lib/gcc/arm-none-eabi/11.3.1/../../../../arm-none-eabi/lib/thumb/v6-m/nofp\libc_nano.a(libc_a-malloc.o)
                0x000000000800dfb4                malloc
 .text.sbrk_aligned
                0x000000000800dfc8       0x44 C:/1_ST/STM32CubeIDE_1.14.1/STM32CubeIDE/plugins/com.st.stm32cube.ide.mcu.externaltools.gnu-tools-for-stm32.11.3.rel1.win32_1.1.100.202309141235/tools/bin/../lib/gcc/arm-none-eabi/11.3.1/../../../../arm-none-eabi/lib/thumb/v6-m/nofp\libc_nano.a(libc_a-mallocr.o)
 .text._malloc_r
                0x000000000800e00c      0x104 C:/1_ST/STM32CubeIDE_1.14.1/STM32CubeIDE/plugins/com.st.stm32cube.ide.mcu.externaltools.gnu-tools-for-stm32.11.3.rel1.win32_1.1.100.202309141235/tools/bin/../lib/gcc/arm-none-eabi/11.3.1/../../../../arm-none-eabi/lib/thumb/v6-m/nofp\libc_nano.a(libc_a-mallocr.o)
                0x000000000800e00c                _malloc_r
 .text.__malloc_lock
                0x000000000800e110       0x10 C:/1_ST/STM32CubeIDE_1.14.1/STM32CubeIDE/plugins/com.st.stm32cube.ide.mcu.externaltools.gnu-tools-for-stm32.11.3.rel1.win32_1.1.100.202309141235/tools/bin/../lib/gcc/arm-none-eabi/11.3.1/../../../../arm-none-eabi/lib/thumb/v6-m/nofp\libc_nano.a(libc_a-mlock.o)
                0x000000000800e110                __malloc_lock
 .text.__malloc_unlock
                0x000000000800e120       0x10 C:/1_ST/STM32CubeIDE_1.14.1/STM32CubeIDE/plugins/com.st.stm32cube.ide.mcu.externaltools.gnu-tools-for-stm32.11.3.rel1.win32_1.1.100.202309141235/tools/bin/../lib/gcc/arm-none-eabi/11.3.1/../../../../arm-none-eabi/lib/thumb/v6-m/nofp\libc_nano.a(libc_a-mlock.o)
                0x000000000800e120                __malloc_unlock
 .text._Balloc  0x000000000800e130       0x88 C:/1_ST/STM32CubeIDE_1.14.1/STM32CubeIDE/plugins/com.st.stm32cube.ide.mcu.externaltools.gnu-tools-for-stm32.11.3.rel1.win32_1.1.100.202309141235/tools/bin/../lib/gcc/arm-none-eabi/11.3.1/../../../../arm-none-eabi/lib/thumb/v6-m/nofp\libc_nano.a(libc_a-mprec.o)
                0x000000000800e130                _Balloc
 .text._Bfree   0x000000000800e1b8       0x48 C:/1_ST/STM32CubeIDE_1.14.1/STM32CubeIDE/plugins/com.st.stm32cube.ide.mcu.externaltools.gnu-tools-for-stm32.11.3.rel1.win32_1.1.100.202309141235/tools/bin/../lib/gcc/arm-none-eabi/11.3.1/../../../../arm-none-eabi/lib/thumb/v6-m/nofp\libc_nano.a(libc_a-mprec.o)
                0x000000000800e1b8                _Bfree
 .text.__multadd
                0x000000000800e200       0x88 C:/1_ST/STM32CubeIDE_1.14.1/STM32CubeIDE/plugins/com.st.stm32cube.ide.mcu.externaltools.gnu-tools-for-stm32.11.3.rel1.win32_1.1.100.202309141235/tools/bin/../lib/gcc/arm-none-eabi/11.3.1/../../../../arm-none-eabi/lib/thumb/v6-m/nofp\libc_nano.a(libc_a-mprec.o)
                0x000000000800e200                __multadd
 .text.__s2b    0x000000000800e288       0x98 C:/1_ST/STM32CubeIDE_1.14.1/STM32CubeIDE/plugins/com.st.stm32cube.ide.mcu.externaltools.gnu-tools-for-stm32.11.3.rel1.win32_1.1.100.202309141235/tools/bin/../lib/gcc/arm-none-eabi/11.3.1/../../../../arm-none-eabi/lib/thumb/v6-m/nofp\libc_nano.a(libc_a-mprec.o)
                0x000000000800e288                __s2b
 .text.__hi0bits
                0x000000000800e320       0x34 C:/1_ST/STM32CubeIDE_1.14.1/STM32CubeIDE/plugins/com.st.stm32cube.ide.mcu.externaltools.gnu-tools-for-stm32.11.3.rel1.win32_1.1.100.202309141235/tools/bin/../lib/gcc/arm-none-eabi/11.3.1/../../../../arm-none-eabi/lib/thumb/v6-m/nofp\libc_nano.a(libc_a-mprec.o)
                0x000000000800e320                __hi0bits
 .text.__lo0bits
                0x000000000800e354       0x5c C:/1_ST/STM32CubeIDE_1.14.1/STM32CubeIDE/plugins/com.st.stm32cube.ide.mcu.externaltools.gnu-tools-for-stm32.11.3.rel1.win32_1.1.100.202309141235/tools/bin/../lib/gcc/arm-none-eabi/11.3.1/../../../../arm-none-eabi/lib/thumb/v6-m/nofp\libc_nano.a(libc_a-mprec.o)
                0x000000000800e354                __lo0bits
 .text.__i2b    0x000000000800e3b0       0x30 C:/1_ST/STM32CubeIDE_1.14.1/STM32CubeIDE/plugins/com.st.stm32cube.ide.mcu.externaltools.gnu-tools-for-stm32.11.3.rel1.win32_1.1.100.202309141235/tools/bin/../lib/gcc/arm-none-eabi/11.3.1/../../../../arm-none-eabi/lib/thumb/v6-m/nofp\libc_nano.a(libc_a-mprec.o)
                0x000000000800e3b0                __i2b
 .text.__multiply
                0x000000000800e3e0      0x160 C:/1_ST/STM32CubeIDE_1.14.1/STM32CubeIDE/plugins/com.st.stm32cube.ide.mcu.externaltools.gnu-tools-for-stm32.11.3.rel1.win32_1.1.100.202309141235/tools/bin/../lib/gcc/arm-none-eabi/11.3.1/../../../../arm-none-eabi/lib/thumb/v6-m/nofp\libc_nano.a(libc_a-mprec.o)
                0x000000000800e3e0                __multiply
 .text.__pow5mult
                0x000000000800e540       0xb8 C:/1_ST/STM32CubeIDE_1.14.1/STM32CubeIDE/plugins/com.st.stm32cube.ide.mcu.externaltools.gnu-tools-for-stm32.11.3.rel1.win32_1.1.100.202309141235/tools/bin/../lib/gcc/arm-none-eabi/11.3.1/../../../../arm-none-eabi/lib/thumb/v6-m/nofp\libc_nano.a(libc_a-mprec.o)
                0x000000000800e540                __pow5mult
 .text.__lshift
                0x000000000800e5f8       0xdc C:/1_ST/STM32CubeIDE_1.14.1/STM32CubeIDE/plugins/com.st.stm32cube.ide.mcu.externaltools.gnu-tools-for-stm32.11.3.rel1.win32_1.1.100.202309141235/tools/bin/../lib/gcc/arm-none-eabi/11.3.1/../../../../arm-none-eabi/lib/thumb/v6-m/nofp\libc_nano.a(libc_a-mprec.o)
                0x000000000800e5f8                __lshift
 .text.__mcmp   0x000000000800e6d4       0x38 C:/1_ST/STM32CubeIDE_1.14.1/STM32CubeIDE/plugins/com.st.stm32cube.ide.mcu.externaltools.gnu-tools-for-stm32.11.3.rel1.win32_1.1.100.202309141235/tools/bin/../lib/gcc/arm-none-eabi/11.3.1/../../../../arm-none-eabi/lib/thumb/v6-m/nofp\libc_nano.a(libc_a-mprec.o)
                0x000000000800e6d4                __mcmp
 .text.__mdiff  0x000000000800e70c      0x130 C:/1_ST/STM32CubeIDE_1.14.1/STM32CubeIDE/plugins/com.st.stm32cube.ide.mcu.externaltools.gnu-tools-for-stm32.11.3.rel1.win32_1.1.100.202309141235/tools/bin/../lib/gcc/arm-none-eabi/11.3.1/../../../../arm-none-eabi/lib/thumb/v6-m/nofp\libc_nano.a(libc_a-mprec.o)
                0x000000000800e70c                __mdiff
 .text.__ulp    0x000000000800e83c       0x38 C:/1_ST/STM32CubeIDE_1.14.1/STM32CubeIDE/plugins/com.st.stm32cube.ide.mcu.externaltools.gnu-tools-for-stm32.11.3.rel1.win32_1.1.100.202309141235/tools/bin/../lib/gcc/arm-none-eabi/11.3.1/../../../../arm-none-eabi/lib/thumb/v6-m/nofp\libc_nano.a(libc_a-mprec.o)
                0x000000000800e83c                __ulp
 .text.__b2d    0x000000000800e874       0x98 C:/1_ST/STM32CubeIDE_1.14.1/STM32CubeIDE/plugins/com.st.stm32cube.ide.mcu.externaltools.gnu-tools-for-stm32.11.3.rel1.win32_1.1.100.202309141235/tools/bin/../lib/gcc/arm-none-eabi/11.3.1/../../../../arm-none-eabi/lib/thumb/v6-m/nofp\libc_nano.a(libc_a-mprec.o)
                0x000000000800e874                __b2d
 .text.__d2b    0x000000000800e90c       0xc0 C:/1_ST/STM32CubeIDE_1.14.1/STM32CubeIDE/plugins/com.st.stm32cube.ide.mcu.externaltools.gnu-tools-for-stm32.11.3.rel1.win32_1.1.100.202309141235/tools/bin/../lib/gcc/arm-none-eabi/11.3.1/../../../../arm-none-eabi/lib/thumb/v6-m/nofp\libc_nano.a(libc_a-mprec.o)
                0x000000000800e90c                __d2b
 .text.__ratio  0x000000000800e9cc       0x52 C:/1_ST/STM32CubeIDE_1.14.1/STM32CubeIDE/plugins/com.st.stm32cube.ide.mcu.externaltools.gnu-tools-for-stm32.11.3.rel1.win32_1.1.100.202309141235/tools/bin/../lib/gcc/arm-none-eabi/11.3.1/../../../../arm-none-eabi/lib/thumb/v6-m/nofp\libc_nano.a(libc_a-mprec.o)
                0x000000000800e9cc                __ratio
 .text.__copybits
                0x000000000800ea1e       0x42 C:/1_ST/STM32CubeIDE_1.14.1/STM32CubeIDE/plugins/com.st.stm32cube.ide.mcu.externaltools.gnu-tools-for-stm32.11.3.rel1.win32_1.1.100.202309141235/tools/bin/../lib/gcc/arm-none-eabi/11.3.1/../../../../arm-none-eabi/lib/thumb/v6-m/nofp\libc_nano.a(libc_a-mprec.o)
                0x000000000800ea1e                __copybits
 .text.__any_on
                0x000000000800ea60       0x46 C:/1_ST/STM32CubeIDE_1.14.1/STM32CubeIDE/plugins/com.st.stm32cube.ide.mcu.externaltools.gnu-tools-for-stm32.11.3.rel1.win32_1.1.100.202309141235/tools/bin/../lib/gcc/arm-none-eabi/11.3.1/../../../../arm-none-eabi/lib/thumb/v6-m/nofp\libc_nano.a(libc_a-mprec.o)
                0x000000000800ea60                __any_on
 *fill*         0x000000000800eaa6        0x2 
 .text.sulp     0x000000000800eaa8       0x30 C:/1_ST/STM32CubeIDE_1.14.1/STM32CubeIDE/plugins/com.st.stm32cube.ide.mcu.externaltools.gnu-tools-for-stm32.11.3.rel1.win32_1.1.100.202309141235/tools/bin/../lib/gcc/arm-none-eabi/11.3.1/../../../../arm-none-eabi/lib/thumb/v6-m/nofp\libc_nano.a(libc_a-strtod.o)
 .text._strtod_l
                0x000000000800ead8      0xc14 C:/1_ST/STM32CubeIDE_1.14.1/STM32CubeIDE/plugins/com.st.stm32cube.ide.mcu.externaltools.gnu-tools-for-stm32.11.3.rel1.win32_1.1.100.202309141235/tools/bin/../lib/gcc/arm-none-eabi/11.3.1/../../../../arm-none-eabi/lib/thumb/v6-m/nofp\libc_nano.a(libc_a-strtod.o)
                0x000000000800ead8                _strtod_l
 .text._strtod_r
                0x000000000800f6ec       0x10 C:/1_ST/STM32CubeIDE_1.14.1/STM32CubeIDE/plugins/com.st.stm32cube.ide.mcu.externaltools.gnu-tools-for-stm32.11.3.rel1.win32_1.1.100.202309141235/tools/bin/../lib/gcc/arm-none-eabi/11.3.1/../../../../arm-none-eabi/lib/thumb/v6-m/nofp\libc_nano.a(libc_a-strtod.o)
                0x000000000800f6ec                _strtod_r
 .text._strtol_l.constprop.0
                0x000000000800f6fc      0x10c C:/1_ST/STM32CubeIDE_1.14.1/STM32CubeIDE/plugins/com.st.stm32cube.ide.mcu.externaltools.gnu-tools-for-stm32.11.3.rel1.win32_1.1.100.202309141235/tools/bin/../lib/gcc/arm-none-eabi/11.3.1/../../../../arm-none-eabi/lib/thumb/v6-m/nofp\libc_nano.a(libc_a-strtol.o)
 .text._strtol_r
                0x000000000800f808        0x8 C:/1_ST/STM32CubeIDE_1.14.1/STM32CubeIDE/plugins/com.st.stm32cube.ide.mcu.externaltools.gnu-tools-for-stm32.11.3.rel1.win32_1.1.100.202309141235/tools/bin/../lib/gcc/arm-none-eabi/11.3.1/../../../../arm-none-eabi/lib/thumb/v6-m/nofp\libc_nano.a(libc_a-strtol.o)
                0x000000000800f808                _strtol_r
 .text.__ssputs_r
                0x000000000800f810       0xc4 C:/1_ST/STM32CubeIDE_1.14.1/STM32CubeIDE/plugins/com.st.stm32cube.ide.mcu.externaltools.gnu-tools-for-stm32.11.3.rel1.win32_1.1.100.202309141235/tools/bin/../lib/gcc/arm-none-eabi/11.3.1/../../../../arm-none-eabi/lib/thumb/v6-m/nofp\libc_nano.a(libc_a-nano-svfprintf.o)
                0x000000000800f810                __ssputs_r
 .text._svfprintf_r
                0x000000000800f8d4      0x200 C:/1_ST/STM32CubeIDE_1.14.1/STM32CubeIDE/plugins/com.st.stm32cube.ide.mcu.externaltools.gnu-tools-for-stm32.11.3.rel1.win32_1.1.100.202309141235/tools/bin/../lib/gcc/arm-none-eabi/11.3.1/../../../../arm-none-eabi/lib/thumb/v6-m/nofp\libc_nano.a(libc_a-nano-svfprintf.o)
                0x000000000800f8d4                _svfiprintf_r
                0x000000000800f8d4                _svfprintf_r
 .text.__sfputc_r
                0x000000000800fad4       0x2a C:/1_ST/STM32CubeIDE_1.14.1/STM32CubeIDE/plugins/com.st.stm32cube.ide.mcu.externaltools.gnu-tools-for-stm32.11.3.rel1.win32_1.1.100.202309141235/tools/bin/../lib/gcc/arm-none-eabi/11.3.1/../../../../arm-none-eabi/lib/thumb/v6-m/nofp\libc_nano.a(libc_a-nano-vfprintf.o)
 .text.__sfputs_r
                0x000000000800fafe       0x24 C:/1_ST/STM32CubeIDE_1.14.1/STM32CubeIDE/plugins/com.st.stm32cube.ide.mcu.externaltools.gnu-tools-for-stm32.11.3.rel1.win32_1.1.100.202309141235/tools/bin/../lib/gcc/arm-none-eabi/11.3.1/../../../../arm-none-eabi/lib/thumb/v6-m/nofp\libc_nano.a(libc_a-nano-vfprintf.o)
                0x000000000800fafe                __sfputs_r
 *fill*         0x000000000800fb22        0x2 
 .text._vfprintf_r
                0x000000000800fb24      0x238 C:/1_ST/STM32CubeIDE_1.14.1/STM32CubeIDE/plugins/com.st.stm32cube.ide.mcu.externaltools.gnu-tools-for-stm32.11.3.rel1.win32_1.1.100.202309141235/tools/bin/../lib/gcc/arm-none-eabi/11.3.1/../../../../arm-none-eabi/lib/thumb/v6-m/nofp\libc_nano.a(libc_a-nano-vfprintf.o)
                0x000000000800fb24                _vfprintf_r
                0x000000000800fb24                _vfiprintf_r
 .text.__sflush_r
                0x000000000800fd5c      0x114 C:/1_ST/STM32CubeIDE_1.14.1/STM32CubeIDE/plugins/com.st.stm32cube.ide.mcu.externaltools.gnu-tools-for-stm32.11.3.rel1.win32_1.1.100.202309141235/tools/bin/../lib/gcc/arm-none-eabi/11.3.1/../../../../arm-none-eabi/lib/thumb/v6-m/nofp\libc_nano.a(libc_a-fflush.o)
                0x000000000800fd5c                __sflush_r
 .text._fflush_r
                0x000000000800fe70       0x56 C:/1_ST/STM32CubeIDE_1.14.1/STM32CubeIDE/plugins/com.st.stm32cube.ide.mcu.externaltools.gnu-tools-for-stm32.11.3.rel1.win32_1.1.100.202309141235/tools/bin/../lib/gcc/arm-none-eabi/11.3.1/../../../../arm-none-eabi/lib/thumb/v6-m/nofp\libc_nano.a(libc_a-fflush.o)
                0x000000000800fe70                _fflush_r
 *fill*         0x000000000800fec6        0x2 
 .text.__swhatbuf_r
                0x000000000800fec8       0x50 C:/1_ST/STM32CubeIDE_1.14.1/STM32CubeIDE/plugins/com.st.stm32cube.ide.mcu.externaltools.gnu-tools-for-stm32.11.3.rel1.win32_1.1.100.202309141235/tools/bin/../lib/gcc/arm-none-eabi/11.3.1/../../../../arm-none-eabi/lib/thumb/v6-m/nofp\libc_nano.a(libc_a-makebuf.o)
                0x000000000800fec8                __swhatbuf_r
 .text.__smakebuf_r
                0x000000000800ff18       0x7c C:/1_ST/STM32CubeIDE_1.14.1/STM32CubeIDE/plugins/com.st.stm32cube.ide.mcu.externaltools.gnu-tools-for-stm32.11.3.rel1.win32_1.1.100.202309141235/tools/bin/../lib/gcc/arm-none-eabi/11.3.1/../../../../arm-none-eabi/lib/thumb/v6-m/nofp\libc_nano.a(libc_a-makebuf.o)
                0x000000000800ff18                __smakebuf_r
 .text.memmove  0x000000000800ff94       0x26 C:/1_ST/STM32CubeIDE_1.14.1/STM32CubeIDE/plugins/com.st.stm32cube.ide.mcu.externaltools.gnu-tools-for-stm32.11.3.rel1.win32_1.1.100.202309141235/tools/bin/../lib/gcc/arm-none-eabi/11.3.1/../../../../arm-none-eabi/lib/thumb/v6-m/nofp\libc_nano.a(libc_a-memmove.o)
                0x000000000800ff94                memmove
 *fill*         0x000000000800ffba        0x2 
 .text._fstat_r
                0x000000000800ffbc       0x24 C:/1_ST/STM32CubeIDE_1.14.1/STM32CubeIDE/plugins/com.st.stm32cube.ide.mcu.externaltools.gnu-tools-for-stm32.11.3.rel1.win32_1.1.100.202309141235/tools/bin/../lib/gcc/arm-none-eabi/11.3.1/../../../../arm-none-eabi/lib/thumb/v6-m/nofp\libc_nano.a(libc_a-fstatr.o)
                0x000000000800ffbc                _fstat_r
 .text._isatty_r
                0x000000000800ffe0       0x24 C:/1_ST/STM32CubeIDE_1.14.1/STM32CubeIDE/plugins/com.st.stm32cube.ide.mcu.externaltools.gnu-tools-for-stm32.11.3.rel1.win32_1.1.100.202309141235/tools/bin/../lib/gcc/arm-none-eabi/11.3.1/../../../../arm-none-eabi/lib/thumb/v6-m/nofp\libc_nano.a(libc_a-isattyr.o)
                0x000000000800ffe0                _isatty_r