../Core/Src/IO/LCD/lcd.c:58:13:I2C_LCD_ExpanderWrite	40	static
../Core/Src/IO/LCD/lcd.c:64:13:I2C_LCD_EnPulse	40	static
../Core/Src/IO/LCD/lcd.c:73:13:I2C_LCD_Write4Bits	16	static
../Core/Src/IO/LCD/lcd.c:79:13:I2C_LCD_Send	32	static
../Core/Src/IO/LCD/lcd.c:87:13:I2C_LCD_Cmd	16	static
../Core/Src/IO/LCD/lcd.c:92:13:I2C_LCD_Data	16	static
../Core/Src/IO/LCD/lcd.c:103:6:I2C_LCD_Init	56	static
../Core/Src/IO/LCD/lcd.c:124:6:I2C_LCD_Clear	40	static
../Core/Src/IO/LCD/lcd.c:130:6:I2C_LCD_Home	40	static
../Core/Src/IO/LCD/lcd.c:136:6:I2C_LCD_SetCursor	40	static
../Core/Src/IO/LCD/lcd.c:146:6:I2C_LCD_WriteChar	16	static
../Core/Src/IO/LCD/lcd.c:151:6:I2C_LCD_WriteString	16	static
../Core/Src/IO/LCD/lcd.c:159:6:I2C_LCD_ShiftLeft	16	static
../Core/Src/IO/LCD/lcd.c:164:6:I2C_LCD_ShiftRight	16	static
../Core/Src/IO/LCD/lcd.c:169:6:I2C_LCD_Backlight	16	static
../Core/Src/IO/LCD/lcd.c:175:6:I2C_LCD_NoBacklight	16	static
../Core/Src/IO/LCD/lcd.c:181:6:I2C_LCD_Display	16	static
../Core/Src/IO/LCD/lcd.c:187:6:I2C_LCD_NoDisplay	16	static
../Core/Src/IO/LCD/lcd.c:193:6:I2C_LCD_Cursor	16	static
../Core/Src/IO/LCD/lcd.c:199:6:I2C_LCD_NoCursor	16	static
../Core/Src/IO/LCD/lcd.c:205:6:I2C_LCD_Blink	16	static
../Core/Src/IO/LCD/lcd.c:211:6:I2C_LCD_NoBlink	16	static
../Core/Src/IO/LCD/lcd.c:217:6:I2C_LCD_CreateCustomChar	24	static
../Core/Src/IO/LCD/lcd.c:227:6:I2C_LCD_PrintCustomChar	16	static
../Core/Src/IO/LCD/lcd.c:232:6:I2C_LCD_GUIDELINE	16	static
