../Core/Src/IO/LCD/lcd.c:59:13:I2C_LCD_ExpanderWrite	40	static
../Core/Src/IO/LCD/lcd.c:65:13:I2C_LCD_EnPulse	40	static
../Core/Src/IO/LCD/lcd.c:74:13:I2C_LCD_Write4Bits	16	static
../Core/Src/IO/LCD/lcd.c:80:13:I2C_LCD_Send	32	static
../Core/Src/IO/LCD/lcd.c:88:13:I2C_LCD_Cmd	16	static
../Core/Src/IO/LCD/lcd.c:93:13:I2C_LCD_Data	16	static
../Core/Src/IO/LCD/lcd.c:104:6:I2C_LCD_Init	56	static
../Core/Src/IO/LCD/lcd.c:125:6:I2C_LCD_Clear	40	static
../Core/Src/IO/LCD/lcd.c:131:6:I2C_LCD_Home	40	static
../Core/Src/IO/LCD/lcd.c:137:6:I2C_LCD_SetCursor	40	static
../Core/Src/IO/LCD/lcd.c:147:6:I2C_LCD_WriteChar	16	static
../Core/Src/IO/LCD/lcd.c:152:6:I2C_LCD_WriteString	16	static
../Core/Src/IO/LCD/lcd.c:160:6:I2C_LCD_ShiftLeft	16	static
../Core/Src/IO/LCD/lcd.c:165:6:I2C_LCD_ShiftRight	16	static
../Core/Src/IO/LCD/lcd.c:170:6:I2C_LCD_Backlight	16	static
../Core/Src/IO/LCD/lcd.c:176:6:I2C_LCD_NoBacklight	16	static
../Core/Src/IO/LCD/lcd.c:182:6:I2C_LCD_Display	16	static
../Core/Src/IO/LCD/lcd.c:188:6:I2C_LCD_NoDisplay	16	static
../Core/Src/IO/LCD/lcd.c:194:6:I2C_LCD_Cursor	16	static
../Core/Src/IO/LCD/lcd.c:200:6:I2C_LCD_NoCursor	16	static
../Core/Src/IO/LCD/lcd.c:206:6:I2C_LCD_Blink	16	static
../Core/Src/IO/LCD/lcd.c:212:6:I2C_LCD_NoBlink	16	static
../Core/Src/IO/LCD/lcd.c:218:6:I2C_LCD_CreateCustomChar	24	static
../Core/Src/IO/LCD/lcd.c:228:6:I2C_LCD_PrintCustomChar	16	static
../Core/Src/IO/LCD/lcd.c:233:6:I2C_LCD_GUIDELINE	16	static
