Archive member included to satisfy reference by file (symbol)

C:/ST/STM32CubeIDE_1.14.1/STM32CubeIDE/plugins/com.st.stm32cube.ide.mcu.externaltools.gnu-tools-for-stm32.11.3.rel1.win32_1.1.100.202309141235/tools/bin/../lib/gcc/arm-none-eabi/11.3.1/../../../../arm-none-eabi/lib/thumb/v6-m/nofp\libc_nano.a(libc_a-exit.o)
                              C:/ST/STM32CubeIDE_1.14.1/STM32CubeIDE/plugins/com.st.stm32cube.ide.mcu.externaltools.gnu-tools-for-stm32.11.3.rel1.win32_1.1.100.202309141235/tools/bin/../lib/gcc/arm-none-eabi/11.3.1/../../../../arm-none-eabi/lib/thumb/v6-m/nofp/crt0.o (exit)
C:/ST/STM32CubeIDE_1.14.1/STM32CubeIDE/plugins/com.st.stm32cube.ide.mcu.externaltools.gnu-tools-for-stm32.11.3.rel1.win32_1.1.100.202309141235/tools/bin/../lib/gcc/arm-none-eabi/11.3.1/../../../../arm-none-eabi/lib/thumb/v6-m/nofp\libc_nano.a(libc_a-findfp.o)
                              C:/ST/STM32CubeIDE_1.14.1/STM32CubeIDE/plugins/com.st.stm32cube.ide.mcu.externaltools.gnu-tools-for-stm32.11.3.rel1.win32_1.1.100.202309141235/tools/bin/../lib/gcc/arm-none-eabi/11.3.1/../../../../arm-none-eabi/lib/thumb/v6-m/nofp\libc_nano.a(libc_a-exit.o) (__stdio_exit_handler)
C:/ST/STM32CubeIDE_1.14.1/STM32CubeIDE/plugins/com.st.stm32cube.ide.mcu.externaltools.gnu-tools-for-stm32.11.3.rel1.win32_1.1.100.202309141235/tools/bin/../lib/gcc/arm-none-eabi/11.3.1/../../../../arm-none-eabi/lib/thumb/v6-m/nofp\libc_nano.a(libc_a-fwalk.o)
                              C:/ST/STM32CubeIDE_1.14.1/STM32CubeIDE/plugins/com.st.stm32cube.ide.mcu.externaltools.gnu-tools-for-stm32.11.3.rel1.win32_1.1.100.202309141235/tools/bin/../lib/gcc/arm-none-eabi/11.3.1/../../../../arm-none-eabi/lib/thumb/v6-m/nofp\libc_nano.a(libc_a-findfp.o) (_fwalk_sglue)
C:/ST/STM32CubeIDE_1.14.1/STM32CubeIDE/plugins/com.st.stm32cube.ide.mcu.externaltools.gnu-tools-for-stm32.11.3.rel1.win32_1.1.100.202309141235/tools/bin/../lib/gcc/arm-none-eabi/11.3.1/../../../../arm-none-eabi/lib/thumb/v6-m/nofp\libc_nano.a(libc_a-stdio.o)
                              C:/ST/STM32CubeIDE_1.14.1/STM32CubeIDE/plugins/com.st.stm32cube.ide.mcu.externaltools.gnu-tools-for-stm32.11.3.rel1.win32_1.1.100.202309141235/tools/bin/../lib/gcc/arm-none-eabi/11.3.1/../../../../arm-none-eabi/lib/thumb/v6-m/nofp\libc_nano.a(libc_a-findfp.o) (__sread)
C:/ST/STM32CubeIDE_1.14.1/STM32CubeIDE/plugins/com.st.stm32cube.ide.mcu.externaltools.gnu-tools-for-stm32.11.3.rel1.win32_1.1.100.202309141235/tools/bin/../lib/gcc/arm-none-eabi/11.3.1/../../../../arm-none-eabi/lib/thumb/v6-m/nofp\libc_nano.a(libc_a-memset.o)
                              C:/ST/STM32CubeIDE_1.14.1/STM32CubeIDE/plugins/com.st.stm32cube.ide.mcu.externaltools.gnu-tools-for-stm32.11.3.rel1.win32_1.1.100.202309141235/tools/bin/../lib/gcc/arm-none-eabi/11.3.1/../../../../arm-none-eabi/lib/thumb/v6-m/nofp/crt0.o (memset)
C:/ST/STM32CubeIDE_1.14.1/STM32CubeIDE/plugins/com.st.stm32cube.ide.mcu.externaltools.gnu-tools-for-stm32.11.3.rel1.win32_1.1.100.202309141235/tools/bin/../lib/gcc/arm-none-eabi/11.3.1/../../../../arm-none-eabi/lib/thumb/v6-m/nofp\libc_nano.a(libc_a-strncmp.o)
                              ./Core/Src/protocol.o (strncmp)
C:/ST/STM32CubeIDE_1.14.1/STM32CubeIDE/plugins/com.st.stm32cube.ide.mcu.externaltools.gnu-tools-for-stm32.11.3.rel1.win32_1.1.100.202309141235/tools/bin/../lib/gcc/arm-none-eabi/11.3.1/../../../../arm-none-eabi/lib/thumb/v6-m/nofp\libc_nano.a(libc_a-closer.o)
                              C:/ST/STM32CubeIDE_1.14.1/STM32CubeIDE/plugins/com.st.stm32cube.ide.mcu.externaltools.gnu-tools-for-stm32.11.3.rel1.win32_1.1.100.202309141235/tools/bin/../lib/gcc/arm-none-eabi/11.3.1/../../../../arm-none-eabi/lib/thumb/v6-m/nofp\libc_nano.a(libc_a-stdio.o) (_close_r)
C:/ST/STM32CubeIDE_1.14.1/STM32CubeIDE/plugins/com.st.stm32cube.ide.mcu.externaltools.gnu-tools-for-stm32.11.3.rel1.win32_1.1.100.202309141235/tools/bin/../lib/gcc/arm-none-eabi/11.3.1/../../../../arm-none-eabi/lib/thumb/v6-m/nofp\libc_nano.a(libc_a-reent.o)
                              C:/ST/STM32CubeIDE_1.14.1/STM32CubeIDE/plugins/com.st.stm32cube.ide.mcu.externaltools.gnu-tools-for-stm32.11.3.rel1.win32_1.1.100.202309141235/tools/bin/../lib/gcc/arm-none-eabi/11.3.1/../../../../arm-none-eabi/lib/thumb/v6-m/nofp\libc_nano.a(libc_a-closer.o) (errno)
C:/ST/STM32CubeIDE_1.14.1/STM32CubeIDE/plugins/com.st.stm32cube.ide.mcu.externaltools.gnu-tools-for-stm32.11.3.rel1.win32_1.1.100.202309141235/tools/bin/../lib/gcc/arm-none-eabi/11.3.1/../../../../arm-none-eabi/lib/thumb/v6-m/nofp\libc_nano.a(libc_a-impure.o)
                              C:/ST/STM32CubeIDE_1.14.1/STM32CubeIDE/plugins/com.st.stm32cube.ide.mcu.externaltools.gnu-tools-for-stm32.11.3.rel1.win32_1.1.100.202309141235/tools/bin/../lib/gcc/arm-none-eabi/11.3.1/../../../../arm-none-eabi/lib/thumb/v6-m/nofp\libc_nano.a(libc_a-reent.o) (_impure_ptr)
[...]
Memory Configuration

Name             Origin             Length             Attributes
RAM              0x0000000020000000 0x0000000000008000 xrw
FLASH            0x0000000008000000 0x0000000000040000 xr
*default*        0x0000000000000000 0xffffffffffffffff

Linker script and memory map

LOAD C:/ST/STM32CubeIDE_1.14.1/STM32CubeIDE/plugins/com.st.stm32cube.ide.mcu.externaltools.gnu-tools-for-stm32.11.3.rel1.win32_1.1.100.202309141235/tools/bin/../lib/gcc/arm-none-eabi/11.3.1/thumb/v6-m/nofp/crti.o
LOAD C:/ST/STM32CubeIDE_1.14.1/STM32CubeIDE/plugins/com.st.stm32cube.ide.mcu.externaltools.gnu-tools-for-stm32.11.3.rel1.win32_1.1.100.202309141235/tools/bin/../lib/gcc/arm-none-eabi/11.3.1/thumb/v6-m/nofp/crtbegin.o
LOAD C:/ST/STM32CubeIDE_1.14.1/STM32CubeIDE/plugins/com.st.stm32cube.ide.mcu.externaltools.gnu-tools-for-stm32.11.3.rel1.win32_1.1.100.202309141235/tools/bin/../lib/gcc/arm-none-eabi/11.3.1/../../../../arm-none-eabi/lib/thumb/v6-m/nofp/crt0.o
LOAD ./Core/Src/adc.o
LOAD ./Core/Src/button.o
LOAD ./Core/Src/fnd.o
LOAD ./Core/Src/gpio.o
LOAD ./Core/Src/joystick.o
LOAD ./Core/Src/main.o
LOAD ./Core/Src/potentiometer.o
LOAD ./Core/Src/protocol.o
LOAD ./Core/Src/scheduling.o
LOAD ./Core/Src/servo.o
LOAD ./Core/Src/sonic.o
LOAD ./Core/Src/stm32f0xx_hal_msp.o
LOAD ./Core/Src/stm32f0xx_it.o
LOAD ./Core/Src/syscalls.o
LOAD ./Core/Src/sysmem.o
LOAD ./Core/Src/system_stm32f0xx.o
LOAD ./Core/Src/tim.o
LOAD ./Core/Src/usart.o
LOAD ./Core/Startup/startup_stm32f091rctx.o
LOAD ./Drivers/STM32F0xx_HAL_Driver/Src/stm32f0xx_hal.o
LOAD ./Drivers/STM32F0xx_HAL_Driver/Src/stm32f0xx_hal_adc.o
LOAD ./Drivers/STM32F0xx_HAL_Driver/Src/stm32f0xx_hal_adc_ex.o
LOAD ./Drivers/STM32F0xx_HAL_Driver/Src/stm32f0xx_hal_cortex.o
LOAD ./Drivers/STM32F0xx_HAL_Driver/Src/stm32f0xx_hal_dma.o
LOAD ./Drivers/STM32F0xx_HAL_Driver/Src/stm32f0xx_hal_exti.o
LOAD ./Drivers/STM32F0xx_HAL_Driver/Src/stm32f0xx_hal_flash.o
LOAD ./Drivers/STM32F0xx_HAL_Driver/Src/stm32f0xx_hal_flash_ex.o
LOAD ./Drivers/STM32F0xx_HAL_Driver/Src/stm32f0xx_hal_gpio.o
LOAD ./Drivers/STM32F0xx_HAL_Driver/Src/stm32f0xx_hal_i2c.o
LOAD ./Drivers/STM32F0xx_HAL_Driver/Src/stm32f0xx_hal_i2c_ex.o
LOAD ./Drivers/STM32F0xx_HAL_Driver/Src/stm32f0xx_hal_pwr.o
LOAD ./Drivers/STM32F0xx_HAL_Driver/Src/stm32f0xx_hal_pwr_ex.o
LOAD ./Drivers/STM32F0xx_HAL_Driver/Src/stm32f0xx_hal_rcc.o
LOAD ./Drivers/STM32F0xx_HAL_Driver/Src/stm32f0xx_hal_rcc_ex.o
LOAD ./Drivers/STM32F0xx_HAL_Driver/Src/stm32f0xx_hal_tim.o
LOAD ./Drivers/STM32F0xx_HAL_Driver/Src/stm32f0xx_hal_tim_ex.o
LOAD ./Drivers/STM32F0xx_HAL_Driver/Src/stm32f0xx_hal_uart.o
LOAD ./Drivers/STM32F0xx_HAL_Driver/Src/stm32f0xx_hal_uart_ex.o
START GROUP
LOAD C:/ST/STM32CubeIDE_1.14.1/STM32CubeIDE/plugins/com.st.stm32cube.ide.mcu.externaltools.gnu-tools-for-stm32.11.3.rel1.win32_1.1.100.202309141235/tools/bin/../lib/gcc/arm-none-eabi/11.3.1/../../../../arm-none-eabi/lib/thumb/v6-m/nofp\libc_nano.a
LOAD C:/ST/STM32CubeIDE_1.14.1/STM32CubeIDE/plugins/com.st.stm32cube.ide.mcu.externaltools.gnu-tools-for-stm32.11.3.rel1.win32_1.1.100.202309141235/tools/bin/../lib/gcc/arm-none-eabi/11.3.1/../../../../arm-none-eabi/lib/thumb/v6-m/nofp\libm.a
END GROUP
START GROUP
LOAD C:/ST/STM32CubeIDE_1.14.1/STM32CubeIDE/plugins/com.st.stm32cube.ide.mcu.externaltools.gnu-tools-for-stm32.11.3.rel1.win32_1.1.100.202309141235/tools/bin/../lib/gcc/arm-none-eabi/11.3.1/thumb/v6-m/nofp\libgcc.a
LOAD C:/ST/STM32CubeIDE_1.14.1/STM32CubeIDE/plugins/com.st.stm32cube.ide.mcu.externaltools.gnu-tools-for-stm32.11.3.rel1.win32_1.1.100.202309141235/tools/bin/../lib/gcc/arm-none-eabi/11.3.1/../../../../arm-none-eabi/lib/thumb/v6-m/nofp\libc_nano.a
END GROUP
START GROUP
LOAD C:/ST/STM32CubeIDE_1.14.1/STM32CubeIDE/plugins/com.st.stm32cube.ide.mcu.externaltools.gnu-tools-for-stm32.11.3.rel1.win32_1.1.100.202309141235/tools/bin/../lib/gcc/arm-none-eabi/11.3.1/thumb/v6-m/nofp\libgcc.a
LOAD C:/ST/STM32CubeIDE_1.14.1/STM32CubeIDE/plugins/com.st.stm32cube.ide.mcu.externaltools.gnu-tools-for-stm32.11.3.rel1.win32_1.1.100.202309141235/tools/bin/../lib/gcc/arm-none-eabi/11.3.1/../../../../arm-none-eabi/lib/thumb/v6-m/nofp\libc_nano.a
LOAD C:/ST/STM32CubeIDE_1.14.1/STM32CubeIDE/plugins/com.st.stm32cube.ide.mcu.externaltools.gnu-tools-for-stm32.11.3.rel1.win32_1.1.100.202309141235/tools/bin/../lib/gcc/arm-none-eabi/11.3.1/../../../../arm-none-eabi/lib/thumb/v6-m/nofp\libnosys.a
END GROUP
START GROUP
LOAD C:/ST/STM32CubeIDE_1.14.1/STM32CubeIDE/plugins/com.st.stm32cube.ide.mcu.externaltools.gnu-tools-for-stm32.11.3.rel1.win32_1.1.100.202309141235/tools/bin/../lib/gcc/arm-none-eabi/11.3.1/thumb/v6-m/nofp\libgcc.a
LOAD C:/ST/STM32CubeIDE_1.14.1/STM32CubeIDE/plugins/com.st.stm32cube.ide.mcu.externaltools.gnu-tools-for-stm32.11.3.rel1.win32_1.1.100.202309141235/tools/bin/../lib/gcc/arm-none-eabi/11.3.1/../../../../arm-none-eabi/lib/thumb/v6-m/nofp\libc_nano.a
LOAD C:/ST/STM32CubeIDE_1.14.1/STM32CubeIDE/plugins/com.st.stm32cube.ide.mcu.externaltools.gnu-tools-for-stm32.11.3.rel1.win32_1.1.100.202309141235/tools/bin/../lib/gcc/arm-none-eabi/11.3.1/../../../../arm-none-eabi/lib/thumb/v6-m/nofp\libnosys.a
END GROUP
LOAD C:/ST/STM32CubeIDE_1.14.1/STM32CubeIDE/plugins/com.st.stm32cube.ide.mcu.externaltools.gnu-tools-for-stm32.11.3.rel1.win32_1.1.100.202309141235/tools/bin/../lib/gcc/arm-none-eabi/11.3.1/thumb/v6-m/nofp/crtend.o
LOAD C:/ST/STM32CubeIDE_1.14.1/STM32CubeIDE/plugins/com.st.stm32cube.ide.mcu.externaltools.gnu-tools-for-stm32.11.3.rel1.win32_1.1.100.202309141235/tools/bin/../lib/gcc/arm-none-eabi/11.3.1/thumb/v6-m/nofp/crtn.o
                0x0000000020008000                _estack = (ORIGIN (RAM) + LENGTH (RAM))
                0x0000000000000200                _Min_Heap_Size = 0x200
                0x0000000000000400                _Min_Stack_Size = 0x400

.isr_vector     0x0000000008000000       0xbc
                0x0000000008000000                . = ALIGN (0x4)
 *(.isr_vector)
 .isr_vector    0x0000000008000000       0xbc ./Core/Startup/startup_stm32f091rctx.o
                0x0000000008000000                g_pfnVectors
                0x00000000080000bc                . = ALIGN (0x4)

.text           0x00000000080000bc     0x85b4
                0x00000000080000bc                . = ALIGN (0x4)
 *(.text)
 .text          0x00000000080000bc       0x48 C:/ST/STM32CubeIDE_1.14.1/STM32CubeIDE/plugins/com.st.stm32cube.ide.mcu.externaltools.gnu-tools-for-stm32.11.3.rel1.win32_1.1.100.202309141235/tools/bin/../lib/gcc/arm-none-eabi/11.3.1/thumb/v6-m/nofp/crtbegin.o
 .text          0x0000000008000104      0x114 C:/ST/STM32CubeIDE_1.14.1/STM32CubeIDE/plugins/com.st.stm32cube.ide.mcu.externaltools.gnu-tools-for-stm32.11.3.rel1.win32_1.1.100.202309141235/tools/bin/../lib/gcc/arm-none-eabi/11.3.1/thumb/v6-m/nofp\libgcc.a(_udivsi3.o)
                0x0000000008000104                __aeabi_uidiv
                0x0000000008000104                __udivsi3
                0x0000000008000210                __aeabi_uidivmod
 .text          0x0000000008000218      0x1d4 C:/ST/STM32CubeIDE_1.14.1/STM32CubeIDE/plugins/com.st.stm32cube.ide.mcu.externaltools.gnu-tools-for-stm32.11.3.rel1.win32_1.1.100.202309141235/tools/bin/../lib/gcc/arm-none-eabi/11.3.1/thumb/v6-m/nofp\libgcc.a(_divsi3.o)
                0x0000000008000218                __divsi3
                0x0000000008000218                __aeabi_idiv
                0x00000000080003e4                __aeabi_idivmod
 .text          0x00000000080003ec        0x4 C:/ST/STM32CubeIDE_1.14.1/STM32CubeIDE/plugins/com.st.stm32cube.ide.mcu.externaltools.gnu-tools-for-stm32.11.3.rel1.win32_1.1.100.202309141235/tools/bin/../lib/gcc/arm-none-eabi/11.3.1/thumb/v6-m/nofp\libgcc.a(_dvmd_tls.o)
                0x00000000080003ec                __aeabi_idiv0
                0x00000000080003ec                __aeabi_ldiv0
 .text          0x00000000080003f0       0x3c C:/ST/STM32CubeIDE_1.14.1/STM32CubeIDE/plugins/com.st.stm32cube.ide.mcu.externaltools.gnu-tools-for-stm32.11.3.rel1.win32_1.1.100.202309141235/tools/bin/../lib/gcc/arm-none-eabi/11.3.1/thumb/v6-m/nofp\libgcc.a(_fixunsdfsi.o)
                0x00000000080003f0                __aeabi_d2uiz
                0x00000000080003f0                __fixunsdfsi
 .text          0x000000000800042c      0x6c0 C:/ST/STM32CubeIDE_1.14.1/STM32CubeIDE/plugins/com.st.stm32cube.ide.mcu.externaltools.gnu-tools-for-stm32.11.3.rel1.win32_1.1.100.202309141235/tools/bin/../lib/gcc/arm-none-eabi/11.3.1/thumb/v6-m/nofp\libgcc.a(adddf3.o)
                0x000000000800042c                __aeabi_dadd
 .text          0x0000000008000aec      0x5dc C:/ST/STM32CubeIDE_1.14.1/STM32CubeIDE/plugins/com.st.stm32cube.ide.mcu.externaltools.gnu-tools-for-stm32.11.3.rel1.win32_1.1.100.202309141235/tools/bin/../lib/gcc/arm-none-eabi/11.3.1/thumb/v6-m/nofp\libgcc.a(divdf3.o)
                0x0000000008000aec                __aeabi_ddiv
 .text          0x00000000080010c8      0x584 C:/ST/STM32CubeIDE_1.14.1/STM32CubeIDE/plugins/com.st.stm32cube.ide.mcu.externaltools.gnu-tools-for-stm32.11.3.rel1.win32_1.1.100.202309141235/tools/bin/../lib/gcc/arm-none-eabi/11.3.1/thumb/v6-m/nofp\libgcc.a(muldf3.o)
                0x00000000080010c8                __aeabi_dmul
 .text          0x000000000800164c      0x704 C:/ST/STM32CubeIDE_1.14.1/STM32CubeIDE/plugins/com.st.stm32cube.ide.mcu.externaltools.gnu-tools-for-stm32.11.3.rel1.win32_1.1.100.202309141235/tools/bin/../lib/gcc/arm-none-eabi/11.3.1/thumb/v6-m/nofp\libgcc.a(subdf3.o)
                0x000000000800164c                __aeabi_dsub
 .text          0x0000000008001d50       0x6c C:/ST/STM32CubeIDE_1.14.1/STM32CubeIDE/plugins/com.st.stm32cube.ide.mcu.externaltools.gnu-tools-for-stm32.11.3.rel1.win32_1.1.100.202309141235/tools/bin/../lib/gcc/arm-none-eabi/11.3.1/thumb/v6-m/nofp\libgcc.a(fixdfsi.o)
                0x0000000008001d50                __aeabi_d2iz
 .text          0x0000000008001dbc       0x60 C:/ST/STM32CubeIDE_1.14.1/STM32CubeIDE/plugins/com.st.stm32cube.ide.mcu.externaltools.gnu-tools-for-stm32.11.3.rel1.win32_1.1.100.202309141235/tools/bin/../lib/gcc/arm-none-eabi/11.3.1/thumb/v6-m/nofp\libgcc.a(floatsidf.o)
                0x0000000008001dbc                __aeabi_i2d
 .text          0x0000000008001e1c       0x4c C:/ST/STM32CubeIDE_1.14.1/STM32CubeIDE/plugins/com.st.stm32cube.ide.mcu.externaltools.gnu-tools-for-stm32.11.3.rel1.win32_1.1.100.202309141235/tools/bin/../lib/gcc/arm-none-eabi/11.3.1/thumb/v6-m/nofp\libgcc.a(floatunsidf.o)
                0x0000000008001e1c                __aeabi_ui2d
 .text          0x0000000008001e68       0x7c C:/ST/STM32CubeIDE_1.14.1/STM32CubeIDE/plugins/com.st.stm32cube.ide.mcu.externaltools.gnu-tools-for-stm32.11.3.rel1.win32_1.1.100.202309141235/tools/bin/../lib/gcc/arm-none-eabi/11.3.1/thumb/v6-m/nofp\libgcc.a(_arm_cmpdf2.o)
                0x0000000008001e68                __aeabi_cdrcmple
                0x0000000008001e78                __aeabi_cdcmple
                0x0000000008001e78                __aeabi_cdcmpeq
                0x0000000008001e88                __aeabi_dcmpeq
                0x0000000008001e94                __aeabi_dcmplt
                0x0000000008001ea8                __aeabi_dcmple
                0x0000000008001ebc                __aeabi_dcmpgt
                0x0000000008001ed0                __aeabi_dcmpge
 .text          0x0000000008001ee4       0x3c C:/ST/STM32CubeIDE_1.14.1/STM32CubeIDE/plugins/com.st.stm32cube.ide.mcu.externaltools.gnu-tools-for-stm32.11.3.rel1.win32_1.1.100.202309141235/tools/bin/../lib/gcc/arm-none-eabi/11.3.1/thumb/v6-m/nofp\libgcc.a(_clzsi2.o)
                0x0000000008001ee4                __clzsi2
 .text          0x0000000008001f20       0x84 C:/ST/STM32CubeIDE_1.14.1/STM32CubeIDE/plugins/com.st.stm32cube.ide.mcu.externaltools.gnu-tools-for-stm32.11.3.rel1.win32_1.1.100.202309141235/tools/bin/../lib/gcc/arm-none-eabi/11.3.1/thumb/v6-m/nofp\libgcc.a(eqdf2.o)
                0x0000000008001f20                __nedf2
                0x0000000008001f20                __eqdf2
 .text          0x0000000008001fa4       0xcc C:/ST/STM32CubeIDE_1.14.1/STM32CubeIDE/plugins/com.st.stm32cube.ide.mcu.externaltools.gnu-tools-for-stm32.11.3.rel1.win32_1.1.100.202309141235/tools/bin/../lib/gcc/arm-none-eabi/11.3.1/thumb/v6-m/nofp\libgcc.a(gedf2.o)
                0x0000000008001fa4                __gedf2
                0x0000000008001fa4                __gtdf2
 .text          0x0000000008002070       0xc8 C:/ST/STM32CubeIDE_1.14.1/STM32CubeIDE/plugins/com.st.stm32cube.ide.mcu.externaltools.gnu-tools-for-stm32.11.3.rel1.win32_1.1.100.202309141235/tools/bin/../lib/gcc/arm-none-eabi/11.3.1/thumb/v6-m/nofp\libgcc.a(ledf2.o)
                0x0000000008002070                __ledf2
                0x0000000008002070                __ltdf2
 *(.text*)
 .text.MX_ADC_Init
                0x0000000008002138       0xd0 ./Core/Src/adc.o
                0x0000000008002138                MX_ADC_Init
 .text.HAL_ADC_MspInit
                0x0000000008002208       0x8c ./Core/Src/adc.o
                0x0000000008002208                HAL_ADC_MspInit
 .text.ADC_read
                0x0000000008002294       0x58 ./Core/Src/adc.o
                0x0000000008002294                ADC_read
 .text.ReadButton
                0x00000000080022ec       0xd0 ./Core/Src/button.o
                0x00000000080022ec                ReadButton
 .text.ShowFND  0x00000000080023bc       0xfc ./Core/Src/fnd.o
                0x00000000080023bc                ShowFND
 .text.OffFND   0x00000000080024b8       0x14 ./Core/Src/fnd.o
                0x00000000080024b8                OffFND
 .text.MX_GPIO_Init
                0x00000000080024cc      0x124 ./Core/Src/gpio.o
                0x00000000080024cc                MX_GPIO_Init
 .text.CheckJoystick
                0x00000000080025f0      0x104 ./Core/Src/joystick.o
                0x00000000080025f0                CheckJoystick
 .text.main     0x00000000080026f4       0xe0 ./Core/Src/main.o
                0x00000000080026f4                main
 .text.SystemClock_Config
                0x00000000080027d4       0xce ./Core/Src/main.o
                0x00000000080027d4                SystemClock_Config
 .text.Error_Handler
                0x00000000080028a2        0xa ./Core/Src/main.o
                0x00000000080028a2                Error_Handler
 .text.Uart1_Init
                0x00000000080028ac       0x20 ./Core/Src/protocol.o
                0x00000000080028ac                Uart1_Init
 .text.Comm_UartWrite
                0x00000000080028cc       0xa8 ./Core/Src/protocol.o
                0x00000000080028cc                Comm_UartWrite
 .text.Uart1_Handler
                0x0000000008002974       0x9c ./Core/Src/protocol.o
                0x0000000008002974                Uart1_Handler
 .text.Check_Protocol
                0x0000000008002a10      0x268 ./Core/Src/protocol.o
                0x0000000008002a10                Check_Protocol
 .text.Scheduling_Init
                0x0000000008002c78       0x18 ./Core/Src/scheduling.o
                0x0000000008002c78                Scheduling_Init
 .text.HAL_TIM_PeriodElapsedCallback
                0x0000000008002c90       0x90 ./Core/Src/scheduling.o
                0x0000000008002c90                HAL_TIM_PeriodElapsedCallback
 .text.TaskScheduling
                0x0000000008002d20       0x68 ./Core/Src/scheduling.o
                0x0000000008002d20                TaskScheduling
 .text.Task1ms  0x0000000008002d88      0x1e4 ./Core/Src/scheduling.o
                0x0000000008002d88                Task1ms
 .text.Task10ms
                0x0000000008002f6c       0x68 ./Core/Src/scheduling.o
                0x0000000008002f6c                Task10ms
 .text.Task100ms
                0x0000000008002fd4       0x94 ./Core/Src/scheduling.o
                0x0000000008002fd4                Task100ms
 .text.Task150ms
                0x0000000008003068      0x168 ./Core/Src/scheduling.o
                0x0000000008003068                Task150ms
 .text.Task1000ms
                0x00000000080031d0       0x94 ./Core/Src/scheduling.o
                0x00000000080031d0                Task1000ms
 .text.Servo_Init
                0x0000000008003264       0xbc ./Core/Src/servo.o
                0x0000000008003264                Servo_Init
 .text.ServoAngleChange
                0x0000000008003320       0x62 ./Core/Src/servo.o
                0x0000000008003320                ServoAngleChange
 *fill*         0x0000000008003382        0x2 
 .text.ServoAngleToCCR
                0x0000000008003384       0x60 ./Core/Src/servo.o
                0x0000000008003384                ServoAngleToCCR
 .text.delay    0x00000000080033e4       0x34 ./Core/Src/sonic.o
                0x00000000080033e4                delay
 .text.HAL_TIM_IC_CaptureCallback
                0x0000000008003418      0x144 ./Core/Src/sonic.o
                0x0000000008003418                HAL_TIM_IC_CaptureCallback
 .text.Sonic_Read
                0x000000000800355c       0x44 ./Core/Src/sonic.o
                0x000000000800355c                Sonic_Read
 .text.CheckSonicClose
                0x00000000080035a0       0x24 ./Core/Src/sonic.o
                0x00000000080035a0                CheckSonicClose
 .text.Sonic_Init
                0x00000000080035c4       0x1e ./Core/Src/sonic.o
                0x00000000080035c4                Sonic_Init
 *fill*         0x00000000080035e2        0x2 
 .text.HAL_MspInit
                0x00000000080035e4       0x48 ./Core/Src/stm32f0xx_hal_msp.o
                0x00000000080035e4                HAL_MspInit
 .text.NMI_Handler
                0x000000000800362c        0x6 ./Core/Src/stm32f0xx_it.o
                0x000000000800362c                NMI_Handler
 .text.HardFault_Handler
                0x0000000008003632        0x6 ./Core/Src/stm32f0xx_it.o
                0x0000000008003632                HardFault_Handler
 .text.SVC_Handler
                0x0000000008003638        0xa ./Core/Src/stm32f0xx_it.o
                0x0000000008003638                SVC_Handler
 .text.PendSV_Handler
                0x0000000008003642        0xa ./Core/Src/stm32f0xx_it.o
                0x0000000008003642                PendSV_Handler
 .text.SysTick_Handler
                0x000000000800364c        0xe ./Core/Src/stm32f0xx_it.o
                0x000000000800364c                SysTick_Handler
 *fill*         0x000000000800365a        0x2 
 .text.TIM3_IRQHandler
                0x000000000800365c       0x18 ./Core/Src/stm32f0xx_it.o
                0x000000000800365c                TIM3_IRQHandler
 .text.TIM15_IRQHandler
                0x0000000008003674       0x18 ./Core/Src/stm32f0xx_it.o
                0x0000000008003674                TIM15_IRQHandler
 .text.USART1_IRQHandler
                0x000000000800368c       0x1c ./Core/Src/stm32f0xx_it.o
                0x000000000800368c                USART1_IRQHandler
 .text.SystemInit
                0x00000000080036a8        0xa ./Core/Src/system_stm32f0xx.o
                0x00000000080036a8                SystemInit
 *fill*         0x00000000080036b2        0x2 
 .text.MX_TIM1_Init
                0x00000000080036b4      0x1b8 ./Core/Src/tim.o
                0x00000000080036b4                MX_TIM1_Init
 .text.MX_TIM2_Init
                0x000000000800386c      0x100 ./Core/Src/tim.o
                0x000000000800386c                MX_TIM2_Init
 .text.MX_TIM3_Init
                0x000000000800396c       0xac ./Core/Src/tim.o
                0x000000000800396c                MX_TIM3_Init
 .text.MX_TIM15_Init
                0x0000000008003a18      0x100 ./Core/Src/tim.o
                0x0000000008003a18                MX_TIM15_Init
 .text.HAL_TIM_Base_MspInit
                0x0000000008003b18      0x138 ./Core/Src/tim.o
                0x0000000008003b18                HAL_TIM_Base_MspInit
 .text.HAL_TIM_MspPostInit
                0x0000000008003c50       0xd8 ./Core/Src/tim.o
                0x0000000008003c50                HAL_TIM_MspPostInit
 .text.MX_USART1_UART_Init
                0x0000000008003d28       0x60 ./Core/Src/usart.o
                0x0000000008003d28                MX_USART1_UART_Init
 .text.HAL_UART_MspInit
                0x0000000008003d88       0xac ./Core/Src/usart.o
                0x0000000008003d88                HAL_UART_MspInit
 .text.Reset_Handler
                0x0000000008003e34       0x50 ./Core/Startup/startup_stm32f091rctx.o
                0x0000000008003e34                Reset_Handler
 .text.Default_Handler
                0x0000000008003e84        0x2 ./Core/Startup/startup_stm32f091rctx.o
                0x0000000008003e84                TIM1_CC_IRQHandler
                0x0000000008003e84                TSC_IRQHandler
                0x0000000008003e84                ADC1_COMP_IRQHandler
                0x0000000008003e84                I2C1_IRQHandler
                0x0000000008003e84                RCC_CRS_IRQHandler
                0x0000000008003e84                SPI1_IRQHandler
                0x0000000008003e84                TIM6_DAC_IRQHandler
                0x0000000008003e84                DMA1_Ch1_IRQHandler
                0x0000000008003e84                EXTI2_3_IRQHandler
                0x0000000008003e84                I2C2_IRQHandler
                0x0000000008003e84                TIM17_IRQHandler
                0x0000000008003e84                CEC_CAN_IRQHandler
                0x0000000008003e84                RTC_IRQHandler
                0x0000000008003e84                PVD_VDDIO2_IRQHandler
                0x0000000008003e84                TIM16_IRQHandler
                0x0000000008003e84                EXTI4_15_IRQHandler
                0x0000000008003e84                USART3_8_IRQHandler
                0x0000000008003e84                Default_Handler
                0x0000000008003e84                TIM14_IRQHandler
                0x0000000008003e84                TIM7_IRQHandler
                0x0000000008003e84                EXTI0_1_IRQHandler
                0x0000000008003e84                SPI2_IRQHandler
                0x0000000008003e84                DMA1_Ch2_3_DMA2_Ch1_2_IRQHandler
                0x0000000008003e84                DMA1_Ch4_7_DMA2_Ch3_5_IRQHandler
                0x0000000008003e84                WWDG_IRQHandler
                0x0000000008003e84                TIM2_IRQHandler
                0x0000000008003e84                USART2_IRQHandler
                0x0000000008003e84                FLASH_IRQHandler
                0x0000000008003e84                TIM1_BRK_UP_TRG_COM_IRQHandler
 *fill*         0x0000000008003e86        0x2 
 .text.HAL_Init
                0x0000000008003e88       0x28 ./Drivers/STM32F0xx_HAL_Driver/Src/stm32f0xx_hal.o
                0x0000000008003e88                HAL_Init
 .text.HAL_InitTick
                0x0000000008003eb0       0x68 ./Drivers/STM32F0xx_HAL_Driver/Src/stm32f0xx_hal.o
                0x0000000008003eb0                HAL_InitTick
 .text.HAL_IncTick
                0x0000000008003f18       0x24 ./Drivers/STM32F0xx_HAL_Driver/Src/stm32f0xx_hal.o
                0x0000000008003f18                HAL_IncTick
 .text.HAL_GetTick
                0x0000000008003f3c       0x14 ./Drivers/STM32F0xx_HAL_Driver/Src/stm32f0xx_hal.o
                0x0000000008003f3c                HAL_GetTick
 .text.HAL_Delay
                0x0000000008003f50       0x48 ./Drivers/STM32F0xx_HAL_Driver/Src/stm32f0xx_hal.o
                0x0000000008003f50                HAL_Delay
 .text.HAL_ADC_Init
                0x0000000008003f98      0x280 ./Drivers/STM32F0xx_HAL_Driver/Src/stm32f0xx_hal_adc.o
                0x0000000008003f98                HAL_ADC_Init
 .text.HAL_ADC_Start
                0x0000000008004218       0xa8 ./Drivers/STM32F0xx_HAL_Driver/Src/stm32f0xx_hal_adc.o
                0x0000000008004218                HAL_ADC_Start
 .text.HAL_ADC_PollForConversion
                0x00000000080042c0      0x130 ./Drivers/STM32F0xx_HAL_Driver/Src/stm32f0xx_hal_adc.o
                0x00000000080042c0                HAL_ADC_PollForConversion
 .text.HAL_ADC_GetValue
                0x00000000080043f0       0x16 ./Drivers/STM32F0xx_HAL_Driver/Src/stm32f0xx_hal_adc.o
                0x00000000080043f0                HAL_ADC_GetValue
 *fill*         0x0000000008004406        0x2 
 .text.HAL_ADC_ConfigChannel
                0x0000000008004408      0x21c ./Drivers/STM32F0xx_HAL_Driver/Src/stm32f0xx_hal_adc.o
                0x0000000008004408                HAL_ADC_ConfigChannel
 .text.ADC_Enable
                0x0000000008004624      0x108 ./Drivers/STM32F0xx_HAL_Driver/Src/stm32f0xx_hal_adc.o
 .text.__NVIC_EnableIRQ
                0x000000000800472c       0x34 ./Drivers/STM32F0xx_HAL_Driver/Src/stm32f0xx_hal_cortex.o
 .text.__NVIC_SetPriority
                0x0000000008004760       0xdc ./Drivers/STM32F0xx_HAL_Driver/Src/stm32f0xx_hal_cortex.o
 .text.SysTick_Config
                0x000000000800483c       0x48 ./Drivers/STM32F0xx_HAL_Driver/Src/stm32f0xx_hal_cortex.o
 .text.HAL_NVIC_SetPriority
                0x0000000008004884       0x2a ./Drivers/STM32F0xx_HAL_Driver/Src/stm32f0xx_hal_cortex.o
                0x0000000008004884                HAL_NVIC_SetPriority
 .text.HAL_NVIC_EnableIRQ
                0x00000000080048ae       0x20 ./Drivers/STM32F0xx_HAL_Driver/Src/stm32f0xx_hal_cortex.o
                0x00000000080048ae                HAL_NVIC_EnableIRQ
 .text.HAL_SYSTICK_Config
                0x00000000080048ce       0x1a ./Drivers/STM32F0xx_HAL_Driver/Src/stm32f0xx_hal_cortex.o
                0x00000000080048ce                HAL_SYSTICK_Config
 .text.HAL_DMA_Abort
                0x00000000080048e8       0x70 ./Drivers/STM32F0xx_HAL_Driver/Src/stm32f0xx_hal_dma.o
                0x00000000080048e8                HAL_DMA_Abort
 .text.HAL_DMA_Abort_IT
                0x0000000008004958       0x8a ./Drivers/STM32F0xx_HAL_Driver/Src/stm32f0xx_hal_dma.o
                0x0000000008004958                HAL_DMA_Abort_IT
 *fill*         0x00000000080049e2        0x2 
 .text.HAL_GPIO_Init
                0x00000000080049e4      0x2f0 ./Drivers/STM32F0xx_HAL_Driver/Src/stm32f0xx_hal_gpio.o
                0x00000000080049e4                HAL_GPIO_Init
 .text.HAL_GPIO_ReadPin
                0x0000000008004cd4       0x3a ./Drivers/STM32F0xx_HAL_Driver/Src/stm32f0xx_hal_gpio.o
                0x0000000008004cd4                HAL_GPIO_ReadPin
 .text.HAL_GPIO_WritePin
                0x0000000008004d0e       0x3a ./Drivers/STM32F0xx_HAL_Driver/Src/stm32f0xx_hal_gpio.o
                0x0000000008004d0e                HAL_GPIO_WritePin
 .text.HAL_RCC_OscConfig
                0x0000000008004d48      0x70c ./Drivers/STM32F0xx_HAL_Driver/Src/stm32f0xx_hal_rcc.o
                0x0000000008004d48                HAL_RCC_OscConfig
 .text.HAL_RCC_ClockConfig
                0x0000000008005454      0x1b4 ./Drivers/STM32F0xx_HAL_Driver/Src/stm32f0xx_hal_rcc.o
                0x0000000008005454                HAL_RCC_ClockConfig
 .text.HAL_RCC_GetSysClockFreq
                0x0000000008005608       0xe4 ./Drivers/STM32F0xx_HAL_Driver/Src/stm32f0xx_hal_rcc.o
                0x0000000008005608                HAL_RCC_GetSysClockFreq
 .text.HAL_RCC_GetHCLKFreq
                0x00000000080056ec       0x14 ./Drivers/STM32F0xx_HAL_Driver/Src/stm32f0xx_hal_rcc.o
                0x00000000080056ec                HAL_RCC_GetHCLKFreq
 .text.HAL_RCC_GetPCLK1Freq
                0x0000000008005700       0x2c ./Drivers/STM32F0xx_HAL_Driver/Src/stm32f0xx_hal_rcc.o
                0x0000000008005700                HAL_RCC_GetPCLK1Freq
 .text.HAL_RCCEx_PeriphCLKConfig
                0x000000000800572c      0x200 ./Drivers/STM32F0xx_HAL_Driver/Src/stm32f0xx_hal_rcc_ex.o
                0x000000000800572c                HAL_RCCEx_PeriphCLKConfig
 .text.HAL_TIM_Base_Init
                0x000000000800592c       0xa0 ./Drivers/STM32F0xx_HAL_Driver/Src/stm32f0xx_hal_tim.o
                0x000000000800592c                HAL_TIM_Base_Init
 .text.HAL_TIM_Base_Start_IT
                0x00000000080059cc       0xa4 ./Drivers/STM32F0xx_HAL_Driver/Src/stm32f0xx_hal_tim.o
                0x00000000080059cc                HAL_TIM_Base_Start_IT
 .text.HAL_TIM_PWM_Init
                0x0000000008005a70       0xa0 ./Drivers/STM32F0xx_HAL_Driver/Src/stm32f0xx_hal_tim.o
                0x0000000008005a70                HAL_TIM_PWM_Init
 .text.HAL_TIM_PWM_MspInit
                0x0000000008005b10       0x10 ./Drivers/STM32F0xx_HAL_Driver/Src/stm32f0xx_hal_tim.o
                0x0000000008005b10                HAL_TIM_PWM_MspInit
 .text.HAL_TIM_IC_Init
                0x0000000008005b20       0xa0 ./Drivers/STM32F0xx_HAL_Driver/Src/stm32f0xx_hal_tim.o
                0x0000000008005b20                HAL_TIM_IC_Init
 .text.HAL_TIM_IC_MspInit
                0x0000000008005bc0       0x10 ./Drivers/STM32F0xx_HAL_Driver/Src/stm32f0xx_hal_tim.o
                0x0000000008005bc0                HAL_TIM_IC_MspInit
 .text.HAL_TIM_IC_Start_IT
                0x0000000008005bd0      0x21c ./Drivers/STM32F0xx_HAL_Driver/Src/stm32f0xx_hal_tim.o
                0x0000000008005bd0                HAL_TIM_IC_Start_IT
 .text.HAL_TIM_IRQHandler
                0x0000000008005dec      0x22c ./Drivers/STM32F0xx_HAL_Driver/Src/stm32f0xx_hal_tim.o
                0x0000000008005dec                HAL_TIM_IRQHandler
 .text.HAL_TIM_IC_ConfigChannel
                0x0000000008006018      0x148 ./Drivers/STM32F0xx_HAL_Driver/Src/stm32f0xx_hal_tim.o
                0x0000000008006018                HAL_TIM_IC_ConfigChannel
 .text.HAL_TIM_PWM_ConfigChannel
                0x0000000008006160      0x18c ./Drivers/STM32F0xx_HAL_Driver/Src/stm32f0xx_hal_tim.o
                0x0000000008006160                HAL_TIM_PWM_ConfigChannel
 .text.HAL_TIM_ConfigClockSource
                0x00000000080062ec      0x1a8 ./Drivers/STM32F0xx_HAL_Driver/Src/stm32f0xx_hal_tim.o
                0x00000000080062ec                HAL_TIM_ConfigClockSource
 .text.HAL_TIM_ReadCapturedValue
                0x0000000008006494       0x68 ./Drivers/STM32F0xx_HAL_Driver/Src/stm32f0xx_hal_tim.o
                0x0000000008006494                HAL_TIM_ReadCapturedValue
 .text.HAL_TIM_OC_DelayElapsedCallback
                0x00000000080064fc       0x10 ./Drivers/STM32F0xx_HAL_Driver/Src/stm32f0xx_hal_tim.o
                0x00000000080064fc                HAL_TIM_OC_DelayElapsedCallback
 .text.HAL_TIM_PWM_PulseFinishedCallback
                0x000000000800650c       0x10 ./Drivers/STM32F0xx_HAL_Driver/Src/stm32f0xx_hal_tim.o
                0x000000000800650c                HAL_TIM_PWM_PulseFinishedCallback
 .text.HAL_TIM_TriggerCallback
                0x000000000800651c       0x10 ./Drivers/STM32F0xx_HAL_Driver/Src/stm32f0xx_hal_tim.o
                0x000000000800651c                HAL_TIM_TriggerCallback
 .text.TIM_Base_SetConfig
                0x000000000800652c      0x100 ./Drivers/STM32F0xx_HAL_Driver/Src/stm32f0xx_hal_tim.o
                0x000000000800652c                TIM_Base_SetConfig
 .text.TIM_OC1_SetConfig
                0x000000000800662c      0x110 ./Drivers/STM32F0xx_HAL_Driver/Src/stm32f0xx_hal_tim.o
 .text.TIM_OC2_SetConfig
                0x000000000800673c      0x108 ./Drivers/STM32F0xx_HAL_Driver/Src/stm32f0xx_hal_tim.o
                0x000000000800673c                TIM_OC2_SetConfig
 .text.TIM_OC3_SetConfig
                0x0000000008006844      0x10c ./Drivers/STM32F0xx_HAL_Driver/Src/stm32f0xx_hal_tim.o
 .text.TIM_OC4_SetConfig
                0x0000000008006950       0xd4 ./Drivers/STM32F0xx_HAL_Driver/Src/stm32f0xx_hal_tim.o
 .text.TIM_TI1_SetConfig
                0x0000000008006a24       0xb8 ./Drivers/STM32F0xx_HAL_Driver/Src/stm32f0xx_hal_tim.o
                0x0000000008006a24                TIM_TI1_SetConfig
 .text.TIM_TI1_ConfigInputStage
                0x0000000008006adc       0x5c ./Drivers/STM32F0xx_HAL_Driver/Src/stm32f0xx_hal_tim.o
 .text.TIM_TI2_SetConfig
                0x0000000008006b38       0x84 ./Drivers/STM32F0xx_HAL_Driver/Src/stm32f0xx_hal_tim.o
 .text.TIM_TI2_ConfigInputStage
                0x0000000008006bbc       0x64 ./Drivers/STM32F0xx_HAL_Driver/Src/stm32f0xx_hal_tim.o
 .text.TIM_TI3_SetConfig
                0x0000000008006c20       0x80 ./Drivers/STM32F0xx_HAL_Driver/Src/stm32f0xx_hal_tim.o
 .text.TIM_TI4_SetConfig
                0x0000000008006ca0       0x8c ./Drivers/STM32F0xx_HAL_Driver/Src/stm32f0xx_hal_tim.o
 .text.TIM_ITRx_SetConfig
                0x0000000008006d2c       0x32 ./Drivers/STM32F0xx_HAL_Driver/Src/stm32f0xx_hal_tim.o
 *fill*         0x0000000008006d5e        0x2 
 .text.TIM_ETR_SetConfig
                0x0000000008006d60       0x40 ./Drivers/STM32F0xx_HAL_Driver/Src/stm32f0xx_hal_tim.o
                0x0000000008006d60                TIM_ETR_SetConfig
 .text.TIM_CCxChannelCmd
                0x0000000008006da0       0x46 ./Drivers/STM32F0xx_HAL_Driver/Src/stm32f0xx_hal_tim.o
                0x0000000008006da0                TIM_CCxChannelCmd
 *fill*         0x0000000008006de6        0x2 
 .text.HAL_TIMEx_MasterConfigSynchronization
                0x0000000008006de8       0xbc ./Drivers/STM32F0xx_HAL_Driver/Src/stm32f0xx_hal_tim_ex.o
                0x0000000008006de8                HAL_TIMEx_MasterConfigSynchronization
 .text.HAL_TIMEx_ConfigBreakDeadTime
                0x0000000008006ea4       0xbc ./Drivers/STM32F0xx_HAL_Driver/Src/stm32f0xx_hal_tim_ex.o
                0x0000000008006ea4                HAL_TIMEx_ConfigBreakDeadTime
 .text.HAL_TIMEx_CommutCallback
                0x0000000008006f60       0x10 ./Drivers/STM32F0xx_HAL_Driver/Src/stm32f0xx_hal_tim_ex.o
                0x0000000008006f60                HAL_TIMEx_CommutCallback
 .text.HAL_TIMEx_BreakCallback
                0x0000000008006f70       0x10 ./Drivers/STM32F0xx_HAL_Driver/Src/stm32f0xx_hal_tim_ex.o
                0x0000000008006f70                HAL_TIMEx_BreakCallback
 .text.HAL_UART_Init
                0x0000000008006f80       0xa8 ./Drivers/STM32F0xx_HAL_Driver/Src/stm32f0xx_hal_uart.o
                0x0000000008006f80                HAL_UART_Init
 .text.HAL_UART_Transmit
                0x0000000008007028      0x140 ./Drivers/STM32F0xx_HAL_Driver/Src/stm32f0xx_hal_uart.o
                0x0000000008007028                HAL_UART_Transmit
 .text.HAL_UART_Receive_IT
                0x0000000008007168       0xae ./Drivers/STM32F0xx_HAL_Driver/Src/stm32f0xx_hal_uart.o
                0x0000000008007168                HAL_UART_Receive_IT
 *fill*         0x0000000008007216        0x2 
 .text.HAL_UART_IRQHandler
                0x0000000008007218      0x5c0 ./Drivers/STM32F0xx_HAL_Driver/Src/stm32f0xx_hal_uart.o
                0x0000000008007218                HAL_UART_IRQHandler
 .text.HAL_UART_TxCpltCallback
                0x00000000080077d8       0x10 ./Drivers/STM32F0xx_HAL_Driver/Src/stm32f0xx_hal_uart.o
                0x00000000080077d8                HAL_UART_TxCpltCallback
 .text.HAL_UART_RxCpltCallback
                0x00000000080077e8       0x10 ./Drivers/STM32F0xx_HAL_Driver/Src/stm32f0xx_hal_uart.o
                0x00000000080077e8                HAL_UART_RxCpltCallback
 .text.HAL_UART_ErrorCallback
                0x00000000080077f8       0x10 ./Drivers/STM32F0xx_HAL_Driver/Src/stm32f0xx_hal_uart.o
                0x00000000080077f8                HAL_UART_ErrorCallback
 .text.HAL_UARTEx_RxEventCallback
                0x0000000008007808       0x16 ./Drivers/STM32F0xx_HAL_Driver/Src/stm32f0xx_hal_uart.o
                0x0000000008007808                HAL_UARTEx_RxEventCallback
 *fill*         0x000000000800781e        0x2 
 .text.UART_SetConfig
                0x0000000008007820      0x3d0 ./Drivers/STM32F0xx_HAL_Driver/Src/stm32f0xx_hal_uart.o
                0x0000000008007820                UART_SetConfig
 .text.UART_AdvFeatureConfig
                0x0000000008007bf0      0x168 ./Drivers/STM32F0xx_HAL_Driver/Src/stm32f0xx_hal_uart.o
                0x0000000008007bf0                UART_AdvFeatureConfig
 .text.UART_CheckIdleState
                0x0000000008007d58      0x150 ./Drivers/STM32F0xx_HAL_Driver/Src/stm32f0xx_hal_uart.o
                0x0000000008007d58                UART_CheckIdleState
 .text.UART_WaitOnFlagUntilTimeout
                0x0000000008007ea8       0xd2 ./Drivers/STM32F0xx_HAL_Driver/Src/stm32f0xx_hal_uart.o
                0x0000000008007ea8                UART_WaitOnFlagUntilTimeout
 *fill*         0x0000000008007f7a        0x2 
 .text.UART_Start_Receive_IT
                0x0000000008007f7c      0x194 ./Drivers/STM32F0xx_HAL_Driver/Src/stm32f0xx_hal_uart.o
                0x0000000008007f7c                UART_Start_Receive_IT
 .text.UART_EndRxTransfer
                0x0000000008008110       0xc8 ./Drivers/STM32F0xx_HAL_Driver/Src/stm32f0xx_hal_uart.o
 .text.UART_DMAAbortOnError
                0x00000000080081d8       0x2e ./Drivers/STM32F0xx_HAL_Driver/Src/stm32f0xx_hal_uart.o
 .text.UART_EndTransmit_IT
                0x0000000008008206       0x56 ./Drivers/STM32F0xx_HAL_Driver/Src/stm32f0xx_hal_uart.o
 .text.UART_RxISR_8BIT
                0x000000000800825c      0x1b8 ./Drivers/STM32F0xx_HAL_Driver/Src/stm32f0xx_hal_uart.o
 .text.UART_RxISR_16BIT
                0x0000000008008414      0x1b8 ./Drivers/STM32F0xx_HAL_Driver/Src/stm32f0xx_hal_uart.o
 .text.HAL_UARTEx_WakeupCallback
                0x00000000080085cc       0x10 ./Drivers/STM32F0xx_HAL_Driver/Src/stm32f0xx_hal_uart_ex.o
                0x00000000080085cc                HAL_UARTEx_WakeupCallback
 .text.memset   0x00000000080085dc       0x10 C:/ST/STM32CubeIDE_1.14.1/STM32CubeIDE/plugins/com.st.stm32cube.ide.mcu.externaltools.gnu-tools-for-stm32.11.3.rel1.win32_1.1.100.202309141235/tools/bin/../lib/gcc/arm-none-eabi/11.3.1/../../../../arm-none-eabi/lib/thumb/v6-m/nofp\libc_nano.a(libc_a-memset.o)
                0x00000000080085dc                memset
 .text.strncmp  0x00000000080085ec       0x22 C:/ST/STM32CubeIDE_1.14.1/STM32CubeIDE/plugins/com.st.stm32cube.ide.mcu.externaltools.gnu-tools-for-stm32.11.3.rel1.win32_1.1.100.202309141235/tools/bin/../lib/gcc/arm-none-eabi/11.3.1/../../../../arm-none-eabi/lib/thumb/v6-m/nofp\libc_nano.a(libc_a-strncmp.o)
                0x00000000080085ec                strncmp
 *fill*         0x000000000800860e        0x2 
 .text.__libc_init_array
                0x0000000008008610       0x48 C:/ST/STM32CubeIDE_1.14.1/STM32CubeIDE/plugins/com.st.stm32cube.ide.mcu.externaltools.gnu-tools-for-stm32.11.3.rel1.win32_1.1.100.202309141235/tools/bin/../lib/gcc/arm-none-eabi/11.3.1/../../../../arm-none-eabi/lib/thumb/v6-m/nofp\libc_nano.a(libc_a-init.o)
                0x0000000008008610                __libc_init_array
 *(.glue_7)
 .glue_7        0x0000000008008658        0x0 linker stubs
 *(.glue_7t)
 .glue_7t       0x0000000008008658        0x0 linker stubs
 *(.eh_frame)
 .eh_frame      0x0000000008008658        0x0 C:/ST/STM32CubeIDE_1.14.1/STM32CubeIDE/plugins/com.st.stm32cube.ide.mcu.externaltools.gnu-tools-for-stm32.11.3.rel1.win32_1.1.100.202309141235/tools/bin/../lib/gcc/arm-none-eabi/11.3.1/thumb/v6-m/nofp/crtbegin.o
 *(.init)
 .init          0x0000000008008658        0x4 C:/ST/STM32CubeIDE_1.14.1/STM32CubeIDE/plugins/com.st.stm32cube.ide.mcu.externaltools.gnu-tools-for-stm32.11.3.rel1.win32_1.1.100.202309141235/tools/bin/../lib/gcc/arm-none-eabi/11.3.1/thumb/v6-m/nofp/crti.o
                0x0000000008008658                _init
 .init          0x000000000800865c        0x8 C:/ST/STM32CubeIDE_1.14.1/STM32CubeIDE/plugins/com.st.stm32cube.ide.mcu.externaltools.gnu-tools-for-stm32.11.3.rel1.win32_1.1.100.202309141235/tools/bin/../lib/gcc/arm-none-eabi/11.3.1/thumb/v6-m/nofp/crtn.o
 *(.fini)
 .fini          0x0000000008008664        0x4 C:/ST/STM32CubeIDE_1.14.1/STM32CubeIDE/plugins/com.st.stm32cube.ide.mcu.externaltools.gnu-tools-for-stm32.11.3.rel1.win32_1.1.100.202309141235/tools/bin/../lib/gcc/arm-none-eabi/11.3.1/thumb/v6-m/nofp/crti.o
                0x0000000008008664                _fini
 .fini          0x0000000008008668        0x8 C:/ST/STM32CubeIDE_1.14.1/STM32CubeIDE/plugins/com.st.stm32cube.ide.mcu.externaltools.gnu-tools-for-stm32.11.3.rel1.win32_1.1.100.202309141235/tools/bin/../lib/gcc/arm-none-eabi/11.3.1/thumb/v6-m/nofp/crtn.o
                0x0000000008008670                . = ALIGN (0x4)
                0x0000000008008670                _etext = .

.vfp11_veneer   0x0000000008008670        0x0
 .vfp11_veneer  0x0000000008008670        0x0 linker stubs

.v4_bx          0x0000000008008670        0x0
 .v4_bx         0x0000000008008670        0x0 linker stubs

.iplt           0x0000000008008670        0x0
 .iplt          0x0000000008008670        0x0 C:/ST/STM32CubeIDE_1.14.1/STM32CubeIDE/plugins/com.st.stm32cube.ide.mcu.externaltools.gnu-tools-for-stm32.11.3.rel1.win32_1.1.100.202309141235/tools/bin/../lib/gcc/arm-none-eabi/11.3.1/thumb/v6-m/nofp/crtbegin.o

.rodata         0x0000000008008670       0xf0
                0x0000000008008670                . = ALIGN (0x4)
 *(.rodata)
 .rodata        0x0000000008008670       0x75 ./Core/Src/protocol.o
 *fill*         0x00000000080086e5        0x3 
 .rodata        0x00000000080086e8       0x40 C:/ST/STM32CubeIDE_1.14.1/STM32CubeIDE/plugins/com.st.stm32cube.ide.mcu.externaltools.gnu-tools-for-stm32.11.3.rel1.win32_1.1.100.202309141235/tools/bin/../lib/gcc/arm-none-eabi/11.3.1/thumb/v6-m/nofp\libgcc.a(divdf3.o)
 *(.rodata*)
 .rodata.AHBPrescTable
                0x0000000008008728       0x10 ./Core/Src/system_stm32f0xx.o
                0x0000000008008728                AHBPrescTable
 .rodata.APBPrescTable
                0x0000000008008738        0x8 ./Core/Src/system_stm32f0xx.o
                0x0000000008008738                APBPrescTable
 .rodata.aPLLMULFactorTable.1
                0x0000000008008740       0x10 ./Drivers/STM32F0xx_HAL_Driver/Src/stm32f0xx_hal_rcc.o
 .rodata.aPredivFactorTable.0
                0x0000000008008750       0x10 ./Drivers/STM32F0xx_HAL_Driver/Src/stm32f0xx_hal_rcc.o
                0x0000000008008760                . = ALIGN (0x4)

.rel.dyn        0x0000000008008760        0x0
 .rel.iplt      0x0000000008008760        0x0 C:/ST/STM32CubeIDE_1.14.1/STM32CubeIDE/plugins/com.st.stm32cube.ide.mcu.externaltools.gnu-tools-for-stm32.11.3.rel1.win32_1.1.100.202309141235/tools/bin/../lib/gcc/arm-none-eabi/11.3.1/thumb/v6-m/nofp/crtbegin.o

.ARM.extab      0x0000000008008760        0x0
                0x0000000008008760                . = ALIGN (0x4)
 *(.ARM.extab* .gnu.linkonce.armextab.*)
                0x0000000008008760                . = ALIGN (0x4)

.ARM            0x0000000008008760        0x0
                0x0000000008008760                . = ALIGN (0x4)
                0x0000000008008760                __exidx_start = .
 *(.ARM.exidx*)
                0x0000000008008760                __exidx_end = .
                0x0000000008008760                . = ALIGN (0x4)

.preinit_array  0x0000000008008760        0x0
                0x0000000008008760                . = ALIGN (0x4)
                0x0000000008008760                PROVIDE (__preinit_array_start = .)
 *(.preinit_array*)
                0x0000000008008760                PROVIDE (__preinit_array_end = .)
                0x0000000008008760                . = ALIGN (0x4)

.init_array     0x0000000008008760        0x4
                0x0000000008008760                . = ALIGN (0x4)
                0x0000000008008760                PROVIDE (__init_array_start = .)
 *(SORT_BY_NAME(.init_array.*))
 *(.init_array*)
 .init_array    0x0000000008008760        0x4 C:/ST/STM32CubeIDE_1.14.1/STM32CubeIDE/plugins/com.st.stm32cube.ide.mcu.externaltools.gnu-tools-for-stm32.11.3.rel1.win32_1.1.100.202309141235/tools/bin/../lib/gcc/arm-none-eabi/11.3.1/thumb/v6-m/nofp/crtbegin.o
                0x0000000008008764                PROVIDE (__init_array_end = .)
                0x0000000008008764                . = ALIGN (0x4)

.fini_array     0x0000000008008764        0x4
                0x0000000008008764                . = ALIGN (0x4)
                [!provide]                        PROVIDE (__fini_array_start = .)
 *(SORT_BY_NAME(.fini_array.*))
 *(.fini_array*)
 .fini_array    0x0000000008008764        0x4 C:/ST/STM32CubeIDE_1.14.1/STM32CubeIDE/plugins/com.st.stm32cube.ide.mcu.externaltools.gnu-tools-for-stm32.11.3.rel1.win32_1.1.100.202309141235/tools/bin/../lib/gcc/arm-none-eabi/11.3.1/thumb/v6-m/nofp/crtbegin.o
                [!provide]                        PROVIDE (__fini_array_end = .)
                0x0000000008008768                . = ALIGN (0x4)
                0x0000000008008768                _sidata = LOADADDR (.data)

.data           0x0000000020000000       0x3c load address 0x0000000008008768
                0x0000000020000000                . = ALIGN (0x4)
                0x0000000020000000                _sdata = .
 *(.data)
 *(.data*)
 .data.num      0x0000000020000000       0x28 ./Core/Src/fnd.o
                0x0000000020000000                num
 .data.airAutoDir
                0x0000000020000028        0x4 ./Core/Src/scheduling.o
                0x0000000020000028                airAutoDir
 .data.Distance
                0x000000002000002c        0x1 ./Core/Src/sonic.o
                0x000000002000002c                Distance
 .data.DeadZone
                0x000000002000002d        0x1 ./Core/Src/sonic.o
                0x000000002000002d                DeadZone
 *fill*         0x000000002000002e        0x2 
 .data.SystemCoreClock
                0x0000000020000030        0x4 ./Core/Src/system_stm32f0xx.o
                0x0000000020000030                SystemCoreClock
 .data.uwTickPrio
                0x0000000020000034        0x4 ./Drivers/STM32F0xx_HAL_Driver/Src/stm32f0xx_hal.o
                0x0000000020000034                uwTickPrio
 .data.uwTickFreq
                0x0000000020000038        0x1 ./Drivers/STM32F0xx_HAL_Driver/Src/stm32f0xx_hal.o
                0x0000000020000038                uwTickFreq
 *(.RamFunc)
 *(.RamFunc*)
                0x000000002000003c                . = ALIGN (0x4)
 *fill*         0x0000000020000039        0x3 
                0x000000002000003c                _edata = .

.igot.plt       0x000000002000003c        0x0 load address 0x00000000080087a4
 .igot.plt      0x000000002000003c        0x0 C:/ST/STM32CubeIDE_1.14.1/STM32CubeIDE/plugins/com.st.stm32cube.ide.mcu.externaltools.gnu-tools-for-stm32.11.3.rel1.win32_1.1.100.202309141235/tools/bin/../lib/gcc/arm-none-eabi/11.3.1/thumb/v6-m/nofp/crtbegin.o
                0x000000002000003c                . = ALIGN (0x4)

.bss            0x000000002000003c      0x268 load address 0x00000000080087a4
                0x000000002000003c                _sbss = .
                0x000000002000003c                __bss_start__ = _sbss
 *(.bss)
 .bss           0x000000002000003c       0x1c C:/ST/STM32CubeIDE_1.14.1/STM32CubeIDE/plugins/com.st.stm32cube.ide.mcu.externaltools.gnu-tools-for-stm32.11.3.rel1.win32_1.1.100.202309141235/tools/bin/../lib/gcc/arm-none-eabi/11.3.1/thumb/v6-m/nofp/crtbegin.o
 *(.bss*)
 .bss.hadc      0x0000000020000058       0x40 ./Core/Src/adc.o
                0x0000000020000058                hadc
 .bss.JoyStick  0x0000000020000098        0x3 ./Core/Src/button.o
                0x0000000020000098                JoyStick
 *fill*         0x000000002000009b        0x1 
 .bss.SeatTurn  0x000000002000009c        0x3 ./Core/Src/button.o
                0x000000002000009c                SeatTurn
 *fill*         0x000000002000009f        0x1 
 .bss.AirAuto   0x00000000200000a0        0x3 ./Core/Src/button.o
                0x00000000200000a0                AirAuto
 *fill*         0x00000000200000a3        0x1 
 .bss.JoystickInfo
                0x00000000200000a4        0x5 ./Core/Src/joystick.o
                0x00000000200000a4                JoystickInfo
 *fill*         0x00000000200000a9        0x3 
 .bss.ADC_Val   0x00000000200000ac        0x8 ./Core/Src/joystick.o
                0x00000000200000ac                ADC_Val
 .bss.FlagInfo  0x00000000200000b4        0xc ./Core/Src/protocol.o
                0x00000000200000b4                FlagInfo
 .bss.DataInfo  0x00000000200000c0        0x7 ./Core/Src/protocol.o
                0x00000000200000c0                DataInfo
 *fill*         0x00000000200000c7        0x1 
 .bss.RX_Data   0x00000000200000c8        0x8 ./Core/Src/protocol.o
                0x00000000200000c8                RX_Data
 .bss.Rx_flag   0x00000000200000d0        0x4 ./Core/Src/protocol.o
                0x00000000200000d0                Rx_flag
 .bss.Rx_it_source
                0x00000000200000d4        0x4 ./Core/Src/protocol.o
                0x00000000200000d4                Rx_it_source
 .bss.data      0x00000000200000d8        0x1 ./Core/Src/protocol.o
                0x00000000200000d8                data
 .bss.index_rx  0x00000000200000d9        0x1 ./Core/Src/protocol.o
                0x00000000200000d9                index_rx
 *fill*         0x00000000200000da        0x2 
 .bss.SchedulInfo
                0x00000000200000dc        0x5 ./Core/Src/scheduling.o
                0x00000000200000dc                SchedulInfo
 *fill*         0x00000000200000e1        0x3 
 .bss.cnt1ms    0x00000000200000e4        0x4 ./Core/Src/scheduling.o
                0x00000000200000e4                cnt1ms
 .bss.IC_Val1   0x00000000200000e8        0x4 ./Core/Src/sonic.o
                0x00000000200000e8                IC_Val1
 .bss.IC_Val2   0x00000000200000ec        0x4 ./Core/Src/sonic.o
                0x00000000200000ec                IC_Val2
 .bss.Difference
                0x00000000200000f0        0x4 ./Core/Src/sonic.o
                0x00000000200000f0                Difference
 .bss.Is_First_Captured
                0x00000000200000f4        0x1 ./Core/Src/sonic.o
                0x00000000200000f4                Is_First_Captured
 .bss.SonicData
                0x00000000200000f5        0x1 ./Core/Src/sonic.o
                0x00000000200000f5                SonicData
 *fill*         0x00000000200000f6        0x2 
 .bss.htim1     0x00000000200000f8       0x48 ./Core/Src/tim.o
                0x00000000200000f8                htim1
 .bss.htim2     0x0000000020000140       0x48 ./Core/Src/tim.o
                0x0000000020000140                htim2
 .bss.htim3     0x0000000020000188       0x48 ./Core/Src/tim.o
                0x0000000020000188                htim3
 .bss.htim15    0x00000000200001d0       0x48 ./Core/Src/tim.o
                0x00000000200001d0                htim15
 .bss.huart1    0x0000000020000218       0x88 ./Core/Src/usart.o
                0x0000000020000218                huart1
 .bss.uwTick    0x00000000200002a0        0x4 ./Drivers/STM32F0xx_HAL_Driver/Src/stm32f0xx_hal.o
                0x00000000200002a0                uwTick
 *(COMMON)
                0x00000000200002a4                . = ALIGN (0x4)
                0x00000000200002a4                _ebss = .
                0x00000000200002a4                __bss_end__ = _ebss

._user_heap_stack
                0x00000000200002a4      0x604 load address 0x00000000080087a4
                0x00000000200002a8                . = ALIGN (0x8)
 *fill*         0x00000000200002a4        0x4 
                [!provide]                        PROVIDE (end = .)
                0x00000000200002a8                PROVIDE (_end = .)
                0x00000000200004a8                . = (. + _Min_Heap_Size)
 *fill*         0x00000000200002a8      0x200 
                0x00000000200008a8                . = (. + _Min_Stack_Size)
 *fill*         0x00000000200004a8      0x400 
                0x00000000200008a8                . = ALIGN (0x8)

/DISCARD/
 libc.a(*)
 libm.a(*)
 libgcc.a(*)

.ARM.attributes
                0x0000000000000000       0x28
 *(.ARM.attributes)
 .ARM.attributes
                0x0000000000000000       0x1e C:/ST/STM32CubeIDE_1.14.1/STM32CubeIDE/plugins/com.st.stm32cube.ide.mcu.externaltools.gnu-tools-for-stm32.11.3.rel1.win32_1.1.100.202309141235/tools/bin/../lib/gcc/arm-none-eabi/11.3.1/thumb/v6-m/nofp/crti.o
 .ARM.attributes
                0x000000000000001e       0x2c C:/ST/STM32CubeIDE_1.14.1/STM32CubeIDE/plugins/com.st.stm32cube.ide.mcu.externaltools.gnu-tools-for-stm32.11.3.rel1.win32_1.1.100.202309141235/tools/bin/../lib/gcc/arm-none-eabi/11.3.1/thumb/v6-m/nofp/crtbegin.o
 .ARM.attributes
                0x000000000000004a       0x2c ./Core/Src/adc.o
 .ARM.attributes
                0x0000000000000076       0x2c ./Core/Src/button.o
 .ARM.attributes
                0x00000000000000a2       0x2c ./Core/Src/fnd.o
 .ARM.attributes
                0x00000000000000ce       0x2c ./Core/Src/gpio.o
 .ARM.attributes
                0x00000000000000fa       0x2c ./Core/Src/joystick.o
 .ARM.attributes
                0x0000000000000126       0x2c ./Core/Src/main.o
 .ARM.attributes
                0x0000000000000152       0x2c ./Core/Src/protocol.o
 .ARM.attributes
                0x000000000000017e       0x2c ./Core/Src/scheduling.o
 .ARM.attributes
                0x00000000000001aa       0x2c ./Core/Src/servo.o
 .ARM.attributes
                0x00000000000001d6       0x2c ./Core/Src/sonic.o
 .ARM.attributes
                0x0000000000000202       0x2c ./Core/Src/stm32f0xx_hal_msp.o
 .ARM.attributes
                0x000000000000022e       0x2c ./Core/Src/stm32f0xx_it.o
 .ARM.attributes
                0x000000000000025a       0x2c ./Core/Src/system_stm32f0xx.o
 .ARM.attributes
                0x0000000000000286       0x2c ./Core/Src/tim.o
 .ARM.attributes
                0x00000000000002b2       0x2c ./Core/Src/usart.o
 .ARM.attributes
                0x00000000000002de       0x21 ./Core/Startup/startup_stm32f091rctx.o
 .ARM.attributes
                0x00000000000002ff       0x2c ./Drivers/STM32F0xx_HAL_Driver/Src/stm32f0xx_hal.o
 .ARM.attributes
                0x000000000000032b       0x2c ./Drivers/STM32F0xx_HAL_Driver/Src/stm32f0xx_hal_adc.o
 .ARM.attributes
                0x0000000000000357       0x2c ./Drivers/STM32F0xx_HAL_Driver/Src/stm32f0xx_hal_cortex.o
 .ARM.attributes
                0x0000000000000383       0x2c ./Drivers/STM32F0xx_HAL_Driver/Src/stm32f0xx_hal_dma.o
 .ARM.attributes
                0x00000000000003af       0x2c ./Drivers/STM32F0xx_HAL_Driver/Src/stm32f0xx_hal_gpio.o
 .ARM.attributes
                0x00000000000003db       0x2c ./Drivers/STM32F0xx_HAL_Driver/Src/stm32f0xx_hal_rcc.o
 .ARM.attributes
                0x0000000000000407       0x2c ./Drivers/STM32F0xx_HAL_Driver/Src/stm32f0xx_hal_rcc_ex.o
 .ARM.attributes
                0x0000000000000433       0x2c ./Drivers/STM32F0xx_HAL_Driver/Src/stm32f0xx_hal_tim.o
 .ARM.attributes
                0x000000000000045f       0x2c ./Drivers/STM32F0xx_HAL_Driver/Src/stm32f0xx_hal_tim_ex.o
 .ARM.attributes
                0x000000000000048b       0x2c ./Drivers/STM32F0xx_HAL_Driver/Src/stm32f0xx_hal_uart.o
 .ARM.attributes
                0x00000000000004b7       0x2c ./Drivers/STM32F0xx_HAL_Driver/Src/stm32f0xx_hal_uart_ex.o
 .ARM.attributes
                0x00000000000004e3       0x2c C:/ST/STM32CubeIDE_1.14.1/STM32CubeIDE/plugins/com.st.stm32cube.ide.mcu.externaltools.gnu-tools-for-stm32.11.3.rel1.win32_1.1.100.202309141235/tools/bin/../lib/gcc/arm-none-eabi/11.3.1/../../../../arm-none-eabi/lib/thumb/v6-m/nofp\libc_nano.a(libc_a-memset.o)
 .ARM.attributes
                0x000000000000050f       0x2c C:/ST/STM32CubeIDE_1.14.1/STM32CubeIDE/plugins/com.st.stm32cube.ide.mcu.externaltools.gnu-tools-for-stm32.11.3.rel1.win32_1.1.100.202309141235/tools/bin/../lib/gcc/arm-none-eabi/11.3.1/../../../../arm-none-eabi/lib/thumb/v6-m/nofp\libc_nano.a(libc_a-strncmp.o)
 .ARM.attributes
                0x000000000000053b       0x2c C:/ST/STM32CubeIDE_1.14.1/STM32CubeIDE/plugins/com.st.stm32cube.ide.mcu.externaltools.gnu-tools-for-stm32.11.3.rel1.win32_1.1.100.202309141235/tools/bin/../lib/gcc/arm-none-eabi/11.3.1/../../../../arm-none-eabi/lib/thumb/v6-m/nofp\libc_nano.a(libc_a-init.o)
 .ARM.attributes
                0x0000000000000567       0x1e C:/ST/STM32CubeIDE_1.14.1/STM32CubeIDE/plugins/com.st.stm32cube.ide.mcu.externaltools.gnu-tools-for-stm32.11.3.rel1.win32_1.1.100.202309141235/tools/bin/../lib/gcc/arm-none-eabi/11.3.1/thumb/v6-m/nofp\libgcc.a(_udivsi3.o)
 .ARM.attributes
                0x0000000000000585       0x1e C:/ST/STM32CubeIDE_1.14.1/STM32CubeIDE/plugins/com.st.stm32cube.ide.mcu.externaltools.gnu-tools-for-stm32.11.3.rel1.win32_1.1.100.202309141235/tools/bin/../lib/gcc/arm-none-eabi/11.3.1/thumb/v6-m/nofp\libgcc.a(_divsi3.o)
 .ARM.attributes
                0x00000000000005a3       0x1e C:/ST/STM32CubeIDE_1.14.1/STM32CubeIDE/plugins/com.st.stm32cube.ide.mcu.externaltools.gnu-tools-for-stm32.11.3.rel1.win32_1.1.100.202309141235/tools/bin/../lib/gcc/arm-none-eabi/11.3.1/thumb/v6-m/nofp\libgcc.a(_dvmd_tls.o)
 .ARM.attributes
                0x00000000000005c1       0x2c C:/ST/STM32CubeIDE_1.14.1/STM32CubeIDE/plugins/com.st.stm32cube.ide.mcu.externaltools.gnu-tools-for-stm32.11.3.rel1.win32_1.1.100.202309141235/tools/bin/../lib/gcc/arm-none-eabi/11.3.1/thumb/v6-m/nofp\libgcc.a(_fixunsdfsi.o)
 .ARM.attributes
                0x00000000000005ed       0x2c C:/ST/STM32CubeIDE_1.14.1/STM32CubeIDE/plugins/com.st.stm32cube.ide.mcu.externaltools.gnu-tools-for-stm32.11.3.rel1.win32_1.1.100.202309141235/tools/bin/../lib/gcc/arm-none-eabi/11.3.1/thumb/v6-m/nofp\libgcc.a(adddf3.o)
 .ARM.attributes
                0x0000000000000619       0x2c C:/ST/STM32CubeIDE_1.14.1/STM32CubeIDE/plugins/com.st.stm32cube.ide.mcu.externaltools.gnu-tools-for-stm32.11.3.rel1.win32_1.1.100.202309141235/tools/bin/../lib/gcc/arm-none-eabi/11.3.1/thumb/v6-m/nofp\libgcc.a(divdf3.o)
 .ARM.attributes
                0x0000000000000645       0x2c C:/ST/STM32CubeIDE_1.14.1/STM32CubeIDE/plugins/com.st.stm32cube.ide.mcu.externaltools.gnu-tools-for-stm32.11.3.rel1.win32_1.1.100.202309141235/tools/bin/../lib/gcc/arm-none-eabi/11.3.1/thumb/v6-m/nofp\libgcc.a(muldf3.o)
 .ARM.attributes
                0x0000000000000671       0x2c C:/ST/STM32CubeIDE_1.14.1/STM32CubeIDE/plugins/com.st.stm32cube.ide.mcu.externaltools.gnu-tools-for-stm32.11.3.rel1.win32_1.1.100.202309141235/tools/bin/../lib/gcc/arm-none-eabi/11.3.1/thumb/v6-m/nofp\libgcc.a(subdf3.o)
 .ARM.attributes
                0x000000000000069d       0x2c C:/ST/STM32CubeIDE_1.14.1/STM32CubeIDE/plugins/com.st.stm32cube.ide.mcu.externaltools.gnu-tools-for-stm32.11.3.rel1.win32_1.1.100.202309141235/tools/bin/../lib/gcc/arm-none-eabi/11.3.1/thumb/v6-m/nofp\libgcc.a(fixdfsi.o)
 .ARM.attributes
                0x00000000000006c9       0x2c C:/ST/STM32CubeIDE_1.14.1/STM32CubeIDE/plugins/com.st.stm32cube.ide.mcu.externaltools.gnu-tools-for-stm32.11.3.rel1.win32_1.1.100.202309141235/tools/bin/../lib/gcc/arm-none-eabi/11.3.1/thumb/v6-m/nofp\libgcc.a(floatsidf.o)
 .ARM.attributes
                0x00000000000006f5       0x2c C:/ST/STM32CubeIDE_1.14.1/STM32CubeIDE/plugins/com.st.stm32cube.ide.mcu.externaltools.gnu-tools-for-stm32.11.3.rel1.win32_1.1.100.202309141235/tools/bin/../lib/gcc/arm-none-eabi/11.3.1/thumb/v6-m/nofp\libgcc.a(floatunsidf.o)
 .ARM.attributes
                0x0000000000000721       0x1e C:/ST/STM32CubeIDE_1.14.1/STM32CubeIDE/plugins/com.st.stm32cube.ide.mcu.externaltools.gnu-tools-for-stm32.11.3.rel1.win32_1.1.100.202309141235/tools/bin/../lib/gcc/arm-none-eabi/11.3.1/thumb/v6-m/nofp\libgcc.a(_arm_cmpdf2.o)
 .ARM.attributes
                0x000000000000073f       0x1e C:/ST/STM32CubeIDE_1.14.1/STM32CubeIDE/plugins/com.st.stm32cube.ide.mcu.externaltools.gnu-tools-for-stm32.11.3.rel1.win32_1.1.100.202309141235/tools/bin/../lib/gcc/arm-none-eabi/11.3.1/thumb/v6-m/nofp\libgcc.a(_clzsi2.o)
 .ARM.attributes
                0x000000000000075d       0x2c C:/ST/STM32CubeIDE_1.14.1/STM32CubeIDE/plugins/com.st.stm32cube.ide.mcu.externaltools.gnu-tools-for-stm32.11.3.rel1.win32_1.1.100.202309141235/tools/bin/../lib/gcc/arm-none-eabi/11.3.1/thumb/v6-m/nofp\libgcc.a(eqdf2.o)
 .ARM.attributes
                0x0000000000000789       0x2c C:/ST/STM32CubeIDE_1.14.1/STM32CubeIDE/plugins/com.st.stm32cube.ide.mcu.externaltools.gnu-tools-for-stm32.11.3.rel1.win32_1.1.100.202309141235/tools/bin/../lib/gcc/arm-none-eabi/11.3.1/thumb/v6-m/nofp\libgcc.a(gedf2.o)
 .ARM.attributes
                0x00000000000007b5       0x2c C:/ST/STM32CubeIDE_1.14.1/STM32CubeIDE/plugins/com.st.stm32cube.ide.mcu.externaltools.gnu-tools-for-stm32.11.3.rel1.win32_1.1.100.202309141235/tools/bin/../lib/gcc/arm-none-eabi/11.3.1/thumb/v6-m/nofp\libgcc.a(ledf2.o)
 .ARM.attributes
                0x00000000000007e1       0x1e C:/ST/STM32CubeIDE_1.14.1/STM32CubeIDE/plugins/com.st.stm32cube.ide.mcu.externaltools.gnu-tools-for-stm32.11.3.rel1.win32_1.1.100.202309141235/tools/bin/../lib/gcc/arm-none-eabi/11.3.1/thumb/v6-m/nofp/crtn.o
OUTPUT(MemorialSeat.elf elf32-littlearm)
LOAD linker stubs
LOAD C:/ST/STM32CubeIDE_1.14.1/STM32CubeIDE/plugins/com.st.stm32cube.ide.mcu.externaltools.gnu-tools-for-stm32.11.3.rel1.win32_1.1.100.202309141235/tools/bin/../lib/gcc/arm-none-eabi/11.3.1/../../../../arm-none-eabi/lib/thumb/v6-m/nofp\libc.a
LOAD C:/ST/STM32CubeIDE_1.14.1/STM32CubeIDE/plugins/com.st.stm32cube.ide.mcu.externaltools.gnu-tools-for-stm32.11.3.rel1.win32_1.1.100.202309141235/tools/bin/../lib/gcc/arm-none-eabi/11.3.1/../../../../arm-none-eabi/lib/thumb/v6-m/nofp\libm.a
LOAD C:/ST/STM32CubeIDE_1.14.1/STM32CubeIDE/plugins/com.st.stm32cube.ide.mcu.externaltools.gnu-tools-for-stm32.11.3.rel1.win32_1.1.100.202309141235/tools/bin/../lib/gcc/arm-none-eabi/11.3.1/thumb/v6-m/nofp\libgcc.a

.comment        0x0000000000000000       0x43
 .comment       0x0000000000000000       0x43 C:/ST/STM32CubeIDE_1.14.1/STM32CubeIDE/plugins/com.st.stm32cube.ide.mcu.externaltools.gnu-tools-for-stm32.11.3.rel1.win32_1.1.100.202309141235/tools/bin/../lib/gcc/arm-none-eabi/11.3.1/thumb/v6-m/nofp/crtbegin.o
                                         0x44 (size before relaxing)
 .comment       0x0000000000000043       0x44 ./Core/Src/adc.o
 .comment       0x0000000000000043       0x44 ./Core/Src/button.o
 .comment       0x0000000000000043       0x44 ./Core/Src/fnd.o
 .comment       0x0000000000000043       0x44 ./Core/Src/gpio.o
 .comment       0x0000000000000043       0x44 ./Core/Src/joystick.o
 .comment       0x0000000000000043       0x44 ./Core/Src/main.o
 .comment       0x0000000000000043       0x44 ./Core/Src/protocol.o
 .comment       0x0000000000000043       0x44 ./Core/Src/scheduling.o
 .comment       0x0000000000000043       0x44 ./Core/Src/servo.o
 .comment       0x0000000000000043       0x44 ./Core/Src/sonic.o
 .comment       0x0000000000000043       0x44 ./Core/Src/stm32f0xx_hal_msp.o
 .comment       0x0000000000000043       0x44 ./Core/Src/stm32f0xx_it.o
 .comment       0x0000000000000043       0x44 ./Core/Src/system_stm32f0xx.o
 .comment       0x0000000000000043       0x44 ./Core/Src/tim.o
 .comment       0x0000000000000043       0x44 ./Core/Src/usart.o
 .comment       0x0000000000000043       0x44 ./Drivers/STM32F0xx_HAL_Driver/Src/stm32f0xx_hal.o
 .comment       0x0000000000000043       0x44 ./Drivers/STM32F0xx_HAL_Driver/Src/stm32f0xx_hal_adc.o
 .comment       0x0000000000000043       0x44 ./Drivers/STM32F0xx_HAL_Driver/Src/stm32f0xx_hal_cortex.o
 .comment       0x0000000000000043       0x44 ./Drivers/STM32F0xx_HAL_Driver/Src/stm32f0xx_hal_dma.o
 .comment       0x0000000000000043       0x44 ./Drivers/STM32F0xx_HAL_Driver/Src/stm32f0xx_hal_gpio.o
 .comment       0x0000000000000043       0x44 ./Drivers/STM32F0xx_HAL_Driver/Src/stm32f0xx_hal_rcc.o
 .comment       0x0000000000000043       0x44 ./Drivers/STM32F0xx_HAL_Driver/Src/stm32f0xx_hal_rcc_ex.o
 .comment       0x0000000000000043       0x44 ./Drivers/STM32F0xx_HAL_Driver/Src/stm32f0xx_hal_tim.o
 .comment       0x0000000000000043       0x44 ./Drivers/STM32F0xx_HAL_Driver/Src/stm32f0xx_hal_tim_ex.o
 .comment       0x0000000000000043       0x44 ./Drivers/STM32F0xx_HAL_Driver/Src/stm32f0xx_hal_uart.o
 .comment       0x0000000000000043       0x44 ./Drivers/STM32F0xx_HAL_Driver/Src/stm32f0xx_hal_uart_ex.o

.debug_info     0x0000000000000000    0x12323
 .debug_info    0x0000000000000000      0x915 ./Core/Src/adc.o
 .debug_info    0x0000000000000915      0x240 ./Core/Src/button.o
 .debug_info    0x0000000000000b55      0x198 ./Core/Src/fnd.o
 .debug_info    0x0000000000000ced      0x32b ./Core/Src/gpio.o
 .debug_info    0x0000000000001018      0x147 ./Core/Src/joystick.o
 .debug_info    0x000000000000115f      0xb08 ./Core/Src/main.o
 .debug_info    0x0000000000001c67      0x98e ./Core/Src/protocol.o
 .debug_info    0x00000000000025f5      0xab0 ./Core/Src/scheduling.o
 .debug_info    0x00000000000030a5      0x6f2 ./Core/Src/servo.o
 .debug_info    0x0000000000003797      0x8e2 ./Core/Src/sonic.o
 .debug_info    0x0000000000004079      0x199 ./Core/Src/stm32f0xx_hal_msp.o
 .debug_info    0x0000000000004212      0xa72 ./Core/Src/stm32f0xx_it.o
 .debug_info    0x0000000000004c84      0x242 ./Core/Src/system_stm32f0xx.o
 .debug_info    0x0000000000004ec6      0xef4 ./Core/Src/tim.o
 .debug_info    0x0000000000005dba      0xa80 ./Core/Src/usart.o
 .debug_info    0x000000000000683a       0x23 ./Core/Startup/startup_stm32f091rctx.o
 .debug_info    0x000000000000685d      0x6c3 ./Drivers/STM32F0xx_HAL_Driver/Src/stm32f0xx_hal.o
 .debug_info    0x0000000000006f20      0xc92 ./Drivers/STM32F0xx_HAL_Driver/Src/stm32f0xx_hal_adc.o
 .debug_info    0x0000000000007bb2      0x6bf ./Drivers/STM32F0xx_HAL_Driver/Src/stm32f0xx_hal_cortex.o
 .debug_info    0x0000000000008271      0x712 ./Drivers/STM32F0xx_HAL_Driver/Src/stm32f0xx_hal_dma.o
 .debug_info    0x0000000000008983      0x5e6 ./Drivers/STM32F0xx_HAL_Driver/Src/stm32f0xx_hal_gpio.o
 .debug_info    0x0000000000008f69      0x83f ./Drivers/STM32F0xx_HAL_Driver/Src/stm32f0xx_hal_rcc.o
 .debug_info    0x00000000000097a8      0x5e7 ./Drivers/STM32F0xx_HAL_Driver/Src/stm32f0xx_hal_rcc_ex.o
 .debug_info    0x0000000000009d8f     0x295e ./Drivers/STM32F0xx_HAL_Driver/Src/stm32f0xx_hal_tim.o
 .debug_info    0x000000000000c6ed     0x14be ./Drivers/STM32F0xx_HAL_Driver/Src/stm32f0xx_hal_tim_ex.o
 .debug_info    0x000000000000dbab     0x3acc ./Drivers/STM32F0xx_HAL_Driver/Src/stm32f0xx_hal_uart.o
 .debug_info    0x0000000000011677      0xcac ./Drivers/STM32F0xx_HAL_Driver/Src/stm32f0xx_hal_uart_ex.o

.debug_abbrev   0x0000000000000000     0x32c3
 .debug_abbrev  0x0000000000000000      0x203 ./Core/Src/adc.o
 .debug_abbrev  0x0000000000000203      0x14b ./Core/Src/button.o
 .debug_abbrev  0x000000000000034e       0xfb ./Core/Src/fnd.o
 .debug_abbrev  0x0000000000000449      0x152 ./Core/Src/gpio.o
 .debug_abbrev  0x000000000000059b       0xaa ./Core/Src/joystick.o
 .debug_abbrev  0x0000000000000645      0x243 ./Core/Src/main.o
 .debug_abbrev  0x0000000000000888      0x1c9 ./Core/Src/protocol.o
 .debug_abbrev  0x0000000000000a51      0x298 ./Core/Src/scheduling.o
 .debug_abbrev  0x0000000000000ce9      0x1b3 ./Core/Src/servo.o
 .debug_abbrev  0x0000000000000e9c      0x1f3 ./Core/Src/sonic.o
 .debug_abbrev  0x000000000000108f       0xc6 ./Core/Src/stm32f0xx_hal_msp.o
 .debug_abbrev  0x0000000000001155      0x1e4 ./Core/Src/stm32f0xx_it.o
 .debug_abbrev  0x0000000000001339      0x11c ./Core/Src/system_stm32f0xx.o
 .debug_abbrev  0x0000000000001455      0x277 ./Core/Src/tim.o
 .debug_abbrev  0x00000000000016cc      0x215 ./Core/Src/usart.o
 .debug_abbrev  0x00000000000018e1       0x12 ./Core/Startup/startup_stm32f091rctx.o
 .debug_abbrev  0x00000000000018f3      0x213 ./Drivers/STM32F0xx_HAL_Driver/Src/stm32f0xx_hal.o
 .debug_abbrev  0x0000000000001b06      0x259 ./Drivers/STM32F0xx_HAL_Driver/Src/stm32f0xx_hal_adc.o
 .debug_abbrev  0x0000000000001d5f      0x28c ./Drivers/STM32F0xx_HAL_Driver/Src/stm32f0xx_hal_cortex.o
 .debug_abbrev  0x0000000000001feb      0x236 ./Drivers/STM32F0xx_HAL_Driver/Src/stm32f0xx_hal_dma.o
 .debug_abbrev  0x0000000000002221      0x1da ./Drivers/STM32F0xx_HAL_Driver/Src/stm32f0xx_hal_gpio.o
 .debug_abbrev  0x00000000000023fb      0x28c ./Drivers/STM32F0xx_HAL_Driver/Src/stm32f0xx_hal_rcc.o
 .debug_abbrev  0x0000000000002687      0x1a7 ./Drivers/STM32F0xx_HAL_Driver/Src/stm32f0xx_hal_rcc_ex.o
 .debug_abbrev  0x000000000000282e      0x278 ./Drivers/STM32F0xx_HAL_Driver/Src/stm32f0xx_hal_tim.o
 .debug_abbrev  0x0000000000002aa6      0x283 ./Drivers/STM32F0xx_HAL_Driver/Src/stm32f0xx_hal_tim_ex.o
 .debug_abbrev  0x0000000000002d29      0x2df ./Drivers/STM32F0xx_HAL_Driver/Src/stm32f0xx_hal_uart.o
 .debug_abbrev  0x0000000000003008      0x2bb ./Drivers/STM32F0xx_HAL_Driver/Src/stm32f0xx_hal_uart_ex.o

.debug_aranges  0x0000000000000000      0xf70
 .debug_aranges
                0x0000000000000000       0x38 ./Core/Src/adc.o
 .debug_aranges
                0x0000000000000038       0x20 ./Core/Src/button.o
 .debug_aranges
                0x0000000000000058       0x28 ./Core/Src/fnd.o
 .debug_aranges
                0x0000000000000080       0x20 ./Core/Src/gpio.o
 .debug_aranges
                0x00000000000000a0       0x20 ./Core/Src/joystick.o
 .debug_aranges
                0x00000000000000c0       0x30 ./Core/Src/main.o
 .debug_aranges
                0x00000000000000f0       0x40 ./Core/Src/protocol.o
 .debug_aranges
                0x0000000000000130       0x58 ./Core/Src/scheduling.o
 .debug_aranges
                0x0000000000000188       0x30 ./Core/Src/servo.o
 .debug_aranges
                0x00000000000001b8       0x40 ./Core/Src/sonic.o
 .debug_aranges
                0x00000000000001f8       0x20 ./Core/Src/stm32f0xx_hal_msp.o
 .debug_aranges
                0x0000000000000218       0x58 ./Core/Src/stm32f0xx_it.o
 .debug_aranges
                0x0000000000000270       0x28 ./Core/Src/system_stm32f0xx.o
 .debug_aranges
                0x0000000000000298       0x50 ./Core/Src/tim.o
 .debug_aranges
                0x00000000000002e8       0x30 ./Core/Src/usart.o
 .debug_aranges
                0x0000000000000318       0x28 ./Core/Startup/startup_stm32f091rctx.o
 .debug_aranges
                0x0000000000000340       0xd0 ./Drivers/STM32F0xx_HAL_Driver/Src/stm32f0xx_hal.o
 .debug_aranges
                0x0000000000000410       0xf8 ./Drivers/STM32F0xx_HAL_Driver/Src/stm32f0xx_hal_adc.o
 .debug_aranges
                0x0000000000000508       0xc0 ./Drivers/STM32F0xx_HAL_Driver/Src/stm32f0xx_hal_cortex.o
 .debug_aranges
                0x00000000000005c8       0x88 ./Drivers/STM32F0xx_HAL_Driver/Src/stm32f0xx_hal_dma.o
 .debug_aranges
                0x0000000000000650       0x58 ./Drivers/STM32F0xx_HAL_Driver/Src/stm32f0xx_hal_gpio.o
 .debug_aranges
                0x00000000000006a8       0x80 ./Drivers/STM32F0xx_HAL_Driver/Src/stm32f0xx_hal_rcc.o
 .debug_aranges
                0x0000000000000728       0x78 ./Drivers/STM32F0xx_HAL_Driver/Src/stm32f0xx_hal_rcc_ex.o
 .debug_aranges
                0x00000000000007a0      0x3d0 ./Drivers/STM32F0xx_HAL_Driver/Src/stm32f0xx_hal_tim.o
 .debug_aranges
                0x0000000000000b70      0x168 ./Drivers/STM32F0xx_HAL_Driver/Src/stm32f0xx_hal_tim_ex.o
 .debug_aranges
                0x0000000000000cd8      0x228 ./Drivers/STM32F0xx_HAL_Driver/Src/stm32f0xx_hal_uart.o
 .debug_aranges
                0x0000000000000f00       0x70 ./Drivers/STM32F0xx_HAL_Driver/Src/stm32f0xx_hal_uart_ex.o

.debug_rnglists
                0x0000000000000000      0xbfb
 .debug_rnglists
                0x0000000000000000       0x27 ./Core/Src/adc.o
 .debug_rnglists
                0x0000000000000027       0x14 ./Core/Src/button.o
 .debug_rnglists
                0x000000000000003b       0x1a ./Core/Src/fnd.o
 .debug_rnglists
                0x0000000000000055       0x14 ./Core/Src/gpio.o
 .debug_rnglists
                0x0000000000000069       0x14 ./Core/Src/joystick.o
 .debug_rnglists
                0x000000000000007d       0x21 ./Core/Src/main.o
 .debug_rnglists
                0x000000000000009e       0x2f ./Core/Src/protocol.o
 .debug_rnglists
                0x00000000000000cd       0x42 ./Core/Src/scheduling.o
 .debug_rnglists
                0x000000000000010f       0x20 ./Core/Src/servo.o
 .debug_rnglists
                0x000000000000012f       0x2c ./Core/Src/sonic.o
 .debug_rnglists
                0x000000000000015b       0x13 ./Core/Src/stm32f0xx_hal_msp.o
 .debug_rnglists
                0x000000000000016e       0x3d ./Core/Src/stm32f0xx_it.o
 .debug_rnglists
                0x00000000000001ab       0x1a ./Core/Src/system_stm32f0xx.o
 .debug_rnglists
                0x00000000000001c5       0x3e ./Core/Src/tim.o
 .debug_rnglists
                0x0000000000000203       0x20 ./Core/Src/usart.o
 .debug_rnglists
                0x0000000000000223       0x19 ./Core/Startup/startup_stm32f091rctx.o
 .debug_rnglists
                0x000000000000023c       0x97 ./Drivers/STM32F0xx_HAL_Driver/Src/stm32f0xx_hal.o
 .debug_rnglists
                0x00000000000002d3       0xc6 ./Drivers/STM32F0xx_HAL_Driver/Src/stm32f0xx_hal_adc.o
 .debug_rnglists
                0x0000000000000399       0x8c ./Drivers/STM32F0xx_HAL_Driver/Src/stm32f0xx_hal_cortex.o
 .debug_rnglists
                0x0000000000000425       0x6a ./Drivers/STM32F0xx_HAL_Driver/Src/stm32f0xx_hal_dma.o
 .debug_rnglists
                0x000000000000048f       0x3f ./Drivers/STM32F0xx_HAL_Driver/Src/stm32f0xx_hal_gpio.o
 .debug_rnglists
                0x00000000000004ce       0x61 ./Drivers/STM32F0xx_HAL_Driver/Src/stm32f0xx_hal_rcc.o
 .debug_rnglists
                0x000000000000052f       0x5b ./Drivers/STM32F0xx_HAL_Driver/Src/stm32f0xx_hal_rcc_ex.o
 .debug_rnglists
                0x000000000000058a      0x31c ./Drivers/STM32F0xx_HAL_Driver/Src/stm32f0xx_hal_tim.o
 .debug_rnglists
                0x00000000000008a6      0x126 ./Drivers/STM32F0xx_HAL_Driver/Src/stm32f0xx_hal_tim_ex.o
 .debug_rnglists
                0x00000000000009cc      0x1db ./Drivers/STM32F0xx_HAL_Driver/Src/stm32f0xx_hal_uart.o
 .debug_rnglists
                0x0000000000000ba7       0x54 ./Drivers/STM32F0xx_HAL_Driver/Src/stm32f0xx_hal_uart_ex.o

.debug_macro    0x0000000000000000    0x1d563
 .debug_macro   0x0000000000000000      0x1ea ./Core/Src/adc.o
 .debug_macro   0x00000000000001ea      0xa7e ./Core/Src/adc.o
 .debug_macro   0x0000000000000c68      0x139 ./Core/Src/adc.o
 .debug_macro   0x0000000000000da1       0x2e ./Core/Src/adc.o
 .debug_macro   0x0000000000000dcf       0x22 ./Core/Src/adc.o
 .debug_macro   0x0000000000000df1       0x22 ./Core/Src/adc.o
 .debug_macro   0x0000000000000e13       0x8e ./Core/Src/adc.o
 .debug_macro   0x0000000000000ea1       0x51 ./Core/Src/adc.o
 .debug_macro   0x0000000000000ef2      0x103 ./Core/Src/adc.o
 .debug_macro   0x0000000000000ff5       0x6a ./Core/Src/adc.o
 .debug_macro   0x000000000000105f      0x1df ./Core/Src/adc.o
 .debug_macro   0x000000000000123e       0x1c ./Core/Src/adc.o
 .debug_macro   0x000000000000125a       0x22 ./Core/Src/adc.o
 .debug_macro   0x000000000000127c       0xaf ./Core/Src/adc.o
 .debug_macro   0x000000000000132b      0x391 ./Core/Src/adc.o
 .debug_macro   0x00000000000016bc    0x10e6b ./Core/Src/adc.o
 .debug_macro   0x0000000000012527       0x66 ./Core/Src/adc.o
 .debug_macro   0x000000000001258d     0x34be ./Core/Src/adc.o
 .debug_macro   0x0000000000015a4b      0x174 ./Core/Src/adc.o
 .debug_macro   0x0000000000015bbf       0x55 ./Core/Src/adc.o
 .debug_macro   0x0000000000015c14      0x946 ./Core/Src/adc.o
 .debug_macro   0x000000000001655a      0x69b ./Core/Src/adc.o
 .debug_macro   0x0000000000016bf5      0x1ae ./Core/Src/adc.o
 .debug_macro   0x0000000000016da3      0x202 ./Core/Src/adc.o
 .debug_macro   0x0000000000016fa5      0x1a7 ./Core/Src/adc.o
 .debug_macro   0x000000000001714c      0x1bc ./Core/Src/adc.o
 .debug_macro   0x0000000000017308      0x4cf ./Core/Src/adc.o
 .debug_macro   0x00000000000177d7       0x3c ./Core/Src/adc.o
 .debug_macro   0x0000000000017813       0x28 ./Core/Src/adc.o
 .debug_macro   0x000000000001783b      0x33d ./Core/Src/adc.o
 .debug_macro   0x0000000000017b78       0xd4 ./Core/Src/adc.o
 .debug_macro   0x0000000000017c4c       0xb0 ./Core/Src/adc.o
 .debug_macro   0x0000000000017cfc      0x23f ./Core/Src/adc.o
 .debug_macro   0x0000000000017f3b      0x22c ./Core/Src/adc.o
 .debug_macro   0x0000000000018167       0x61 ./Core/Src/adc.o
 .debug_macro   0x00000000000181c8       0xa5 ./Core/Src/adc.o
 .debug_macro   0x000000000001826d       0x4c ./Core/Src/adc.o
 .debug_macro   0x00000000000182b9      0x16d ./Core/Src/adc.o
 .debug_macro   0x0000000000018426      0x8f4 ./Core/Src/adc.o
 .debug_macro   0x0000000000018d1a       0x28 ./Core/Src/adc.o
 .debug_macro   0x0000000000018d42      0x5ba ./Core/Src/adc.o
 .debug_macro   0x00000000000192fc       0x44 ./Core/Src/adc.o
 .debug_macro   0x0000000000019340      0x435 ./Core/Src/adc.o
 .debug_macro   0x0000000000019775      0x1ea ./Core/Src/button.o
 .debug_macro   0x000000000001995f      0x1e5 ./Core/Src/fnd.o
 .debug_macro   0x0000000000019b44       0x16 ./Core/Src/fnd.o
 .debug_macro   0x0000000000019b5a      0x1ea ./Core/Src/gpio.o
 .debug_macro   0x0000000000019d44      0x1e0 ./Core/Src/joystick.o
 .debug_macro   0x0000000000019f24      0x394 ./Core/Src/main.o
 .debug_macro   0x000000000001a2b8       0x61 ./Core/Src/main.o
 .debug_macro   0x000000000001a319       0x24 ./Core/Src/main.o
 .debug_macro   0x000000000001a33d       0x43 ./Core/Src/main.o
 .debug_macro   0x000000000001a380       0x34 ./Core/Src/main.o
 .debug_macro   0x000000000001a3b4       0x16 ./Core/Src/main.o
 .debug_macro   0x000000000001a3ca       0x43 ./Core/Src/main.o
 .debug_macro   0x000000000001a40d       0x34 ./Core/Src/main.o
 .debug_macro   0x000000000001a441       0x10 ./Core/Src/main.o
 .debug_macro   0x000000000001a451       0x58 ./Core/Src/main.o
 .debug_macro   0x000000000001a4a9       0x8e ./Core/Src/main.o
 .debug_macro   0x000000000001a537       0x1c ./Core/Src/main.o
 .debug_macro   0x000000000001a553      0x177 ./Core/Src/main.o
 .debug_macro   0x000000000001a6ca      0x369 ./Core/Src/main.o
 .debug_macro   0x000000000001aa33       0x10 ./Core/Src/main.o
 .debug_macro   0x000000000001aa43       0x35 ./Core/Src/main.o
 .debug_macro   0x000000000001aa78       0x20 ./Core/Src/main.o
 .debug_macro   0x000000000001aa98       0x16 ./Core/Src/main.o
 .debug_macro   0x000000000001aaae       0x16 ./Core/Src/main.o
 .debug_macro   0x000000000001aac4       0x29 ./Core/Src/main.o
 .debug_macro   0x000000000001aaed       0x16 ./Core/Src/main.o
 .debug_macro   0x000000000001ab03       0x16 ./Core/Src/main.o
 .debug_macro   0x000000000001ab19       0x1c ./Core/Src/main.o
 .debug_macro   0x000000000001ab35       0x1c ./Core/Src/main.o
 .debug_macro   0x000000000001ab51       0x10 ./Core/Src/main.o
 .debug_macro   0x000000000001ab61       0x1c ./Core/Src/main.o
 .debug_macro   0x000000000001ab7d       0x16 ./Core/Src/main.o
 .debug_macro   0x000000000001ab93      0x147 ./Core/Src/main.o
 .debug_macro   0x000000000001acda       0x22 ./Core/Src/main.o
 .debug_macro   0x000000000001acfc      0x2e8 ./Core/Src/protocol.o
 .debug_macro   0x000000000001afe4      0x35e ./Core/Src/scheduling.o
 .debug_macro   0x000000000001b342      0x1e5 ./Core/Src/servo.o
 .debug_macro   0x000000000001b527       0x10 ./Core/Src/servo.o
 .debug_macro   0x000000000001b537      0x1e5 ./Core/Src/sonic.o
 .debug_macro   0x000000000001b71c       0x10 ./Core/Src/sonic.o
 .debug_macro   0x000000000001b72c      0x1e0 ./Core/Src/stm32f0xx_hal_msp.o
 .debug_macro   0x000000000001b90c      0x1ea ./Core/Src/stm32f0xx_it.o
 .debug_macro   0x000000000001baf6      0x1d6 ./Core/Src/system_stm32f0xx.o
 .debug_macro   0x000000000001bccc      0x1ea ./Core/Src/tim.o
 .debug_macro   0x000000000001beb6      0x1ea ./Core/Src/usart.o
 .debug_macro   0x000000000001c0a0      0x1fa ./Drivers/STM32F0xx_HAL_Driver/Src/stm32f0xx_hal.o
 .debug_macro   0x000000000001c29a      0x1fa ./Drivers/STM32F0xx_HAL_Driver/Src/stm32f0xx_hal_adc.o
 .debug_macro   0x000000000001c494      0x1d6 ./Drivers/STM32F0xx_HAL_Driver/Src/stm32f0xx_hal_cortex.o
 .debug_macro   0x000000000001c66a      0x1d6 ./Drivers/STM32F0xx_HAL_Driver/Src/stm32f0xx_hal_dma.o
 .debug_macro   0x000000000001c840      0x1dd ./Drivers/STM32F0xx_HAL_Driver/Src/stm32f0xx_hal_gpio.o
 .debug_macro   0x000000000001ca1d      0x1e8 ./Drivers/STM32F0xx_HAL_Driver/Src/stm32f0xx_hal_rcc.o
 .debug_macro   0x000000000001cc05      0x1e8 ./Drivers/STM32F0xx_HAL_Driver/Src/stm32f0xx_hal_rcc_ex.o
 .debug_macro   0x000000000001cded      0x1d7 ./Drivers/STM32F0xx_HAL_Driver/Src/stm32f0xx_hal_tim.o
 .debug_macro   0x000000000001cfc4      0x1d6 ./Drivers/STM32F0xx_HAL_Driver/Src/stm32f0xx_hal_tim_ex.o
 .debug_macro   0x000000000001d19a      0x1f3 ./Drivers/STM32F0xx_HAL_Driver/Src/stm32f0xx_hal_uart.o
 .debug_macro   0x000000000001d38d      0x1d6 ./Drivers/STM32F0xx_HAL_Driver/Src/stm32f0xx_hal_uart_ex.o

.debug_line     0x0000000000000000    0x16cf0
 .debug_line    0x0000000000000000      0x873 ./Core/Src/adc.o
 .debug_line    0x0000000000000873      0x805 ./Core/Src/button.o
 .debug_line    0x0000000000001078      0x824 ./Core/Src/fnd.o
 .debug_line    0x000000000000189c      0x7cc ./Core/Src/gpio.o
 .debug_line    0x0000000000002068      0x82d ./Core/Src/joystick.o
 .debug_line    0x0000000000002895      0xa82 ./Core/Src/main.o
 .debug_line    0x0000000000003317      0xb6d ./Core/Src/protocol.o
 .debug_line    0x0000000000003e84      0xc90 ./Core/Src/scheduling.o
 .debug_line    0x0000000000004b14      0x84a ./Core/Src/servo.o
 .debug_line    0x000000000000535e      0x85b ./Core/Src/sonic.o
 .debug_line    0x0000000000005bb9      0x79c ./Core/Src/stm32f0xx_hal_msp.o
 .debug_line    0x0000000000006355      0x84b ./Core/Src/stm32f0xx_it.o
 .debug_line    0x0000000000006ba0      0x823 ./Core/Src/system_stm32f0xx.o
 .debug_line    0x00000000000073c3      0xa70 ./Core/Src/tim.o
 .debug_line    0x0000000000007e33      0x80e ./Core/Src/usart.o
 .debug_line    0x0000000000008641       0x7b ./Core/Startup/startup_stm32f091rctx.o
 .debug_line    0x00000000000086bc      0xa16 ./Drivers/STM32F0xx_HAL_Driver/Src/stm32f0xx_hal.o
 .debug_line    0x00000000000090d2     0x1262 ./Drivers/STM32F0xx_HAL_Driver/Src/stm32f0xx_hal_adc.o
 .debug_line    0x000000000000a334      0xac2 ./Drivers/STM32F0xx_HAL_Driver/Src/stm32f0xx_hal_cortex.o
 .debug_line    0x000000000000adf6      0xd5b ./Drivers/STM32F0xx_HAL_Driver/Src/stm32f0xx_hal_dma.o
 .debug_line    0x000000000000bb51      0xba6 ./Drivers/STM32F0xx_HAL_Driver/Src/stm32f0xx_hal_gpio.o
 .debug_line    0x000000000000c6f7      0xe9e ./Drivers/STM32F0xx_HAL_Driver/Src/stm32f0xx_hal_rcc.o
 .debug_line    0x000000000000d595      0xc7e ./Drivers/STM32F0xx_HAL_Driver/Src/stm32f0xx_hal_rcc_ex.o
 .debug_line    0x000000000000e213     0x37bc ./Drivers/STM32F0xx_HAL_Driver/Src/stm32f0xx_hal_tim.o
 .debug_line    0x00000000000119cf     0x19c3 ./Drivers/STM32F0xx_HAL_Driver/Src/stm32f0xx_hal_tim_ex.o
 .debug_line    0x0000000000013392     0x2d3a ./Drivers/STM32F0xx_HAL_Driver/Src/stm32f0xx_hal_uart.o
 .debug_line    0x00000000000160cc      0xc24 ./Drivers/STM32F0xx_HAL_Driver/Src/stm32f0xx_hal_uart_ex.o

.debug_str      0x0000000000000000    0xabb5b
 .debug_str     0x0000000000000000    0xa43de ./Core/Src/adc.o
                                      0xa46de (size before relaxing)
 .debug_str     0x00000000000a43de       0xa0 ./Core/Src/button.o
                                      0xa4206 (size before relaxing)
 .debug_str     0x00000000000a447e       0x55 ./Core/Src/fnd.o
                                      0xa419a (size before relaxing)
 .debug_str     0x00000000000a44d3       0x3e ./Core/Src/gpio.o
                                      0xa4269 (size before relaxing)
 .debug_str     0x00000000000a4511       0x76 ./Core/Src/joystick.o
                                      0xa41a2 (size before relaxing)
 .debug_str     0x00000000000a4587     0x3ff5 ./Core/Src/main.o
                                      0xa845b (size before relaxing)
 .debug_str     0x00000000000a857c      0x2cc ./Core/Src/protocol.o
                                      0xa7a08 (size before relaxing)
 .debug_str     0x00000000000a8848      0x129 ./Core/Src/scheduling.o
                                      0xa8304 (size before relaxing)
 .debug_str     0x00000000000a8971       0x3c ./Core/Src/servo.o
                                      0xa466a (size before relaxing)
 .debug_str     0x00000000000a89ad       0xa7 ./Core/Src/sonic.o
                                      0xa47af (size before relaxing)
 .debug_str     0x00000000000a8a54       0x2c ./Core/Src/stm32f0xx_hal_msp.o
                                      0xa419e (size before relaxing)
 .debug_str     0x00000000000a8a80       0xdc ./Core/Src/stm32f0xx_it.o
                                      0xa493d (size before relaxing)
 .debug_str     0x00000000000a8b5c       0x8b ./Core/Src/system_stm32f0xx.o
                                      0xa41fe (size before relaxing)
 .debug_str     0x00000000000a8be7      0x46d ./Core/Src/tim.o
                                      0xa4cca (size before relaxing)
 .debug_str     0x00000000000a9054       0x51 ./Core/Src/usart.o
                                      0xa4927 (size before relaxing)
 .debug_str     0x00000000000a90a5       0x34 ./Core/Startup/startup_stm32f091rctx.o
                                         0x73 (size before relaxing)
 .debug_str     0x00000000000a90d9      0x37a ./Drivers/STM32F0xx_HAL_Driver/Src/stm32f0xx_hal.o
                                      0xa47ee (size before relaxing)
 .debug_str     0x00000000000a9453      0x348 ./Drivers/STM32F0xx_HAL_Driver/Src/stm32f0xx_hal_adc.o
                                      0xa491b (size before relaxing)
 .debug_str     0x00000000000a979b      0x16f ./Drivers/STM32F0xx_HAL_Driver/Src/stm32f0xx_hal_cortex.o
                                      0xa45df (size before relaxing)
 .debug_str     0x00000000000a990a      0x229 ./Drivers/STM32F0xx_HAL_Driver/Src/stm32f0xx_hal_dma.o
                                      0xa45b4 (size before relaxing)
 .debug_str     0x00000000000a9b33      0x107 ./Drivers/STM32F0xx_HAL_Driver/Src/stm32f0xx_hal_gpio.o
                                      0xa43b4 (size before relaxing)
 .debug_str     0x00000000000a9c3a      0x21a ./Drivers/STM32F0xx_HAL_Driver/Src/stm32f0xx_hal_rcc.o
                                      0xa4645 (size before relaxing)
 .debug_str     0x00000000000a9e54      0x2c7 ./Drivers/STM32F0xx_HAL_Driver/Src/stm32f0xx_hal_rcc_ex.o
                                      0xa45e1 (size before relaxing)
 .debug_str     0x00000000000aa11b      0xc6c ./Drivers/STM32F0xx_HAL_Driver/Src/stm32f0xx_hal_tim.o
                                      0xa5614 (size before relaxing)
 .debug_str     0x00000000000aad87      0x3e1 ./Drivers/STM32F0xx_HAL_Driver/Src/stm32f0xx_hal_tim_ex.o
                                      0xa4e30 (size before relaxing)
 .debug_str     0x00000000000ab168      0x83b ./Drivers/STM32F0xx_HAL_Driver/Src/stm32f0xx_hal_uart.o
                                      0xa4f72 (size before relaxing)
 .debug_str     0x00000000000ab9a3      0x1b8 ./Drivers/STM32F0xx_HAL_Driver/Src/stm32f0xx_hal_uart_ex.o
                                      0xa48a3 (size before relaxing)

.debug_frame    0x0000000000000000     0x373c
 .debug_frame   0x0000000000000000       0x90 ./Core/Src/adc.o
 .debug_frame   0x0000000000000090       0x2c ./Core/Src/button.o
 .debug_frame   0x00000000000000bc       0x4c ./Core/Src/fnd.o
 .debug_frame   0x0000000000000108       0x30 ./Core/Src/gpio.o
 .debug_frame   0x0000000000000138       0x2c ./Core/Src/joystick.o
 .debug_frame   0x0000000000000164       0x6c ./Core/Src/main.o
 .debug_frame   0x00000000000001d0       0xa0 ./Core/Src/protocol.o
 .debug_frame   0x0000000000000270       0xf8 ./Core/Src/scheduling.o
 .debug_frame   0x0000000000000368       0x70 ./Core/Src/servo.o
 .debug_frame   0x00000000000003d8       0xa8 ./Core/Src/sonic.o
 .debug_frame   0x0000000000000480       0x30 ./Core/Src/stm32f0xx_hal_msp.o
 .debug_frame   0x00000000000004b0       0xf0 ./Core/Src/stm32f0xx_it.o
 .debug_frame   0x00000000000005a0       0x4c ./Core/Src/system_stm32f0xx.o
 .debug_frame   0x00000000000005ec       0xf0 ./Core/Src/tim.o
 .debug_frame   0x00000000000006dc       0x6c ./Core/Src/usart.o
 .debug_frame   0x0000000000000748      0x2a4 ./Drivers/STM32F0xx_HAL_Driver/Src/stm32f0xx_hal.o
 .debug_frame   0x00000000000009ec      0x3a0 ./Drivers/STM32F0xx_HAL_Driver/Src/stm32f0xx_hal_adc.o
 .debug_frame   0x0000000000000d8c      0x2a0 ./Drivers/STM32F0xx_HAL_Driver/Src/stm32f0xx_hal_cortex.o
 .debug_frame   0x000000000000102c      0x1d0 ./Drivers/STM32F0xx_HAL_Driver/Src/stm32f0xx_hal_dma.o
 .debug_frame   0x00000000000011fc      0x110 ./Drivers/STM32F0xx_HAL_Driver/Src/stm32f0xx_hal_gpio.o
 .debug_frame   0x000000000000130c      0x198 ./Drivers/STM32F0xx_HAL_Driver/Src/stm32f0xx_hal_rcc.o
 .debug_frame   0x00000000000014a4      0x180 ./Drivers/STM32F0xx_HAL_Driver/Src/stm32f0xx_hal_rcc_ex.o
 .debug_frame   0x0000000000001624      0xf00 ./Drivers/STM32F0xx_HAL_Driver/Src/stm32f0xx_hal_tim.o
 .debug_frame   0x0000000000002524      0x560 ./Drivers/STM32F0xx_HAL_Driver/Src/stm32f0xx_hal_tim_ex.o
 .debug_frame   0x0000000000002a84      0x850 ./Drivers/STM32F0xx_HAL_Driver/Src/stm32f0xx_hal_uart.o
 .debug_frame   0x00000000000032d4      0x178 ./Drivers/STM32F0xx_HAL_Driver/Src/stm32f0xx_hal_uart_ex.o
 .debug_frame   0x000000000000344c       0x20 C:/ST/STM32CubeIDE_1.14.1/STM32CubeIDE/plugins/com.st.stm32cube.ide.mcu.externaltools.gnu-tools-for-stm32.11.3.rel1.win32_1.1.100.202309141235/tools/bin/../lib/gcc/arm-none-eabi/11.3.1/../../../../arm-none-eabi/lib/thumb/v6-m/nofp\libc_nano.a(libc_a-memset.o)
 .debug_frame   0x000000000000346c       0x2c C:/ST/STM32CubeIDE_1.14.1/STM32CubeIDE/plugins/com.st.stm32cube.ide.mcu.externaltools.gnu-tools-for-stm32.11.3.rel1.win32_1.1.100.202309141235/tools/bin/../lib/gcc/arm-none-eabi/11.3.1/../../../../arm-none-eabi/lib/thumb/v6-m/nofp\libc_nano.a(libc_a-strncmp.o)
 .debug_frame   0x0000000000003498       0x2c C:/ST/STM32CubeIDE_1.14.1/STM32CubeIDE/plugins/com.st.stm32cube.ide.mcu.externaltools.gnu-tools-for-stm32.11.3.rel1.win32_1.1.100.202309141235/tools/bin/../lib/gcc/arm-none-eabi/11.3.1/../../../../arm-none-eabi/lib/thumb/v6-m/nofp\libc_nano.a(libc_a-init.o)
 .debug_frame   0x00000000000034c4       0x20 C:/ST/STM32CubeIDE_1.14.1/STM32CubeIDE/plugins/com.st.stm32cube.ide.mcu.externaltools.gnu-tools-for-stm32.11.3.rel1.win32_1.1.100.202309141235/tools/bin/../lib/gcc/arm-none-eabi/11.3.1/thumb/v6-m/nofp\libgcc.a(_udivsi3.o)
 .debug_frame   0x00000000000034e4       0x20 C:/ST/STM32CubeIDE_1.14.1/STM32CubeIDE/plugins/com.st.stm32cube.ide.mcu.externaltools.gnu-tools-for-stm32.11.3.rel1.win32_1.1.100.202309141235/tools/bin/../lib/gcc/arm-none-eabi/11.3.1/thumb/v6-m/nofp\libgcc.a(_divsi3.o)
 .debug_frame   0x0000000000003504       0x2c C:/ST/STM32CubeIDE_1.14.1/STM32CubeIDE/plugins/com.st.stm32cube.ide.mcu.externaltools.gnu-tools-for-stm32.11.3.rel1.win32_1.1.100.202309141235/tools/bin/../lib/gcc/arm-none-eabi/11.3.1/thumb/v6-m/nofp\libgcc.a(_fixunsdfsi.o)
 .debug_frame   0x0000000000003530       0x38 C:/ST/STM32CubeIDE_1.14.1/STM32CubeIDE/plugins/com.st.stm32cube.ide.mcu.externaltools.gnu-tools-for-stm32.11.3.rel1.win32_1.1.100.202309141235/tools/bin/../lib/gcc/arm-none-eabi/11.3.1/thumb/v6-m/nofp\libgcc.a(adddf3.o)
 .debug_frame   0x0000000000003568       0x3c C:/ST/STM32CubeIDE_1.14.1/STM32CubeIDE/plugins/com.st.stm32cube.ide.mcu.externaltools.gnu-tools-for-stm32.11.3.rel1.win32_1.1.100.202309141235/tools/bin/../lib/gcc/arm-none-eabi/11.3.1/thumb/v6-m/nofp\libgcc.a(divdf3.o)
 .debug_frame   0x00000000000035a4       0x3c C:/ST/STM32CubeIDE_1.14.1/STM32CubeIDE/plugins/com.st.stm32cube.ide.mcu.externaltools.gnu-tools-for-stm32.11.3.rel1.win32_1.1.100.202309141235/tools/bin/../lib/gcc/arm-none-eabi/11.3.1/thumb/v6-m/nofp\libgcc.a(muldf3.o)
 .debug_frame   0x00000000000035e0       0x3c C:/ST/STM32CubeIDE_1.14.1/STM32CubeIDE/plugins/com.st.stm32cube.ide.mcu.externaltools.gnu-tools-for-stm32.11.3.rel1.win32_1.1.100.202309141235/tools/bin/../lib/gcc/arm-none-eabi/11.3.1/thumb/v6-m/nofp\libgcc.a(subdf3.o)
 .debug_frame   0x000000000000361c       0x2c C:/ST/STM32CubeIDE_1.14.1/STM32CubeIDE/plugins/com.st.stm32cube.ide.mcu.externaltools.gnu-tools-for-stm32.11.3.rel1.win32_1.1.100.202309141235/tools/bin/../lib/gcc/arm-none-eabi/11.3.1/thumb/v6-m/nofp\libgcc.a(fixdfsi.o)
 .debug_frame   0x0000000000003648       0x2c C:/ST/STM32CubeIDE_1.14.1/STM32CubeIDE/plugins/com.st.stm32cube.ide.mcu.externaltools.gnu-tools-for-stm32.11.3.rel1.win32_1.1.100.202309141235/tools/bin/../lib/gcc/arm-none-eabi/11.3.1/thumb/v6-m/nofp\libgcc.a(floatsidf.o)
 .debug_frame   0x0000000000003674       0x28 C:/ST/STM32CubeIDE_1.14.1/STM32CubeIDE/plugins/com.st.stm32cube.ide.mcu.externaltools.gnu-tools-for-stm32.11.3.rel1.win32_1.1.100.202309141235/tools/bin/../lib/gcc/arm-none-eabi/11.3.1/thumb/v6-m/nofp\libgcc.a(floatunsidf.o)
 .debug_frame   0x000000000000369c       0x38 C:/ST/STM32CubeIDE_1.14.1/STM32CubeIDE/plugins/com.st.stm32cube.ide.mcu.externaltools.gnu-tools-for-stm32.11.3.rel1.win32_1.1.100.202309141235/tools/bin/../lib/gcc/arm-none-eabi/11.3.1/thumb/v6-m/nofp\libgcc.a(eqdf2.o)
 .debug_frame   0x00000000000036d4       0x34 C:/ST/STM32CubeIDE_1.14.1/STM32CubeIDE/plugins/com.st.stm32cube.ide.mcu.externaltools.gnu-tools-for-stm32.11.3.rel1.win32_1.1.100.202309141235/tools/bin/../lib/gcc/arm-none-eabi/11.3.1/thumb/v6-m/nofp\libgcc.a(gedf2.o)
 .debug_frame   0x0000000000003708       0x34 C:/ST/STM32CubeIDE_1.14.1/STM32CubeIDE/plugins/com.st.stm32cube.ide.mcu.externaltools.gnu-tools-for-stm32.11.3.rel1.win32_1.1.100.202309141235/tools/bin/../lib/gcc/arm-none-eabi/11.3.1/thumb/v6-m/nofp\libgcc.a(ledf2.o)

.debug_line_str
                0x0000000000000000       0x67
 .debug_line_str
                0x0000000000000000       0x67 ./Core/Startup/startup_stm32f091rctx.o
                                         0x7f (size before relaxing)