Archive member included to satisfy reference by file (symbol)

C:/ST/STM32CubeIDE_1.14.1/STM32CubeIDE/plugins/com.st.stm32cube.ide.mcu.externaltools.gnu-tools-for-stm32.11.3.rel1.win32_1.1.100.202309141235/tools/bin/../lib/gcc/arm-none-eabi/11.3.1/../../../../arm-none-eabi/lib/thumb/v6-m/nofp\libc_nano.a(libc_a-exit.o)
                              C:/ST/STM32CubeIDE_1.14.1/STM32CubeIDE/plugins/com.st.stm32cube.ide.mcu.externaltools.gnu-tools-for-stm32.11.3.rel1.win32_1.1.100.202309141235/tools/bin/../lib/gcc/arm-none-eabi/11.3.1/../../../../arm-none-eabi/lib/thumb/v6-m/nofp/crt0.o (exit)
C:/ST/STM32CubeIDE_1.14.1/STM32CubeIDE/plugins/com.st.stm32cube.ide.mcu.externaltools.gnu-tools-for-stm32.11.3.rel1.win32_1.1.100.202309141235/tools/bin/../lib/gcc/arm-none-eabi/11.3.1/../../../../arm-none-eabi/lib/thumb/v6-m/nofp\libc_nano.a(libc_a-findfp.o)
                              C:/ST/STM32CubeIDE_1.14.1/STM32CubeIDE/plugins/com.st.stm32cube.ide.mcu.externaltools.gnu-tools-for-stm32.11.3.rel1.win32_1.1.100.202309141235/tools/bin/../lib/gcc/arm-none-eabi/11.3.1/../../../../arm-none-eabi/lib/thumb/v6-m/nofp\libc_nano.a(libc_a-exit.o) (__stdio_exit_handler)
C:/ST/STM32CubeIDE_1.14.1/STM32CubeIDE/plugins/com.st.stm32cube.ide.mcu.externaltools.gnu-tools-for-stm32.11.3.rel1.win32_1.1.100.202309141235/tools/bin/../lib/gcc/arm-none-eabi/11.3.1/../../../../arm-none-eabi/lib/thumb/v6-m/nofp\libc_nano.a(libc_a-fwalk.o)
                              C:/ST/STM32CubeIDE_1.14.1/STM32CubeIDE/plugins/com.st.stm32cube.ide.mcu.externaltools.gnu-tools-for-stm32.11.3.rel1.win32_1.1.100.202309141235/tools/bin/../lib/gcc/arm-none-eabi/11.3.1/../../../../arm-none-eabi/lib/thumb/v6-m/nofp\libc_nano.a(libc_a-findfp.o) (_fwalk_sglue)
C:/ST/STM32CubeIDE_1.14.1/STM32CubeIDE/plugins/com.st.stm32cube.ide.mcu.externaltools.gnu-tools-for-stm32.11.3.rel1.win32_1.1.100.202309141235/tools/bin/../lib/gcc/arm-none-eabi/11.3.1/../../../../arm-none-eabi/lib/thumb/v6-m/nofp\libc_nano.a(libc_a-stdio.o)
                              C:/ST/STM32CubeIDE_1.14.1/STM32CubeIDE/plugins/com.st.stm32cube.ide.mcu.externaltools.gnu-tools-for-stm32.11.3.rel1.win32_1.1.100.202309141235/tools/bin/../lib/gcc/arm-none-eabi/11.3.1/../../../../arm-none-eabi/lib/thumb/v6-m/nofp\libc_nano.a(libc_a-findfp.o) (__sread)
C:/ST/STM32CubeIDE_1.14.1/STM32CubeIDE/plugins/com.st.stm32cube.ide.mcu.externaltools.gnu-tools-for-stm32.11.3.rel1.win32_1.1.100.202309141235/tools/bin/../lib/gcc/arm-none-eabi/11.3.1/../../../../arm-none-eabi/lib/thumb/v6-m/nofp\libc_nano.a(libc_a-memset.o)
                              C:/ST/STM32CubeIDE_1.14.1/STM32CubeIDE/plugins/com.st.stm32cube.ide.mcu.externaltools.gnu-tools-for-stm32.11.3.rel1.win32_1.1.100.202309141235/tools/bin/../lib/gcc/arm-none-eabi/11.3.1/../../../../arm-none-eabi/lib/thumb/v6-m/nofp/crt0.o (memset)
C:/ST/STM32CubeIDE_1.14.1/STM32CubeIDE/plugins/com.st.stm32cube.ide.mcu.externaltools.gnu-tools-for-stm32.11.3.rel1.win32_1.1.100.202309141235/tools/bin/../lib/gcc/arm-none-eabi/11.3.1/../../../../arm-none-eabi/lib/thumb/v6-m/nofp\libc_nano.a(libc_a-strncmp.o)
                              ./Core/Src/protocol.o (strncmp)
C:/ST/STM32CubeIDE_1.14.1/STM32CubeIDE/plugins/com.st.stm32cube.ide.mcu.externaltools.gnu-tools-for-stm32.11.3.rel1.win32_1.1.100.202309141235/tools/bin/../lib/gcc/arm-none-eabi/11.3.1/../../../../arm-none-eabi/lib/thumb/v6-m/nofp\libc_nano.a(libc_a-closer.o)
                              C:/ST/STM32CubeIDE_1.14.1/STM32CubeIDE/plugins/com.st.stm32cube.ide.mcu.externaltools.gnu-tools-for-stm32.11.3.rel1.win32_1.1.100.202309141235/tools/bin/../lib/gcc/arm-none-eabi/11.3.1/../../../../arm-none-eabi/lib/thumb/v6-m/nofp\libc_nano.a(libc_a-stdio.o) (_close_r)
C:/ST/STM32CubeIDE_1.14.1/STM32CubeIDE/plugins/com.st.stm32cube.ide.mcu.externaltools.gnu-tools-for-stm32.11.3.rel1.win32_1.1.100.202309141235/tools/bin/../lib/gcc/arm-none-eabi/11.3.1/../../../../arm-none-eabi/lib/thumb/v6-m/nofp\libc_nano.a(libc_a-reent.o)
                              C:/ST/STM32CubeIDE_1.14.1/STM32CubeIDE/plugins/com.st.stm32cube.ide.mcu.externaltools.gnu-tools-for-stm32.11.3.rel1.win32_1.1.100.202309141235/tools/bin/../lib/gcc/arm-none-eabi/11.3.1/../../../../arm-none-eabi/lib/thumb/v6-m/nofp\libc_nano.a(libc_a-closer.o) (errno)
C:/ST/STM32CubeIDE_1.14.1/STM32CubeIDE/plugins/com.st.stm32cube.ide.mcu.externaltools.gnu-tools-for-stm32.11.3.rel1.win32_1.1.100.202309141235/tools/bin/../lib/gcc/arm-none-eabi/11.3.1/../../../../arm-none-eabi/lib/thumb/v6-m/nofp\libc_nano.a(libc_a-impure.o)
                              C:/ST/STM32CubeIDE_1.14.1/STM32CubeIDE/plugins/com.st.stm32cube.ide.mcu.externaltools.gnu-tools-for-stm32.11.3.rel1.win32_1.1.100.202309141235/tools/bin/../lib/gcc/arm-none-eabi/11.3.1/../../../../arm-none-eabi/lib/thumb/v6-m/nofp\libc_nano.a(libc_a-reent.o) (_impure_ptr)
[...]
Memory Configuration

Name             Origin             Length             Attributes
RAM              0x0000000020000000 0x0000000000008000 xrw
FLASH            0x0000000008000000 0x0000000000040000 xr
*default*        0x0000000000000000 0xffffffffffffffff

Linker script and memory map

LOAD C:/ST/STM32CubeIDE_1.14.1/STM32CubeIDE/plugins/com.st.stm32cube.ide.mcu.externaltools.gnu-tools-for-stm32.11.3.rel1.win32_1.1.100.202309141235/tools/bin/../lib/gcc/arm-none-eabi/11.3.1/thumb/v6-m/nofp/crti.o
LOAD C:/ST/STM32CubeIDE_1.14.1/STM32CubeIDE/plugins/com.st.stm32cube.ide.mcu.externaltools.gnu-tools-for-stm32.11.3.rel1.win32_1.1.100.202309141235/tools/bin/../lib/gcc/arm-none-eabi/11.3.1/thumb/v6-m/nofp/crtbegin.o
LOAD C:/ST/STM32CubeIDE_1.14.1/STM32CubeIDE/plugins/com.st.stm32cube.ide.mcu.externaltools.gnu-tools-for-stm32.11.3.rel1.win32_1.1.100.202309141235/tools/bin/../lib/gcc/arm-none-eabi/11.3.1/../../../../arm-none-eabi/lib/thumb/v6-m/nofp/crt0.o
LOAD ./Core/Src/adc.o
LOAD ./Core/Src/fnd.o
LOAD ./Core/Src/gpio.o
LOAD ./Core/Src/main.o
LOAD ./Core/Src/protocol.o
LOAD ./Core/Src/servo.o
LOAD ./Core/Src/sonic.o
LOAD ./Core/Src/stm32f0xx_hal_msp.o
LOAD ./Core/Src/stm32f0xx_it.o
LOAD ./Core/Src/syscalls.o
LOAD ./Core/Src/sysmem.o
LOAD ./Core/Src/system_stm32f0xx.o
LOAD ./Core/Src/tim.o
LOAD ./Core/Src/usart.o
LOAD ./Core/Startup/startup_stm32f091rctx.o
LOAD ./Drivers/STM32F0xx_HAL_Driver/Src/stm32f0xx_hal.o
LOAD ./Drivers/STM32F0xx_HAL_Driver/Src/stm32f0xx_hal_adc.o
LOAD ./Drivers/STM32F0xx_HAL_Driver/Src/stm32f0xx_hal_adc_ex.o
LOAD ./Drivers/STM32F0xx_HAL_Driver/Src/stm32f0xx_hal_cortex.o
LOAD ./Drivers/STM32F0xx_HAL_Driver/Src/stm32f0xx_hal_dma.o
LOAD ./Drivers/STM32F0xx_HAL_Driver/Src/stm32f0xx_hal_exti.o
LOAD ./Drivers/STM32F0xx_HAL_Driver/Src/stm32f0xx_hal_flash.o
LOAD ./Drivers/STM32F0xx_HAL_Driver/Src/stm32f0xx_hal_flash_ex.o
LOAD ./Drivers/STM32F0xx_HAL_Driver/Src/stm32f0xx_hal_gpio.o
LOAD ./Drivers/STM32F0xx_HAL_Driver/Src/stm32f0xx_hal_i2c.o
LOAD ./Drivers/STM32F0xx_HAL_Driver/Src/stm32f0xx_hal_i2c_ex.o
LOAD ./Drivers/STM32F0xx_HAL_Driver/Src/stm32f0xx_hal_pwr.o
LOAD ./Drivers/STM32F0xx_HAL_Driver/Src/stm32f0xx_hal_pwr_ex.o
LOAD ./Drivers/STM32F0xx_HAL_Driver/Src/stm32f0xx_hal_rcc.o
LOAD ./Drivers/STM32F0xx_HAL_Driver/Src/stm32f0xx_hal_rcc_ex.o
LOAD ./Drivers/STM32F0xx_HAL_Driver/Src/stm32f0xx_hal_tim.o
LOAD ./Drivers/STM32F0xx_HAL_Driver/Src/stm32f0xx_hal_tim_ex.o
LOAD ./Drivers/STM32F0xx_HAL_Driver/Src/stm32f0xx_hal_uart.o
LOAD ./Drivers/STM32F0xx_HAL_Driver/Src/stm32f0xx_hal_uart_ex.o
START GROUP
LOAD C:/ST/STM32CubeIDE_1.14.1/STM32CubeIDE/plugins/com.st.stm32cube.ide.mcu.externaltools.gnu-tools-for-stm32.11.3.rel1.win32_1.1.100.202309141235/tools/bin/../lib/gcc/arm-none-eabi/11.3.1/../../../../arm-none-eabi/lib/thumb/v6-m/nofp\libc_nano.a
LOAD C:/ST/STM32CubeIDE_1.14.1/STM32CubeIDE/plugins/com.st.stm32cube.ide.mcu.externaltools.gnu-tools-for-stm32.11.3.rel1.win32_1.1.100.202309141235/tools/bin/../lib/gcc/arm-none-eabi/11.3.1/../../../../arm-none-eabi/lib/thumb/v6-m/nofp\libm.a
END GROUP
START GROUP
LOAD C:/ST/STM32CubeIDE_1.14.1/STM32CubeIDE/plugins/com.st.stm32cube.ide.mcu.externaltools.gnu-tools-for-stm32.11.3.rel1.win32_1.1.100.202309141235/tools/bin/../lib/gcc/arm-none-eabi/11.3.1/thumb/v6-m/nofp\libgcc.a
LOAD C:/ST/STM32CubeIDE_1.14.1/STM32CubeIDE/plugins/com.st.stm32cube.ide.mcu.externaltools.gnu-tools-for-stm32.11.3.rel1.win32_1.1.100.202309141235/tools/bin/../lib/gcc/arm-none-eabi/11.3.1/../../../../arm-none-eabi/lib/thumb/v6-m/nofp\libc_nano.a
END GROUP
START GROUP
LOAD C:/ST/STM32CubeIDE_1.14.1/STM32CubeIDE/plugins/com.st.stm32cube.ide.mcu.externaltools.gnu-tools-for-stm32.11.3.rel1.win32_1.1.100.202309141235/tools/bin/../lib/gcc/arm-none-eabi/11.3.1/thumb/v6-m/nofp\libgcc.a
LOAD C:/ST/STM32CubeIDE_1.14.1/STM32CubeIDE/plugins/com.st.stm32cube.ide.mcu.externaltools.gnu-tools-for-stm32.11.3.rel1.win32_1.1.100.202309141235/tools/bin/../lib/gcc/arm-none-eabi/11.3.1/../../../../arm-none-eabi/lib/thumb/v6-m/nofp\libc_nano.a
LOAD C:/ST/STM32CubeIDE_1.14.1/STM32CubeIDE/plugins/com.st.stm32cube.ide.mcu.externaltools.gnu-tools-for-stm32.11.3.rel1.win32_1.1.100.202309141235/tools/bin/../lib/gcc/arm-none-eabi/11.3.1/../../../../arm-none-eabi/lib/thumb/v6-m/nofp\libnosys.a
END GROUP
START GROUP
LOAD C:/ST/STM32CubeIDE_1.14.1/STM32CubeIDE/plugins/com.st.stm32cube.ide.mcu.externaltools.gnu-tools-for-stm32.11.3.rel1.win32_1.1.100.202309141235/tools/bin/../lib/gcc/arm-none-eabi/11.3.1/thumb/v6-m/nofp\libgcc.a
LOAD C:/ST/STM32CubeIDE_1.14.1/STM32CubeIDE/plugins/com.st.stm32cube.ide.mcu.externaltools.gnu-tools-for-stm32.11.3.rel1.win32_1.1.100.202309141235/tools/bin/../lib/gcc/arm-none-eabi/11.3.1/../../../../arm-none-eabi/lib/thumb/v6-m/nofp\libc_nano.a
LOAD C:/ST/STM32CubeIDE_1.14.1/STM32CubeIDE/plugins/com.st.stm32cube.ide.mcu.externaltools.gnu-tools-for-stm32.11.3.rel1.win32_1.1.100.202309141235/tools/bin/../lib/gcc/arm-none-eabi/11.3.1/../../../../arm-none-eabi/lib/thumb/v6-m/nofp\libnosys.a
END GROUP
LOAD C:/ST/STM32CubeIDE_1.14.1/STM32CubeIDE/plugins/com.st.stm32cube.ide.mcu.externaltools.gnu-tools-for-stm32.11.3.rel1.win32_1.1.100.202309141235/tools/bin/../lib/gcc/arm-none-eabi/11.3.1/thumb/v6-m/nofp/crtend.o
LOAD C:/ST/STM32CubeIDE_1.14.1/STM32CubeIDE/plugins/com.st.stm32cube.ide.mcu.externaltools.gnu-tools-for-stm32.11.3.rel1.win32_1.1.100.202309141235/tools/bin/../lib/gcc/arm-none-eabi/11.3.1/thumb/v6-m/nofp/crtn.o
                0x0000000020008000                _estack = (ORIGIN (RAM) + LENGTH (RAM))
                0x0000000000000200                _Min_Heap_Size = 0x200
                0x0000000000000400                _Min_Stack_Size = 0x400

.isr_vector     0x0000000008000000       0xbc
                0x0000000008000000                . = ALIGN (0x4)
 *(.isr_vector)
 .isr_vector    0x0000000008000000       0xbc ./Core/Startup/startup_stm32f091rctx.o
                0x0000000008000000                g_pfnVectors
                0x00000000080000bc                . = ALIGN (0x4)

.text           0x00000000080000bc     0x6488
                0x00000000080000bc                . = ALIGN (0x4)
 *(.text)
 .text          0x00000000080000bc       0x48 C:/ST/STM32CubeIDE_1.14.1/STM32CubeIDE/plugins/com.st.stm32cube.ide.mcu.externaltools.gnu-tools-for-stm32.11.3.rel1.win32_1.1.100.202309141235/tools/bin/../lib/gcc/arm-none-eabi/11.3.1/thumb/v6-m/nofp/crtbegin.o
 .text          0x0000000008000104      0x114 C:/ST/STM32CubeIDE_1.14.1/STM32CubeIDE/plugins/com.st.stm32cube.ide.mcu.externaltools.gnu-tools-for-stm32.11.3.rel1.win32_1.1.100.202309141235/tools/bin/../lib/gcc/arm-none-eabi/11.3.1/thumb/v6-m/nofp\libgcc.a(_udivsi3.o)
                0x0000000008000104                __aeabi_uidiv
                0x0000000008000104                __udivsi3
                0x0000000008000210                __aeabi_uidivmod
 .text          0x0000000008000218        0x4 C:/ST/STM32CubeIDE_1.14.1/STM32CubeIDE/plugins/com.st.stm32cube.ide.mcu.externaltools.gnu-tools-for-stm32.11.3.rel1.win32_1.1.100.202309141235/tools/bin/../lib/gcc/arm-none-eabi/11.3.1/thumb/v6-m/nofp\libgcc.a(_dvmd_tls.o)
                0x0000000008000218                __aeabi_idiv0
                0x0000000008000218                __aeabi_ldiv0
 .text          0x000000000800021c       0x3c C:/ST/STM32CubeIDE_1.14.1/STM32CubeIDE/plugins/com.st.stm32cube.ide.mcu.externaltools.gnu-tools-for-stm32.11.3.rel1.win32_1.1.100.202309141235/tools/bin/../lib/gcc/arm-none-eabi/11.3.1/thumb/v6-m/nofp\libgcc.a(_fixunsdfsi.o)
                0x000000000800021c                __aeabi_d2uiz
                0x000000000800021c                __fixunsdfsi
 .text          0x0000000008000258      0x5dc C:/ST/STM32CubeIDE_1.14.1/STM32CubeIDE/plugins/com.st.stm32cube.ide.mcu.externaltools.gnu-tools-for-stm32.11.3.rel1.win32_1.1.100.202309141235/tools/bin/../lib/gcc/arm-none-eabi/11.3.1/thumb/v6-m/nofp\libgcc.a(divdf3.o)
                0x0000000008000258                __aeabi_ddiv
 .text          0x0000000008000834      0x584 C:/ST/STM32CubeIDE_1.14.1/STM32CubeIDE/plugins/com.st.stm32cube.ide.mcu.externaltools.gnu-tools-for-stm32.11.3.rel1.win32_1.1.100.202309141235/tools/bin/../lib/gcc/arm-none-eabi/11.3.1/thumb/v6-m/nofp\libgcc.a(muldf3.o)
                0x0000000008000834                __aeabi_dmul
 .text          0x0000000008000db8      0x704 C:/ST/STM32CubeIDE_1.14.1/STM32CubeIDE/plugins/com.st.stm32cube.ide.mcu.externaltools.gnu-tools-for-stm32.11.3.rel1.win32_1.1.100.202309141235/tools/bin/../lib/gcc/arm-none-eabi/11.3.1/thumb/v6-m/nofp\libgcc.a(subdf3.o)
                0x0000000008000db8                __aeabi_dsub
 .text          0x00000000080014bc       0x6c C:/ST/STM32CubeIDE_1.14.1/STM32CubeIDE/plugins/com.st.stm32cube.ide.mcu.externaltools.gnu-tools-for-stm32.11.3.rel1.win32_1.1.100.202309141235/tools/bin/../lib/gcc/arm-none-eabi/11.3.1/thumb/v6-m/nofp\libgcc.a(fixdfsi.o)
                0x00000000080014bc                __aeabi_d2iz
 .text          0x0000000008001528       0x4c C:/ST/STM32CubeIDE_1.14.1/STM32CubeIDE/plugins/com.st.stm32cube.ide.mcu.externaltools.gnu-tools-for-stm32.11.3.rel1.win32_1.1.100.202309141235/tools/bin/../lib/gcc/arm-none-eabi/11.3.1/thumb/v6-m/nofp\libgcc.a(floatunsidf.o)
                0x0000000008001528                __aeabi_ui2d
 .text          0x0000000008001574       0x7c C:/ST/STM32CubeIDE_1.14.1/STM32CubeIDE/plugins/com.st.stm32cube.ide.mcu.externaltools.gnu-tools-for-stm32.11.3.rel1.win32_1.1.100.202309141235/tools/bin/../lib/gcc/arm-none-eabi/11.3.1/thumb/v6-m/nofp\libgcc.a(_arm_cmpdf2.o)
                0x0000000008001574                __aeabi_cdrcmple
                0x0000000008001584                __aeabi_cdcmple
                0x0000000008001584                __aeabi_cdcmpeq
                0x0000000008001594                __aeabi_dcmpeq
                0x00000000080015a0                __aeabi_dcmplt
                0x00000000080015b4                __aeabi_dcmple
                0x00000000080015c8                __aeabi_dcmpgt
                0x00000000080015dc                __aeabi_dcmpge
 .text          0x00000000080015f0       0x3c C:/ST/STM32CubeIDE_1.14.1/STM32CubeIDE/plugins/com.st.stm32cube.ide.mcu.externaltools.gnu-tools-for-stm32.11.3.rel1.win32_1.1.100.202309141235/tools/bin/../lib/gcc/arm-none-eabi/11.3.1/thumb/v6-m/nofp\libgcc.a(_clzsi2.o)
                0x00000000080015f0                __clzsi2
 .text          0x000000000800162c       0x84 C:/ST/STM32CubeIDE_1.14.1/STM32CubeIDE/plugins/com.st.stm32cube.ide.mcu.externaltools.gnu-tools-for-stm32.11.3.rel1.win32_1.1.100.202309141235/tools/bin/../lib/gcc/arm-none-eabi/11.3.1/thumb/v6-m/nofp\libgcc.a(eqdf2.o)
                0x000000000800162c                __nedf2
                0x000000000800162c                __eqdf2
 .text          0x00000000080016b0       0xcc C:/ST/STM32CubeIDE_1.14.1/STM32CubeIDE/plugins/com.st.stm32cube.ide.mcu.externaltools.gnu-tools-for-stm32.11.3.rel1.win32_1.1.100.202309141235/tools/bin/../lib/gcc/arm-none-eabi/11.3.1/thumb/v6-m/nofp\libgcc.a(gedf2.o)
                0x00000000080016b0                __gedf2
                0x00000000080016b0                __gtdf2
 .text          0x000000000800177c       0xc8 C:/ST/STM32CubeIDE_1.14.1/STM32CubeIDE/plugins/com.st.stm32cube.ide.mcu.externaltools.gnu-tools-for-stm32.11.3.rel1.win32_1.1.100.202309141235/tools/bin/../lib/gcc/arm-none-eabi/11.3.1/thumb/v6-m/nofp\libgcc.a(ledf2.o)
                0x000000000800177c                __ledf2
                0x000000000800177c                __ltdf2
 *(.text*)
 .text.MX_ADC_Init
                0x0000000008001844      0x104 ./Core/Src/adc.o
                0x0000000008001844                MX_ADC_Init
 .text.HAL_ADC_MspInit
                0x0000000008001948       0x8c ./Core/Src/adc.o
                0x0000000008001948                HAL_ADC_MspInit
 .text.MX_GPIO_Init
                0x00000000080019d4       0xe8 ./Core/Src/gpio.o
                0x00000000080019d4                MX_GPIO_Init
 .text.main     0x0000000008001abc       0xb4 ./Core/Src/main.o
                0x0000000008001abc                main
 .text.SystemClock_Config
                0x0000000008001b70       0xce ./Core/Src/main.o
                0x0000000008001b70                SystemClock_Config
 .text.Error_Handler
                0x0000000008001c3e        0xa ./Core/Src/main.o
                0x0000000008001c3e                Error_Handler
 .text.Uart1_Init
                0x0000000008001c48       0x20 ./Core/Src/protocol.o
                0x0000000008001c48                Uart1_Init
 .text.Uart1_Handler
                0x0000000008001c68       0x9c ./Core/Src/protocol.o
                0x0000000008001c68                Uart1_Handler
 .text.Check_Protocol
                0x0000000008001d04      0x268 ./Core/Src/protocol.o
                0x0000000008001d04                Check_Protocol
 .text.Servo_Init
                0x0000000008001f6c       0xbc ./Core/Src/servo.o
                0x0000000008001f6c                Servo_Init
 .text.HAL_TIM_IC_CaptureCallback
                0x0000000008002028      0x144 ./Core/Src/sonic.o
                0x0000000008002028                HAL_TIM_IC_CaptureCallback
 .text.HAL_MspInit
                0x000000000800216c       0x48 ./Core/Src/stm32f0xx_hal_msp.o
                0x000000000800216c                HAL_MspInit
 .text.NMI_Handler
                0x00000000080021b4        0x6 ./Core/Src/stm32f0xx_it.o
                0x00000000080021b4                NMI_Handler
 .text.HardFault_Handler
                0x00000000080021ba        0x6 ./Core/Src/stm32f0xx_it.o
                0x00000000080021ba                HardFault_Handler
 .text.SVC_Handler
                0x00000000080021c0        0xa ./Core/Src/stm32f0xx_it.o
                0x00000000080021c0                SVC_Handler
 .text.PendSV_Handler
                0x00000000080021ca        0xa ./Core/Src/stm32f0xx_it.o
                0x00000000080021ca                PendSV_Handler
 .text.SysTick_Handler
                0x00000000080021d4        0xe ./Core/Src/stm32f0xx_it.o
                0x00000000080021d4                SysTick_Handler
 *fill*         0x00000000080021e2        0x2 
 .text.TIM15_IRQHandler
                0x00000000080021e4       0x18 ./Core/Src/stm32f0xx_it.o
                0x00000000080021e4                TIM15_IRQHandler
 .text.USART1_IRQHandler
                0x00000000080021fc        0xe ./Core/Src/stm32f0xx_it.o
                0x00000000080021fc                USART1_IRQHandler
 .text.SystemInit
                0x000000000800220a        0xa ./Core/Src/system_stm32f0xx.o
                0x000000000800220a                SystemInit
 .text.MX_TIM1_Init
                0x0000000008002214      0x1b8 ./Core/Src/tim.o
                0x0000000008002214                MX_TIM1_Init
 .text.MX_TIM2_Init
                0x00000000080023cc       0xfc ./Core/Src/tim.o
                0x00000000080023cc                MX_TIM2_Init
 .text.MX_TIM3_Init
                0x00000000080024c8       0xac ./Core/Src/tim.o
                0x00000000080024c8                MX_TIM3_Init
 .text.MX_TIM15_Init
                0x0000000008002574      0x100 ./Core/Src/tim.o
                0x0000000008002574                MX_TIM15_Init
 .text.HAL_TIM_Base_MspInit
                0x0000000008002674      0x128 ./Core/Src/tim.o
                0x0000000008002674                HAL_TIM_Base_MspInit
 .text.HAL_TIM_MspPostInit
                0x000000000800279c       0xd8 ./Core/Src/tim.o
                0x000000000800279c                HAL_TIM_MspPostInit
 .text.MX_USART1_UART_Init
                0x0000000008002874       0x60 ./Core/Src/usart.o
                0x0000000008002874                MX_USART1_UART_Init
 .text.HAL_UART_MspInit
                0x00000000080028d4       0xac ./Core/Src/usart.o
                0x00000000080028d4                HAL_UART_MspInit
 .text.Reset_Handler
                0x0000000008002980       0x50 ./Core/Startup/startup_stm32f091rctx.o
                0x0000000008002980                Reset_Handler
 .text.Default_Handler
                0x00000000080029d0        0x2 ./Core/Startup/startup_stm32f091rctx.o
                0x00000000080029d0                TIM1_CC_IRQHandler
                0x00000000080029d0                TSC_IRQHandler
                0x00000000080029d0                ADC1_COMP_IRQHandler
                0x00000000080029d0                I2C1_IRQHandler
                0x00000000080029d0                RCC_CRS_IRQHandler
                0x00000000080029d0                SPI1_IRQHandler
                0x00000000080029d0                TIM6_DAC_IRQHandler
                0x00000000080029d0                DMA1_Ch1_IRQHandler
                0x00000000080029d0                EXTI2_3_IRQHandler
                0x00000000080029d0                I2C2_IRQHandler
                0x00000000080029d0                TIM17_IRQHandler
                0x00000000080029d0                CEC_CAN_IRQHandler
                0x00000000080029d0                RTC_IRQHandler
                0x00000000080029d0                PVD_VDDIO2_IRQHandler
                0x00000000080029d0                TIM16_IRQHandler
                0x00000000080029d0                TIM3_IRQHandler
                0x00000000080029d0                EXTI4_15_IRQHandler
                0x00000000080029d0                USART3_8_IRQHandler
                0x00000000080029d0                Default_Handler
                0x00000000080029d0                TIM14_IRQHandler
                0x00000000080029d0                TIM7_IRQHandler
                0x00000000080029d0                EXTI0_1_IRQHandler
                0x00000000080029d0                SPI2_IRQHandler
                0x00000000080029d0                DMA1_Ch2_3_DMA2_Ch1_2_IRQHandler
                0x00000000080029d0                DMA1_Ch4_7_DMA2_Ch3_5_IRQHandler
                0x00000000080029d0                WWDG_IRQHandler
                0x00000000080029d0                TIM2_IRQHandler
                0x00000000080029d0                USART2_IRQHandler
                0x00000000080029d0                FLASH_IRQHandler
                0x00000000080029d0                TIM1_BRK_UP_TRG_COM_IRQHandler
 *fill*         0x00000000080029d2        0x2 
 .text.HAL_Init
                0x00000000080029d4       0x28 ./Drivers/STM32F0xx_HAL_Driver/Src/stm32f0xx_hal.o
                0x00000000080029d4                HAL_Init
 .text.HAL_InitTick
                0x00000000080029fc       0x68 ./Drivers/STM32F0xx_HAL_Driver/Src/stm32f0xx_hal.o
                0x00000000080029fc                HAL_InitTick
 .text.HAL_IncTick
                0x0000000008002a64       0x24 ./Drivers/STM32F0xx_HAL_Driver/Src/stm32f0xx_hal.o
                0x0000000008002a64                HAL_IncTick
 .text.HAL_GetTick
                0x0000000008002a88       0x14 ./Drivers/STM32F0xx_HAL_Driver/Src/stm32f0xx_hal.o
                0x0000000008002a88                HAL_GetTick
 .text.HAL_Delay
                0x0000000008002a9c       0x48 ./Drivers/STM32F0xx_HAL_Driver/Src/stm32f0xx_hal.o
                0x0000000008002a9c                HAL_Delay
 .text.HAL_ADC_Init
                0x0000000008002ae4      0x280 ./Drivers/STM32F0xx_HAL_Driver/Src/stm32f0xx_hal_adc.o
                0x0000000008002ae4                HAL_ADC_Init
 .text.HAL_ADC_ConfigChannel
                0x0000000008002d64      0x21c ./Drivers/STM32F0xx_HAL_Driver/Src/stm32f0xx_hal_adc.o
                0x0000000008002d64                HAL_ADC_ConfigChannel
 .text.__NVIC_EnableIRQ
                0x0000000008002f80       0x34 ./Drivers/STM32F0xx_HAL_Driver/Src/stm32f0xx_hal_cortex.o
 .text.__NVIC_SetPriority
                0x0000000008002fb4       0xdc ./Drivers/STM32F0xx_HAL_Driver/Src/stm32f0xx_hal_cortex.o
 .text.SysTick_Config
                0x0000000008003090       0x48 ./Drivers/STM32F0xx_HAL_Driver/Src/stm32f0xx_hal_cortex.o
 .text.HAL_NVIC_SetPriority
                0x00000000080030d8       0x2a ./Drivers/STM32F0xx_HAL_Driver/Src/stm32f0xx_hal_cortex.o
                0x00000000080030d8                HAL_NVIC_SetPriority
 .text.HAL_NVIC_EnableIRQ
                0x0000000008003102       0x20 ./Drivers/STM32F0xx_HAL_Driver/Src/stm32f0xx_hal_cortex.o
                0x0000000008003102                HAL_NVIC_EnableIRQ
 .text.HAL_SYSTICK_Config
                0x0000000008003122       0x1a ./Drivers/STM32F0xx_HAL_Driver/Src/stm32f0xx_hal_cortex.o
                0x0000000008003122                HAL_SYSTICK_Config
 .text.HAL_GPIO_Init
                0x000000000800313c      0x2f0 ./Drivers/STM32F0xx_HAL_Driver/Src/stm32f0xx_hal_gpio.o
                0x000000000800313c                HAL_GPIO_Init
 .text.HAL_GPIO_WritePin
                0x000000000800342c       0x3a ./Drivers/STM32F0xx_HAL_Driver/Src/stm32f0xx_hal_gpio.o
                0x000000000800342c                HAL_GPIO_WritePin
 *fill*         0x0000000008003466        0x2 
 .text.HAL_RCC_OscConfig
                0x0000000008003468      0x70c ./Drivers/STM32F0xx_HAL_Driver/Src/stm32f0xx_hal_rcc.o
                0x0000000008003468                HAL_RCC_OscConfig
 .text.HAL_RCC_ClockConfig
                0x0000000008003b74      0x1b4 ./Drivers/STM32F0xx_HAL_Driver/Src/stm32f0xx_hal_rcc.o
                0x0000000008003b74                HAL_RCC_ClockConfig
 .text.HAL_RCC_GetSysClockFreq
                0x0000000008003d28       0xe4 ./Drivers/STM32F0xx_HAL_Driver/Src/stm32f0xx_hal_rcc.o
                0x0000000008003d28                HAL_RCC_GetSysClockFreq
 .text.HAL_RCC_GetHCLKFreq
                0x0000000008003e0c       0x14 ./Drivers/STM32F0xx_HAL_Driver/Src/stm32f0xx_hal_rcc.o
                0x0000000008003e0c                HAL_RCC_GetHCLKFreq
 .text.HAL_RCC_GetPCLK1Freq
                0x0000000008003e20       0x2c ./Drivers/STM32F0xx_HAL_Driver/Src/stm32f0xx_hal_rcc.o
                0x0000000008003e20                HAL_RCC_GetPCLK1Freq
 .text.HAL_RCCEx_PeriphCLKConfig
                0x0000000008003e4c      0x200 ./Drivers/STM32F0xx_HAL_Driver/Src/stm32f0xx_hal_rcc_ex.o
                0x0000000008003e4c                HAL_RCCEx_PeriphCLKConfig
 .text.HAL_TIM_Base_Init
                0x000000000800404c       0xa0 ./Drivers/STM32F0xx_HAL_Driver/Src/stm32f0xx_hal_tim.o
                0x000000000800404c                HAL_TIM_Base_Init
 .text.HAL_TIM_PWM_Init
                0x00000000080040ec       0xa0 ./Drivers/STM32F0xx_HAL_Driver/Src/stm32f0xx_hal_tim.o
                0x00000000080040ec                HAL_TIM_PWM_Init
 .text.HAL_TIM_PWM_MspInit
                0x000000000800418c       0x10 ./Drivers/STM32F0xx_HAL_Driver/Src/stm32f0xx_hal_tim.o
                0x000000000800418c                HAL_TIM_PWM_MspInit
 .text.HAL_TIM_IC_Init
                0x000000000800419c       0xa0 ./Drivers/STM32F0xx_HAL_Driver/Src/stm32f0xx_hal_tim.o
                0x000000000800419c                HAL_TIM_IC_Init
 .text.HAL_TIM_IC_MspInit
                0x000000000800423c       0x10 ./Drivers/STM32F0xx_HAL_Driver/Src/stm32f0xx_hal_tim.o
                0x000000000800423c                HAL_TIM_IC_MspInit
 .text.HAL_TIM_IC_Start_IT
                0x000000000800424c      0x21c ./Drivers/STM32F0xx_HAL_Driver/Src/stm32f0xx_hal_tim.o
                0x000000000800424c                HAL_TIM_IC_Start_IT
 .text.HAL_TIM_IRQHandler
                0x0000000008004468      0x22c ./Drivers/STM32F0xx_HAL_Driver/Src/stm32f0xx_hal_tim.o
                0x0000000008004468                HAL_TIM_IRQHandler
 .text.HAL_TIM_IC_ConfigChannel
                0x0000000008004694      0x148 ./Drivers/STM32F0xx_HAL_Driver/Src/stm32f0xx_hal_tim.o
                0x0000000008004694                HAL_TIM_IC_ConfigChannel
 .text.HAL_TIM_PWM_ConfigChannel
                0x00000000080047dc      0x18c ./Drivers/STM32F0xx_HAL_Driver/Src/stm32f0xx_hal_tim.o
                0x00000000080047dc                HAL_TIM_PWM_ConfigChannel
 .text.HAL_TIM_ConfigClockSource
                0x0000000008004968      0x1a8 ./Drivers/STM32F0xx_HAL_Driver/Src/stm32f0xx_hal_tim.o
                0x0000000008004968                HAL_TIM_ConfigClockSource
 .text.HAL_TIM_ReadCapturedValue
                0x0000000008004b10       0x68 ./Drivers/STM32F0xx_HAL_Driver/Src/stm32f0xx_hal_tim.o
                0x0000000008004b10                HAL_TIM_ReadCapturedValue
 .text.HAL_TIM_PeriodElapsedCallback
                0x0000000008004b78       0x10 ./Drivers/STM32F0xx_HAL_Driver/Src/stm32f0xx_hal_tim.o
                0x0000000008004b78                HAL_TIM_PeriodElapsedCallback
 .text.HAL_TIM_OC_DelayElapsedCallback
                0x0000000008004b88       0x10 ./Drivers/STM32F0xx_HAL_Driver/Src/stm32f0xx_hal_tim.o
                0x0000000008004b88                HAL_TIM_OC_DelayElapsedCallback
 .text.HAL_TIM_PWM_PulseFinishedCallback
                0x0000000008004b98       0x10 ./Drivers/STM32F0xx_HAL_Driver/Src/stm32f0xx_hal_tim.o
                0x0000000008004b98                HAL_TIM_PWM_PulseFinishedCallback
 .text.HAL_TIM_TriggerCallback
                0x0000000008004ba8       0x10 ./Drivers/STM32F0xx_HAL_Driver/Src/stm32f0xx_hal_tim.o
                0x0000000008004ba8                HAL_TIM_TriggerCallback
 .text.TIM_Base_SetConfig
                0x0000000008004bb8      0x100 ./Drivers/STM32F0xx_HAL_Driver/Src/stm32f0xx_hal_tim.o
                0x0000000008004bb8                TIM_Base_SetConfig
 .text.TIM_OC1_SetConfig
                0x0000000008004cb8      0x110 ./Drivers/STM32F0xx_HAL_Driver/Src/stm32f0xx_hal_tim.o
 .text.TIM_OC2_SetConfig
                0x0000000008004dc8      0x108 ./Drivers/STM32F0xx_HAL_Driver/Src/stm32f0xx_hal_tim.o
                0x0000000008004dc8                TIM_OC2_SetConfig
 .text.TIM_OC3_SetConfig
                0x0000000008004ed0      0x10c ./Drivers/STM32F0xx_HAL_Driver/Src/stm32f0xx_hal_tim.o
 .text.TIM_OC4_SetConfig
                0x0000000008004fdc       0xd4 ./Drivers/STM32F0xx_HAL_Driver/Src/stm32f0xx_hal_tim.o
 .text.TIM_TI1_SetConfig
                0x00000000080050b0       0xb8 ./Drivers/STM32F0xx_HAL_Driver/Src/stm32f0xx_hal_tim.o
                0x00000000080050b0                TIM_TI1_SetConfig
 .text.TIM_TI1_ConfigInputStage
                0x0000000008005168       0x5c ./Drivers/STM32F0xx_HAL_Driver/Src/stm32f0xx_hal_tim.o
 .text.TIM_TI2_SetConfig
                0x00000000080051c4       0x84 ./Drivers/STM32F0xx_HAL_Driver/Src/stm32f0xx_hal_tim.o
 .text.TIM_TI2_ConfigInputStage
                0x0000000008005248       0x64 ./Drivers/STM32F0xx_HAL_Driver/Src/stm32f0xx_hal_tim.o
 .text.TIM_TI3_SetConfig
                0x00000000080052ac       0x80 ./Drivers/STM32F0xx_HAL_Driver/Src/stm32f0xx_hal_tim.o
 .text.TIM_TI4_SetConfig
                0x000000000800532c       0x8c ./Drivers/STM32F0xx_HAL_Driver/Src/stm32f0xx_hal_tim.o
 .text.TIM_ITRx_SetConfig
                0x00000000080053b8       0x32 ./Drivers/STM32F0xx_HAL_Driver/Src/stm32f0xx_hal_tim.o
 *fill*         0x00000000080053ea        0x2 
 .text.TIM_ETR_SetConfig
                0x00000000080053ec       0x40 ./Drivers/STM32F0xx_HAL_Driver/Src/stm32f0xx_hal_tim.o
                0x00000000080053ec                TIM_ETR_SetConfig
 .text.TIM_CCxChannelCmd
                0x000000000800542c       0x46 ./Drivers/STM32F0xx_HAL_Driver/Src/stm32f0xx_hal_tim.o
                0x000000000800542c                TIM_CCxChannelCmd
 *fill*         0x0000000008005472        0x2 
 .text.HAL_TIMEx_MasterConfigSynchronization
                0x0000000008005474       0xbc ./Drivers/STM32F0xx_HAL_Driver/Src/stm32f0xx_hal_tim_ex.o
                0x0000000008005474                HAL_TIMEx_MasterConfigSynchronization
 .text.HAL_TIMEx_ConfigBreakDeadTime
                0x0000000008005530       0xbc ./Drivers/STM32F0xx_HAL_Driver/Src/stm32f0xx_hal_tim_ex.o
                0x0000000008005530                HAL_TIMEx_ConfigBreakDeadTime
 .text.HAL_TIMEx_CommutCallback
                0x00000000080055ec       0x10 ./Drivers/STM32F0xx_HAL_Driver/Src/stm32f0xx_hal_tim_ex.o
                0x00000000080055ec                HAL_TIMEx_CommutCallback
 .text.HAL_TIMEx_BreakCallback
                0x00000000080055fc       0x10 ./Drivers/STM32F0xx_HAL_Driver/Src/stm32f0xx_hal_tim_ex.o
                0x00000000080055fc                HAL_TIMEx_BreakCallback
 .text.HAL_UART_Init
                0x000000000800560c       0xa8 ./Drivers/STM32F0xx_HAL_Driver/Src/stm32f0xx_hal_uart.o
                0x000000000800560c                HAL_UART_Init
 .text.HAL_UART_Receive_IT
                0x00000000080056b4       0xae ./Drivers/STM32F0xx_HAL_Driver/Src/stm32f0xx_hal_uart.o
                0x00000000080056b4                HAL_UART_Receive_IT
 .text.HAL_UART_RxCpltCallback
                0x0000000008005762       0x10 ./Drivers/STM32F0xx_HAL_Driver/Src/stm32f0xx_hal_uart.o
                0x0000000008005762                HAL_UART_RxCpltCallback
 .text.HAL_UARTEx_RxEventCallback
                0x0000000008005772       0x16 ./Drivers/STM32F0xx_HAL_Driver/Src/stm32f0xx_hal_uart.o
                0x0000000008005772                HAL_UARTEx_RxEventCallback
 .text.UART_SetConfig
                0x0000000008005788      0x3d0 ./Drivers/STM32F0xx_HAL_Driver/Src/stm32f0xx_hal_uart.o
                0x0000000008005788                UART_SetConfig
 .text.UART_AdvFeatureConfig
                0x0000000008005b58      0x168 ./Drivers/STM32F0xx_HAL_Driver/Src/stm32f0xx_hal_uart.o
                0x0000000008005b58                UART_AdvFeatureConfig
 .text.UART_CheckIdleState
                0x0000000008005cc0      0x150 ./Drivers/STM32F0xx_HAL_Driver/Src/stm32f0xx_hal_uart.o
                0x0000000008005cc0                UART_CheckIdleState
 .text.UART_WaitOnFlagUntilTimeout
                0x0000000008005e10       0xd2 ./Drivers/STM32F0xx_HAL_Driver/Src/stm32f0xx_hal_uart.o
                0x0000000008005e10                UART_WaitOnFlagUntilTimeout
 *fill*         0x0000000008005ee2        0x2 
 .text.UART_Start_Receive_IT
                0x0000000008005ee4      0x194 ./Drivers/STM32F0xx_HAL_Driver/Src/stm32f0xx_hal_uart.o
                0x0000000008005ee4                UART_Start_Receive_IT
 .text.UART_EndRxTransfer
                0x0000000008006078       0xc8 ./Drivers/STM32F0xx_HAL_Driver/Src/stm32f0xx_hal_uart.o
 .text.UART_RxISR_8BIT
                0x0000000008006140      0x1b8 ./Drivers/STM32F0xx_HAL_Driver/Src/stm32f0xx_hal_uart.o
 .text.UART_RxISR_16BIT
                0x00000000080062f8      0x1b8 ./Drivers/STM32F0xx_HAL_Driver/Src/stm32f0xx_hal_uart.o
 .text.memset   0x00000000080064b0       0x10 C:/ST/STM32CubeIDE_1.14.1/STM32CubeIDE/plugins/com.st.stm32cube.ide.mcu.externaltools.gnu-tools-for-stm32.11.3.rel1.win32_1.1.100.202309141235/tools/bin/../lib/gcc/arm-none-eabi/11.3.1/../../../../arm-none-eabi/lib/thumb/v6-m/nofp\libc_nano.a(libc_a-memset.o)
                0x00000000080064b0                memset
 .text.strncmp  0x00000000080064c0       0x22 C:/ST/STM32CubeIDE_1.14.1/STM32CubeIDE/plugins/com.st.stm32cube.ide.mcu.externaltools.gnu-tools-for-stm32.11.3.rel1.win32_1.1.100.202309141235/tools/bin/../lib/gcc/arm-none-eabi/11.3.1/../../../../arm-none-eabi/lib/thumb/v6-m/nofp\libc_nano.a(libc_a-strncmp.o)
                0x00000000080064c0                strncmp
 *fill*         0x00000000080064e2        0x2 
 .text.__libc_init_array
                0x00000000080064e4       0x48 C:/ST/STM32CubeIDE_1.14.1/STM32CubeIDE/plugins/com.st.stm32cube.ide.mcu.externaltools.gnu-tools-for-stm32.11.3.rel1.win32_1.1.100.202309141235/tools/bin/../lib/gcc/arm-none-eabi/11.3.1/../../../../arm-none-eabi/lib/thumb/v6-m/nofp\libc_nano.a(libc_a-init.o)
                0x00000000080064e4                __libc_init_array
 *(.glue_7)
 .glue_7        0x000000000800652c        0x0 linker stubs
 *(.glue_7t)
 .glue_7t       0x000000000800652c        0x0 linker stubs
 *(.eh_frame)
 .eh_frame      0x000000000800652c        0x0 C:/ST/STM32CubeIDE_1.14.1/STM32CubeIDE/plugins/com.st.stm32cube.ide.mcu.externaltools.gnu-tools-for-stm32.11.3.rel1.win32_1.1.100.202309141235/tools/bin/../lib/gcc/arm-none-eabi/11.3.1/thumb/v6-m/nofp/crtbegin.o
 *(.init)
 .init          0x000000000800652c        0x4 C:/ST/STM32CubeIDE_1.14.1/STM32CubeIDE/plugins/com.st.stm32cube.ide.mcu.externaltools.gnu-tools-for-stm32.11.3.rel1.win32_1.1.100.202309141235/tools/bin/../lib/gcc/arm-none-eabi/11.3.1/thumb/v6-m/nofp/crti.o
                0x000000000800652c                _init
 .init          0x0000000008006530        0x8 C:/ST/STM32CubeIDE_1.14.1/STM32CubeIDE/plugins/com.st.stm32cube.ide.mcu.externaltools.gnu-tools-for-stm32.11.3.rel1.win32_1.1.100.202309141235/tools/bin/../lib/gcc/arm-none-eabi/11.3.1/thumb/v6-m/nofp/crtn.o
 *(.fini)
 .fini          0x0000000008006538        0x4 C:/ST/STM32CubeIDE_1.14.1/STM32CubeIDE/plugins/com.st.stm32cube.ide.mcu.externaltools.gnu-tools-for-stm32.11.3.rel1.win32_1.1.100.202309141235/tools/bin/../lib/gcc/arm-none-eabi/11.3.1/thumb/v6-m/nofp/crti.o
                0x0000000008006538                _fini
 .fini          0x000000000800653c        0x8 C:/ST/STM32CubeIDE_1.14.1/STM32CubeIDE/plugins/com.st.stm32cube.ide.mcu.externaltools.gnu-tools-for-stm32.11.3.rel1.win32_1.1.100.202309141235/tools/bin/../lib/gcc/arm-none-eabi/11.3.1/thumb/v6-m/nofp/crtn.o
                0x0000000008006544                . = ALIGN (0x4)
                0x0000000008006544                _etext = .

.vfp11_veneer   0x0000000008006544        0x0
 .vfp11_veneer  0x0000000008006544        0x0 linker stubs

.v4_bx          0x0000000008006544        0x0
 .v4_bx         0x0000000008006544        0x0 linker stubs

.iplt           0x0000000008006544        0x0
 .iplt          0x0000000008006544        0x0 C:/ST/STM32CubeIDE_1.14.1/STM32CubeIDE/plugins/com.st.stm32cube.ide.mcu.externaltools.gnu-tools-for-stm32.11.3.rel1.win32_1.1.100.202309141235/tools/bin/../lib/gcc/arm-none-eabi/11.3.1/thumb/v6-m/nofp/crtbegin.o

.rodata         0x0000000008006544       0xf0
                0x0000000008006544                . = ALIGN (0x4)
 *(.rodata)
 .rodata        0x0000000008006544       0x75 ./Core/Src/protocol.o
 *fill*         0x00000000080065b9        0x3 
 .rodata        0x00000000080065bc       0x40 C:/ST/STM32CubeIDE_1.14.1/STM32CubeIDE/plugins/com.st.stm32cube.ide.mcu.externaltools.gnu-tools-for-stm32.11.3.rel1.win32_1.1.100.202309141235/tools/bin/../lib/gcc/arm-none-eabi/11.3.1/thumb/v6-m/nofp\libgcc.a(divdf3.o)
 *(.rodata*)
 .rodata.AHBPrescTable
                0x00000000080065fc       0x10 ./Core/Src/system_stm32f0xx.o
                0x00000000080065fc                AHBPrescTable
 .rodata.APBPrescTable
                0x000000000800660c        0x8 ./Core/Src/system_stm32f0xx.o
                0x000000000800660c                APBPrescTable
 .rodata.aPLLMULFactorTable.1
                0x0000000008006614       0x10 ./Drivers/STM32F0xx_HAL_Driver/Src/stm32f0xx_hal_rcc.o
 .rodata.aPredivFactorTable.0
                0x0000000008006624       0x10 ./Drivers/STM32F0xx_HAL_Driver/Src/stm32f0xx_hal_rcc.o
                0x0000000008006634                . = ALIGN (0x4)

.rel.dyn        0x0000000008006634        0x0
 .rel.iplt      0x0000000008006634        0x0 C:/ST/STM32CubeIDE_1.14.1/STM32CubeIDE/plugins/com.st.stm32cube.ide.mcu.externaltools.gnu-tools-for-stm32.11.3.rel1.win32_1.1.100.202309141235/tools/bin/../lib/gcc/arm-none-eabi/11.3.1/thumb/v6-m/nofp/crtbegin.o

.ARM.extab      0x0000000008006634        0x0
                0x0000000008006634                . = ALIGN (0x4)
 *(.ARM.extab* .gnu.linkonce.armextab.*)
                0x0000000008006634                . = ALIGN (0x4)

.ARM            0x0000000008006634        0x0
                0x0000000008006634                . = ALIGN (0x4)
                0x0000000008006634                __exidx_start = .
 *(.ARM.exidx*)
                0x0000000008006634                __exidx_end = .
                0x0000000008006634                . = ALIGN (0x4)

.preinit_array  0x0000000008006634        0x0
                0x0000000008006634                . = ALIGN (0x4)
                0x0000000008006634                PROVIDE (__preinit_array_start = .)
 *(.preinit_array*)
                0x0000000008006634                PROVIDE (__preinit_array_end = .)
                0x0000000008006634                . = ALIGN (0x4)

.init_array     0x0000000008006634        0x4
                0x0000000008006634                . = ALIGN (0x4)
                0x0000000008006634                PROVIDE (__init_array_start = .)
 *(SORT_BY_NAME(.init_array.*))
 *(.init_array*)
 .init_array    0x0000000008006634        0x4 C:/ST/STM32CubeIDE_1.14.1/STM32CubeIDE/plugins/com.st.stm32cube.ide.mcu.externaltools.gnu-tools-for-stm32.11.3.rel1.win32_1.1.100.202309141235/tools/bin/../lib/gcc/arm-none-eabi/11.3.1/thumb/v6-m/nofp/crtbegin.o
                0x0000000008006638                PROVIDE (__init_array_end = .)
                0x0000000008006638                . = ALIGN (0x4)

.fini_array     0x0000000008006638        0x4
                0x0000000008006638                . = ALIGN (0x4)
                [!provide]                        PROVIDE (__fini_array_start = .)
 *(SORT_BY_NAME(.fini_array.*))
 *(.fini_array*)
 .fini_array    0x0000000008006638        0x4 C:/ST/STM32CubeIDE_1.14.1/STM32CubeIDE/plugins/com.st.stm32cube.ide.mcu.externaltools.gnu-tools-for-stm32.11.3.rel1.win32_1.1.100.202309141235/tools/bin/../lib/gcc/arm-none-eabi/11.3.1/thumb/v6-m/nofp/crtbegin.o
                [!provide]                        PROVIDE (__fini_array_end = .)
                0x000000000800663c                . = ALIGN (0x4)
                0x000000000800663c                _sidata = LOADADDR (.data)

.data           0x0000000020000000       0x24 load address 0x000000000800663c
                0x0000000020000000                . = ALIGN (0x4)
                0x0000000020000000                _sdata = .
 *(.data)
 *(.data*)
 .data.num      0x0000000020000000       0x14 ./Core/Src/fnd.o
                0x0000000020000000                num
 .data.Distance
                0x0000000020000014        0x1 ./Core/Src/sonic.o
                0x0000000020000014                Distance
 *fill*         0x0000000020000015        0x3 
 .data.SystemCoreClock
                0x0000000020000018        0x4 ./Core/Src/system_stm32f0xx.o
                0x0000000020000018                SystemCoreClock
 .data.uwTickPrio
                0x000000002000001c        0x4 ./Drivers/STM32F0xx_HAL_Driver/Src/stm32f0xx_hal.o
                0x000000002000001c                uwTickPrio
 .data.uwTickFreq
                0x0000000020000020        0x1 ./Drivers/STM32F0xx_HAL_Driver/Src/stm32f0xx_hal.o
                0x0000000020000020                uwTickFreq
 *(.RamFunc)
 *(.RamFunc*)
                0x0000000020000024                . = ALIGN (0x4)
 *fill*         0x0000000020000021        0x3 
                0x0000000020000024                _edata = .

.igot.plt       0x0000000020000024        0x0 load address 0x0000000008006660
 .igot.plt      0x0000000020000024        0x0 C:/ST/STM32CubeIDE_1.14.1/STM32CubeIDE/plugins/com.st.stm32cube.ide.mcu.externaltools.gnu-tools-for-stm32.11.3.rel1.win32_1.1.100.202309141235/tools/bin/../lib/gcc/arm-none-eabi/11.3.1/thumb/v6-m/nofp/crtbegin.o
                0x0000000020000024                . = ALIGN (0x4)

.bss            0x0000000020000024      0x240 load address 0x0000000008006660
                0x0000000020000024                _sbss = .
                0x0000000020000024                __bss_start__ = _sbss
 *(.bss)
 .bss           0x0000000020000024       0x1c C:/ST/STM32CubeIDE_1.14.1/STM32CubeIDE/plugins/com.st.stm32cube.ide.mcu.externaltools.gnu-tools-for-stm32.11.3.rel1.win32_1.1.100.202309141235/tools/bin/../lib/gcc/arm-none-eabi/11.3.1/thumb/v6-m/nofp/crtbegin.o
 *(.bss*)
 .bss.hadc      0x0000000020000040       0x40 ./Core/Src/adc.o
                0x0000000020000040                hadc
 .bss.FlagInfo  0x0000000020000080        0xa ./Core/Src/protocol.o
                0x0000000020000080                FlagInfo
 *fill*         0x000000002000008a        0x2 
 .bss.DataInfo  0x000000002000008c        0x6 ./Core/Src/protocol.o
                0x000000002000008c                DataInfo
 *fill*         0x0000000020000092        0x2 
 .bss.RX_Data   0x0000000020000094        0x8 ./Core/Src/protocol.o
                0x0000000020000094                RX_Data
 .bss.Rx_flag   0x000000002000009c        0x4 ./Core/Src/protocol.o
                0x000000002000009c                Rx_flag
 .bss.Rx_it_source
                0x00000000200000a0        0x4 ./Core/Src/protocol.o
                0x00000000200000a0                Rx_it_source
 .bss.data      0x00000000200000a4        0x1 ./Core/Src/protocol.o
                0x00000000200000a4                data
 .bss.index_rx  0x00000000200000a5        0x1 ./Core/Src/protocol.o
                0x00000000200000a5                index_rx
 *fill*         0x00000000200000a6        0x2 
 .bss.IC_Val1   0x00000000200000a8        0x4 ./Core/Src/sonic.o
                0x00000000200000a8                IC_Val1
 .bss.IC_Val2   0x00000000200000ac        0x4 ./Core/Src/sonic.o
                0x00000000200000ac                IC_Val2
 .bss.Difference
                0x00000000200000b0        0x4 ./Core/Src/sonic.o
                0x00000000200000b0                Difference
 .bss.Is_First_Captured
                0x00000000200000b4        0x1 ./Core/Src/sonic.o
                0x00000000200000b4                Is_First_Captured
 *fill*         0x00000000200000b5        0x3 
 .bss.htim1     0x00000000200000b8       0x48 ./Core/Src/tim.o
                0x00000000200000b8                htim1
 .bss.htim2     0x0000000020000100       0x48 ./Core/Src/tim.o
                0x0000000020000100                htim2
 .bss.htim3     0x0000000020000148       0x48 ./Core/Src/tim.o
                0x0000000020000148                htim3
 .bss.htim15    0x0000000020000190       0x48 ./Core/Src/tim.o
                0x0000000020000190                htim15
 .bss.huart1    0x00000000200001d8       0x88 ./Core/Src/usart.o
                0x00000000200001d8                huart1
 .bss.uwTick    0x0000000020000260        0x4 ./Drivers/STM32F0xx_HAL_Driver/Src/stm32f0xx_hal.o
                0x0000000020000260                uwTick
 *(COMMON)
                0x0000000020000264                . = ALIGN (0x4)
                0x0000000020000264                _ebss = .
                0x0000000020000264                __bss_end__ = _ebss

._user_heap_stack
                0x0000000020000264      0x604 load address 0x0000000008006660
                0x0000000020000268                . = ALIGN (0x8)
 *fill*         0x0000000020000264        0x4 
                [!provide]                        PROVIDE (end = .)
                0x0000000020000268                PROVIDE (_end = .)
                0x0000000020000468                . = (. + _Min_Heap_Size)
 *fill*         0x0000000020000268      0x200 
                0x0000000020000868                . = (. + _Min_Stack_Size)
 *fill*         0x0000000020000468      0x400 
                0x0000000020000868                . = ALIGN (0x8)

/DISCARD/
 libc.a(*)
 libm.a(*)
 libgcc.a(*)

.ARM.attributes
                0x0000000000000000       0x28
 *(.ARM.attributes)
 .ARM.attributes
                0x0000000000000000       0x1e C:/ST/STM32CubeIDE_1.14.1/STM32CubeIDE/plugins/com.st.stm32cube.ide.mcu.externaltools.gnu-tools-for-stm32.11.3.rel1.win32_1.1.100.202309141235/tools/bin/../lib/gcc/arm-none-eabi/11.3.1/thumb/v6-m/nofp/crti.o
 .ARM.attributes
                0x000000000000001e       0x2c C:/ST/STM32CubeIDE_1.14.1/STM32CubeIDE/plugins/com.st.stm32cube.ide.mcu.externaltools.gnu-tools-for-stm32.11.3.rel1.win32_1.1.100.202309141235/tools/bin/../lib/gcc/arm-none-eabi/11.3.1/thumb/v6-m/nofp/crtbegin.o
 .ARM.attributes
                0x000000000000004a       0x2c ./Core/Src/adc.o
 .ARM.attributes
                0x0000000000000076       0x2c ./Core/Src/fnd.o
 .ARM.attributes
                0x00000000000000a2       0x2c ./Core/Src/gpio.o
 .ARM.attributes
                0x00000000000000ce       0x2c ./Core/Src/main.o
 .ARM.attributes
                0x00000000000000fa       0x2c ./Core/Src/protocol.o
 .ARM.attributes
                0x0000000000000126       0x2c ./Core/Src/servo.o
 .ARM.attributes
                0x0000000000000152       0x2c ./Core/Src/sonic.o
 .ARM.attributes
                0x000000000000017e       0x2c ./Core/Src/stm32f0xx_hal_msp.o
 .ARM.attributes
                0x00000000000001aa       0x2c ./Core/Src/stm32f0xx_it.o
 .ARM.attributes
                0x00000000000001d6       0x2c ./Core/Src/system_stm32f0xx.o
 .ARM.attributes
                0x0000000000000202       0x2c ./Core/Src/tim.o
 .ARM.attributes
                0x000000000000022e       0x2c ./Core/Src/usart.o
 .ARM.attributes
                0x000000000000025a       0x21 ./Core/Startup/startup_stm32f091rctx.o
 .ARM.attributes
                0x000000000000027b       0x2c ./Drivers/STM32F0xx_HAL_Driver/Src/stm32f0xx_hal.o
 .ARM.attributes
                0x00000000000002a7       0x2c ./Drivers/STM32F0xx_HAL_Driver/Src/stm32f0xx_hal_adc.o
 .ARM.attributes
                0x00000000000002d3       0x2c ./Drivers/STM32F0xx_HAL_Driver/Src/stm32f0xx_hal_cortex.o
 .ARM.attributes
                0x00000000000002ff       0x2c ./Drivers/STM32F0xx_HAL_Driver/Src/stm32f0xx_hal_gpio.o
 .ARM.attributes
                0x000000000000032b       0x2c ./Drivers/STM32F0xx_HAL_Driver/Src/stm32f0xx_hal_rcc.o
 .ARM.attributes
                0x0000000000000357       0x2c ./Drivers/STM32F0xx_HAL_Driver/Src/stm32f0xx_hal_rcc_ex.o
 .ARM.attributes
                0x0000000000000383       0x2c ./Drivers/STM32F0xx_HAL_Driver/Src/stm32f0xx_hal_tim.o
 .ARM.attributes
                0x00000000000003af       0x2c ./Drivers/STM32F0xx_HAL_Driver/Src/stm32f0xx_hal_tim_ex.o
 .ARM.attributes
                0x00000000000003db       0x2c ./Drivers/STM32F0xx_HAL_Driver/Src/stm32f0xx_hal_uart.o
 .ARM.attributes
                0x0000000000000407       0x2c C:/ST/STM32CubeIDE_1.14.1/STM32CubeIDE/plugins/com.st.stm32cube.ide.mcu.externaltools.gnu-tools-for-stm32.11.3.rel1.win32_1.1.100.202309141235/tools/bin/../lib/gcc/arm-none-eabi/11.3.1/../../../../arm-none-eabi/lib/thumb/v6-m/nofp\libc_nano.a(libc_a-memset.o)
 .ARM.attributes
                0x0000000000000433       0x2c C:/ST/STM32CubeIDE_1.14.1/STM32CubeIDE/plugins/com.st.stm32cube.ide.mcu.externaltools.gnu-tools-for-stm32.11.3.rel1.win32_1.1.100.202309141235/tools/bin/../lib/gcc/arm-none-eabi/11.3.1/../../../../arm-none-eabi/lib/thumb/v6-m/nofp\libc_nano.a(libc_a-strncmp.o)
 .ARM.attributes
                0x000000000000045f       0x2c C:/ST/STM32CubeIDE_1.14.1/STM32CubeIDE/plugins/com.st.stm32cube.ide.mcu.externaltools.gnu-tools-for-stm32.11.3.rel1.win32_1.1.100.202309141235/tools/bin/../lib/gcc/arm-none-eabi/11.3.1/../../../../arm-none-eabi/lib/thumb/v6-m/nofp\libc_nano.a(libc_a-init.o)
 .ARM.attributes
                0x000000000000048b       0x1e C:/ST/STM32CubeIDE_1.14.1/STM32CubeIDE/plugins/com.st.stm32cube.ide.mcu.externaltools.gnu-tools-for-stm32.11.3.rel1.win32_1.1.100.202309141235/tools/bin/../lib/gcc/arm-none-eabi/11.3.1/thumb/v6-m/nofp\libgcc.a(_udivsi3.o)
 .ARM.attributes
                0x00000000000004a9       0x1e C:/ST/STM32CubeIDE_1.14.1/STM32CubeIDE/plugins/com.st.stm32cube.ide.mcu.externaltools.gnu-tools-for-stm32.11.3.rel1.win32_1.1.100.202309141235/tools/bin/../lib/gcc/arm-none-eabi/11.3.1/thumb/v6-m/nofp\libgcc.a(_dvmd_tls.o)
 .ARM.attributes
                0x00000000000004c7       0x2c C:/ST/STM32CubeIDE_1.14.1/STM32CubeIDE/plugins/com.st.stm32cube.ide.mcu.externaltools.gnu-tools-for-stm32.11.3.rel1.win32_1.1.100.202309141235/tools/bin/../lib/gcc/arm-none-eabi/11.3.1/thumb/v6-m/nofp\libgcc.a(_fixunsdfsi.o)
 .ARM.attributes
                0x00000000000004f3       0x2c C:/ST/STM32CubeIDE_1.14.1/STM32CubeIDE/plugins/com.st.stm32cube.ide.mcu.externaltools.gnu-tools-for-stm32.11.3.rel1.win32_1.1.100.202309141235/tools/bin/../lib/gcc/arm-none-eabi/11.3.1/thumb/v6-m/nofp\libgcc.a(divdf3.o)
 .ARM.attributes
                0x000000000000051f       0x2c C:/ST/STM32CubeIDE_1.14.1/STM32CubeIDE/plugins/com.st.stm32cube.ide.mcu.externaltools.gnu-tools-for-stm32.11.3.rel1.win32_1.1.100.202309141235/tools/bin/../lib/gcc/arm-none-eabi/11.3.1/thumb/v6-m/nofp\libgcc.a(muldf3.o)
 .ARM.attributes
                0x000000000000054b       0x2c C:/ST/STM32CubeIDE_1.14.1/STM32CubeIDE/plugins/com.st.stm32cube.ide.mcu.externaltools.gnu-tools-for-stm32.11.3.rel1.win32_1.1.100.202309141235/tools/bin/../lib/gcc/arm-none-eabi/11.3.1/thumb/v6-m/nofp\libgcc.a(subdf3.o)
 .ARM.attributes
                0x0000000000000577       0x2c C:/ST/STM32CubeIDE_1.14.1/STM32CubeIDE/plugins/com.st.stm32cube.ide.mcu.externaltools.gnu-tools-for-stm32.11.3.rel1.win32_1.1.100.202309141235/tools/bin/../lib/gcc/arm-none-eabi/11.3.1/thumb/v6-m/nofp\libgcc.a(fixdfsi.o)
 .ARM.attributes
                0x00000000000005a3       0x2c C:/ST/STM32CubeIDE_1.14.1/STM32CubeIDE/plugins/com.st.stm32cube.ide.mcu.externaltools.gnu-tools-for-stm32.11.3.rel1.win32_1.1.100.202309141235/tools/bin/../lib/gcc/arm-none-eabi/11.3.1/thumb/v6-m/nofp\libgcc.a(floatunsidf.o)
 .ARM.attributes
                0x00000000000005cf       0x1e C:/ST/STM32CubeIDE_1.14.1/STM32CubeIDE/plugins/com.st.stm32cube.ide.mcu.externaltools.gnu-tools-for-stm32.11.3.rel1.win32_1.1.100.202309141235/tools/bin/../lib/gcc/arm-none-eabi/11.3.1/thumb/v6-m/nofp\libgcc.a(_arm_cmpdf2.o)
 .ARM.attributes
                0x00000000000005ed       0x1e C:/ST/STM32CubeIDE_1.14.1/STM32CubeIDE/plugins/com.st.stm32cube.ide.mcu.externaltools.gnu-tools-for-stm32.11.3.rel1.win32_1.1.100.202309141235/tools/bin/../lib/gcc/arm-none-eabi/11.3.1/thumb/v6-m/nofp\libgcc.a(_clzsi2.o)
 .ARM.attributes
                0x000000000000060b       0x2c C:/ST/STM32CubeIDE_1.14.1/STM32CubeIDE/plugins/com.st.stm32cube.ide.mcu.externaltools.gnu-tools-for-stm32.11.3.rel1.win32_1.1.100.202309141235/tools/bin/../lib/gcc/arm-none-eabi/11.3.1/thumb/v6-m/nofp\libgcc.a(eqdf2.o)
 .ARM.attributes
                0x0000000000000637       0x2c C:/ST/STM32CubeIDE_1.14.1/STM32CubeIDE/plugins/com.st.stm32cube.ide.mcu.externaltools.gnu-tools-for-stm32.11.3.rel1.win32_1.1.100.202309141235/tools/bin/../lib/gcc/arm-none-eabi/11.3.1/thumb/v6-m/nofp\libgcc.a(gedf2.o)
 .ARM.attributes
                0x0000000000000663       0x2c C:/ST/STM32CubeIDE_1.14.1/STM32CubeIDE/plugins/com.st.stm32cube.ide.mcu.externaltools.gnu-tools-for-stm32.11.3.rel1.win32_1.1.100.202309141235/tools/bin/../lib/gcc/arm-none-eabi/11.3.1/thumb/v6-m/nofp\libgcc.a(ledf2.o)
 .ARM.attributes
                0x000000000000068f       0x1e C:/ST/STM32CubeIDE_1.14.1/STM32CubeIDE/plugins/com.st.stm32cube.ide.mcu.externaltools.gnu-tools-for-stm32.11.3.rel1.win32_1.1.100.202309141235/tools/bin/../lib/gcc/arm-none-eabi/11.3.1/thumb/v6-m/nofp/crtn.o
OUTPUT(team1.elf elf32-littlearm)
LOAD linker stubs
LOAD C:/ST/STM32CubeIDE_1.14.1/STM32CubeIDE/plugins/com.st.stm32cube.ide.mcu.externaltools.gnu-tools-for-stm32.11.3.rel1.win32_1.1.100.202309141235/tools/bin/../lib/gcc/arm-none-eabi/11.3.1/../../../../arm-none-eabi/lib/thumb/v6-m/nofp\libc.a
LOAD C:/ST/STM32CubeIDE_1.14.1/STM32CubeIDE/plugins/com.st.stm32cube.ide.mcu.externaltools.gnu-tools-for-stm32.11.3.rel1.win32_1.1.100.202309141235/tools/bin/../lib/gcc/arm-none-eabi/11.3.1/../../../../arm-none-eabi/lib/thumb/v6-m/nofp\libm.a
LOAD C:/ST/STM32CubeIDE_1.14.1/STM32CubeIDE/plugins/com.st.stm32cube.ide.mcu.externaltools.gnu-tools-for-stm32.11.3.rel1.win32_1.1.100.202309141235/tools/bin/../lib/gcc/arm-none-eabi/11.3.1/thumb/v6-m/nofp\libgcc.a

.comment        0x0000000000000000       0x43
 .comment       0x0000000000000000       0x43 C:/ST/STM32CubeIDE_1.14.1/STM32CubeIDE/plugins/com.st.stm32cube.ide.mcu.externaltools.gnu-tools-for-stm32.11.3.rel1.win32_1.1.100.202309141235/tools/bin/../lib/gcc/arm-none-eabi/11.3.1/thumb/v6-m/nofp/crtbegin.o
                                         0x44 (size before relaxing)
 .comment       0x0000000000000043       0x44 ./Core/Src/adc.o
 .comment       0x0000000000000043       0x44 ./Core/Src/fnd.o
 .comment       0x0000000000000043       0x44 ./Core/Src/gpio.o
 .comment       0x0000000000000043       0x44 ./Core/Src/main.o
 .comment       0x0000000000000043       0x44 ./Core/Src/protocol.o
 .comment       0x0000000000000043       0x44 ./Core/Src/servo.o
 .comment       0x0000000000000043       0x44 ./Core/Src/sonic.o
 .comment       0x0000000000000043       0x44 ./Core/Src/stm32f0xx_hal_msp.o
 .comment       0x0000000000000043       0x44 ./Core/Src/stm32f0xx_it.o
 .comment       0x0000000000000043       0x44 ./Core/Src/system_stm32f0xx.o
 .comment       0x0000000000000043       0x44 ./Core/Src/tim.o
 .comment       0x0000000000000043       0x44 ./Core/Src/usart.o
 .comment       0x0000000000000043       0x44 ./Drivers/STM32F0xx_HAL_Driver/Src/stm32f0xx_hal.o
 .comment       0x0000000000000043       0x44 ./Drivers/STM32F0xx_HAL_Driver/Src/stm32f0xx_hal_adc.o
 .comment       0x0000000000000043       0x44 ./Drivers/STM32F0xx_HAL_Driver/Src/stm32f0xx_hal_cortex.o
 .comment       0x0000000000000043       0x44 ./Drivers/STM32F0xx_HAL_Driver/Src/stm32f0xx_hal_gpio.o
 .comment       0x0000000000000043       0x44 ./Drivers/STM32F0xx_HAL_Driver/Src/stm32f0xx_hal_rcc.o
 .comment       0x0000000000000043       0x44 ./Drivers/STM32F0xx_HAL_Driver/Src/stm32f0xx_hal_rcc_ex.o
 .comment       0x0000000000000043       0x44 ./Drivers/STM32F0xx_HAL_Driver/Src/stm32f0xx_hal_tim.o
 .comment       0x0000000000000043       0x44 ./Drivers/STM32F0xx_HAL_Driver/Src/stm32f0xx_hal_tim_ex.o
 .comment       0x0000000000000043       0x44 ./Drivers/STM32F0xx_HAL_Driver/Src/stm32f0xx_hal_uart.o

.debug_info     0x0000000000000000     0xfa90
 .debug_info    0x0000000000000000      0x869 ./Core/Src/adc.o
 .debug_info    0x0000000000000869       0xb2 ./Core/Src/fnd.o
 .debug_info    0x000000000000091b      0x32b ./Core/Src/gpio.o
 .debug_info    0x0000000000000c46      0xa6a ./Core/Src/main.o
 .debug_info    0x00000000000016b0      0x967 ./Core/Src/protocol.o
 .debug_info    0x0000000000002017      0x6f2 ./Core/Src/servo.o
 .debug_info    0x0000000000002709      0x851 ./Core/Src/sonic.o
 .debug_info    0x0000000000002f5a      0x199 ./Core/Src/stm32f0xx_hal_msp.o
 .debug_info    0x00000000000030f3      0x6bc ./Core/Src/stm32f0xx_it.o
 .debug_info    0x00000000000037af      0x242 ./Core/Src/system_stm32f0xx.o
 .debug_info    0x00000000000039f1      0xef4 ./Core/Src/tim.o
 .debug_info    0x00000000000048e5      0xa80 ./Core/Src/usart.o
 .debug_info    0x0000000000005365       0x23 ./Core/Startup/startup_stm32f091rctx.o
 .debug_info    0x0000000000005388      0x6c3 ./Drivers/STM32F0xx_HAL_Driver/Src/stm32f0xx_hal.o
 .debug_info    0x0000000000005a4b      0xc92 ./Drivers/STM32F0xx_HAL_Driver/Src/stm32f0xx_hal_adc.o
 .debug_info    0x00000000000066dd      0x6bf ./Drivers/STM32F0xx_HAL_Driver/Src/stm32f0xx_hal_cortex.o
 .debug_info    0x0000000000006d9c      0x5e6 ./Drivers/STM32F0xx_HAL_Driver/Src/stm32f0xx_hal_gpio.o
 .debug_info    0x0000000000007382      0x83f ./Drivers/STM32F0xx_HAL_Driver/Src/stm32f0xx_hal_rcc.o
 .debug_info    0x0000000000007bc1      0x5e7 ./Drivers/STM32F0xx_HAL_Driver/Src/stm32f0xx_hal_rcc_ex.o
 .debug_info    0x00000000000081a8     0x295e ./Drivers/STM32F0xx_HAL_Driver/Src/stm32f0xx_hal_tim.o
 .debug_info    0x000000000000ab06     0x14be ./Drivers/STM32F0xx_HAL_Driver/Src/stm32f0xx_hal_tim_ex.o
 .debug_info    0x000000000000bfc4     0x3acc ./Drivers/STM32F0xx_HAL_Driver/Src/stm32f0xx_hal_uart.o

.debug_abbrev   0x0000000000000000     0x28d0
 .debug_abbrev  0x0000000000000000      0x1f2 ./Core/Src/adc.o
 .debug_abbrev  0x00000000000001f2       0x6b ./Core/Src/fnd.o
 .debug_abbrev  0x000000000000025d      0x152 ./Core/Src/gpio.o
 .debug_abbrev  0x00000000000003af      0x27c ./Core/Src/main.o
 .debug_abbrev  0x000000000000062b      0x1c9 ./Core/Src/protocol.o
 .debug_abbrev  0x00000000000007f4      0x1b3 ./Core/Src/servo.o
 .debug_abbrev  0x00000000000009a7      0x1f0 ./Core/Src/sonic.o
 .debug_abbrev  0x0000000000000b97       0xc6 ./Core/Src/stm32f0xx_hal_msp.o
 .debug_abbrev  0x0000000000000c5d      0x1da ./Core/Src/stm32f0xx_it.o
 .debug_abbrev  0x0000000000000e37      0x11c ./Core/Src/system_stm32f0xx.o
 .debug_abbrev  0x0000000000000f53      0x277 ./Core/Src/tim.o
 .debug_abbrev  0x00000000000011ca      0x215 ./Core/Src/usart.o
 .debug_abbrev  0x00000000000013df       0x12 ./Core/Startup/startup_stm32f091rctx.o
 .debug_abbrev  0x00000000000013f1      0x213 ./Drivers/STM32F0xx_HAL_Driver/Src/stm32f0xx_hal.o
 .debug_abbrev  0x0000000000001604      0x259 ./Drivers/STM32F0xx_HAL_Driver/Src/stm32f0xx_hal_adc.o
 .debug_abbrev  0x000000000000185d      0x28c ./Drivers/STM32F0xx_HAL_Driver/Src/stm32f0xx_hal_cortex.o
 .debug_abbrev  0x0000000000001ae9      0x1da ./Drivers/STM32F0xx_HAL_Driver/Src/stm32f0xx_hal_gpio.o
 .debug_abbrev  0x0000000000001cc3      0x28c ./Drivers/STM32F0xx_HAL_Driver/Src/stm32f0xx_hal_rcc.o
 .debug_abbrev  0x0000000000001f4f      0x1a7 ./Drivers/STM32F0xx_HAL_Driver/Src/stm32f0xx_hal_rcc_ex.o
 .debug_abbrev  0x00000000000020f6      0x278 ./Drivers/STM32F0xx_HAL_Driver/Src/stm32f0xx_hal_tim.o
 .debug_abbrev  0x000000000000236e      0x283 ./Drivers/STM32F0xx_HAL_Driver/Src/stm32f0xx_hal_tim_ex.o
 .debug_abbrev  0x00000000000025f1      0x2df ./Drivers/STM32F0xx_HAL_Driver/Src/stm32f0xx_hal_uart.o

.debug_aranges  0x0000000000000000      0xdb8
 .debug_aranges
                0x0000000000000000       0x30 ./Core/Src/adc.o
 .debug_aranges
                0x0000000000000030       0x18 ./Core/Src/fnd.o
 .debug_aranges
                0x0000000000000048       0x20 ./Core/Src/gpio.o
 .debug_aranges
                0x0000000000000068       0x30 ./Core/Src/main.o
 .debug_aranges
                0x0000000000000098       0x40 ./Core/Src/protocol.o
 .debug_aranges
                0x00000000000000d8       0x30 ./Core/Src/servo.o
 .debug_aranges
                0x0000000000000108       0x38 ./Core/Src/sonic.o
 .debug_aranges
                0x0000000000000140       0x20 ./Core/Src/stm32f0xx_hal_msp.o
 .debug_aranges
                0x0000000000000160       0x50 ./Core/Src/stm32f0xx_it.o
 .debug_aranges
                0x00000000000001b0       0x28 ./Core/Src/system_stm32f0xx.o
 .debug_aranges
                0x00000000000001d8       0x50 ./Core/Src/tim.o
 .debug_aranges
                0x0000000000000228       0x30 ./Core/Src/usart.o
 .debug_aranges
                0x0000000000000258       0x28 ./Core/Startup/startup_stm32f091rctx.o
 .debug_aranges
                0x0000000000000280       0xd0 ./Drivers/STM32F0xx_HAL_Driver/Src/stm32f0xx_hal.o
 .debug_aranges
                0x0000000000000350       0xf8 ./Drivers/STM32F0xx_HAL_Driver/Src/stm32f0xx_hal_adc.o
 .debug_aranges
                0x0000000000000448       0xc0 ./Drivers/STM32F0xx_HAL_Driver/Src/stm32f0xx_hal_cortex.o
 .debug_aranges
                0x0000000000000508       0x58 ./Drivers/STM32F0xx_HAL_Driver/Src/stm32f0xx_hal_gpio.o
 .debug_aranges
                0x0000000000000560       0x80 ./Drivers/STM32F0xx_HAL_Driver/Src/stm32f0xx_hal_rcc.o
 .debug_aranges
                0x00000000000005e0       0x78 ./Drivers/STM32F0xx_HAL_Driver/Src/stm32f0xx_hal_rcc_ex.o
 .debug_aranges
                0x0000000000000658      0x3d0 ./Drivers/STM32F0xx_HAL_Driver/Src/stm32f0xx_hal_tim.o
 .debug_aranges
                0x0000000000000a28      0x168 ./Drivers/STM32F0xx_HAL_Driver/Src/stm32f0xx_hal_tim_ex.o
 .debug_aranges
                0x0000000000000b90      0x228 ./Drivers/STM32F0xx_HAL_Driver/Src/stm32f0xx_hal_uart.o

.debug_rnglists
                0x0000000000000000      0xaa7
 .debug_rnglists
                0x0000000000000000       0x21 ./Core/Src/adc.o
 .debug_rnglists
                0x0000000000000021       0x14 ./Core/Src/gpio.o
 .debug_rnglists
                0x0000000000000035       0x21 ./Core/Src/main.o
 .debug_rnglists
                0x0000000000000056       0x2f ./Core/Src/protocol.o
 .debug_rnglists
                0x0000000000000085       0x20 ./Core/Src/servo.o
 .debug_rnglists
                0x00000000000000a5       0x26 ./Core/Src/sonic.o
 .debug_rnglists
                0x00000000000000cb       0x13 ./Core/Src/stm32f0xx_hal_msp.o
 .debug_rnglists
                0x00000000000000de       0x37 ./Core/Src/stm32f0xx_it.o
 .debug_rnglists
                0x0000000000000115       0x1a ./Core/Src/system_stm32f0xx.o
 .debug_rnglists
                0x000000000000012f       0x3e ./Core/Src/tim.o
 .debug_rnglists
                0x000000000000016d       0x20 ./Core/Src/usart.o
 .debug_rnglists
                0x000000000000018d       0x19 ./Core/Startup/startup_stm32f091rctx.o
 .debug_rnglists
                0x00000000000001a6       0x97 ./Drivers/STM32F0xx_HAL_Driver/Src/stm32f0xx_hal.o
 .debug_rnglists
                0x000000000000023d       0xc6 ./Drivers/STM32F0xx_HAL_Driver/Src/stm32f0xx_hal_adc.o
 .debug_rnglists
                0x0000000000000303       0x8c ./Drivers/STM32F0xx_HAL_Driver/Src/stm32f0xx_hal_cortex.o
 .debug_rnglists
                0x000000000000038f       0x3f ./Drivers/STM32F0xx_HAL_Driver/Src/stm32f0xx_hal_gpio.o
 .debug_rnglists
                0x00000000000003ce       0x61 ./Drivers/STM32F0xx_HAL_Driver/Src/stm32f0xx_hal_rcc.o
 .debug_rnglists
                0x000000000000042f       0x5b ./Drivers/STM32F0xx_HAL_Driver/Src/stm32f0xx_hal_rcc_ex.o
 .debug_rnglists
                0x000000000000048a      0x31c ./Drivers/STM32F0xx_HAL_Driver/Src/stm32f0xx_hal_tim.o
 .debug_rnglists
                0x00000000000007a6      0x126 ./Drivers/STM32F0xx_HAL_Driver/Src/stm32f0xx_hal_tim_ex.o
 .debug_rnglists
                0x00000000000008cc      0x1db ./Drivers/STM32F0xx_HAL_Driver/Src/stm32f0xx_hal_uart.o

.debug_macro    0x0000000000000000    0x1cb12
 .debug_macro   0x0000000000000000      0x1ea ./Core/Src/adc.o
 .debug_macro   0x00000000000001ea      0xa7e ./Core/Src/adc.o
 .debug_macro   0x0000000000000c68      0x139 ./Core/Src/adc.o
 .debug_macro   0x0000000000000da1       0x2e ./Core/Src/adc.o
 .debug_macro   0x0000000000000dcf       0x22 ./Core/Src/adc.o
 .debug_macro   0x0000000000000df1       0x22 ./Core/Src/adc.o
 .debug_macro   0x0000000000000e13       0x8e ./Core/Src/adc.o
 .debug_macro   0x0000000000000ea1       0x51 ./Core/Src/adc.o
 .debug_macro   0x0000000000000ef2      0x103 ./Core/Src/adc.o
 .debug_macro   0x0000000000000ff5       0x6a ./Core/Src/adc.o
 .debug_macro   0x000000000000105f      0x1df ./Core/Src/adc.o
 .debug_macro   0x000000000000123e       0x1c ./Core/Src/adc.o
 .debug_macro   0x000000000000125a       0x22 ./Core/Src/adc.o
 .debug_macro   0x000000000000127c       0xaf ./Core/Src/adc.o
 .debug_macro   0x000000000000132b      0x391 ./Core/Src/adc.o
 .debug_macro   0x00000000000016bc    0x10e6b ./Core/Src/adc.o
 .debug_macro   0x0000000000012527       0x66 ./Core/Src/adc.o
 .debug_macro   0x000000000001258d     0x34be ./Core/Src/adc.o
 .debug_macro   0x0000000000015a4b      0x174 ./Core/Src/adc.o
 .debug_macro   0x0000000000015bbf       0x55 ./Core/Src/adc.o
 .debug_macro   0x0000000000015c14      0x946 ./Core/Src/adc.o
 .debug_macro   0x000000000001655a      0x69b ./Core/Src/adc.o
 .debug_macro   0x0000000000016bf5      0x1ae ./Core/Src/adc.o
 .debug_macro   0x0000000000016da3      0x202 ./Core/Src/adc.o
 .debug_macro   0x0000000000016fa5      0x1a7 ./Core/Src/adc.o
 .debug_macro   0x000000000001714c      0x1bc ./Core/Src/adc.o
 .debug_macro   0x0000000000017308      0x4cf ./Core/Src/adc.o
 .debug_macro   0x00000000000177d7       0x3c ./Core/Src/adc.o
 .debug_macro   0x0000000000017813       0x28 ./Core/Src/adc.o
 .debug_macro   0x000000000001783b      0x33d ./Core/Src/adc.o
 .debug_macro   0x0000000000017b78       0xd4 ./Core/Src/adc.o
 .debug_macro   0x0000000000017c4c       0xb0 ./Core/Src/adc.o
 .debug_macro   0x0000000000017cfc      0x23f ./Core/Src/adc.o
 .debug_macro   0x0000000000017f3b      0x22c ./Core/Src/adc.o
 .debug_macro   0x0000000000018167       0x61 ./Core/Src/adc.o
 .debug_macro   0x00000000000181c8       0xa5 ./Core/Src/adc.o
 .debug_macro   0x000000000001826d       0x4c ./Core/Src/adc.o
 .debug_macro   0x00000000000182b9      0x16d ./Core/Src/adc.o
 .debug_macro   0x0000000000018426      0x8f4 ./Core/Src/adc.o
 .debug_macro   0x0000000000018d1a       0x28 ./Core/Src/adc.o
 .debug_macro   0x0000000000018d42      0x5ba ./Core/Src/adc.o
 .debug_macro   0x00000000000192fc       0x44 ./Core/Src/adc.o
 .debug_macro   0x0000000000019340      0x435 ./Core/Src/adc.o
 .debug_macro   0x0000000000019775      0x1e5 ./Core/Src/fnd.o
 .debug_macro   0x000000000001995a       0x7c ./Core/Src/fnd.o
 .debug_macro   0x00000000000199d6      0x1ea ./Core/Src/gpio.o
 .debug_macro   0x0000000000019bc0      0x36d ./Core/Src/main.o
 .debug_macro   0x0000000000019f2d       0x61 ./Core/Src/main.o
 .debug_macro   0x0000000000019f8e       0x24 ./Core/Src/main.o
 .debug_macro   0x0000000000019fb2       0x43 ./Core/Src/main.o
 .debug_macro   0x0000000000019ff5       0x34 ./Core/Src/main.o
 .debug_macro   0x000000000001a029       0x16 ./Core/Src/main.o
 .debug_macro   0x000000000001a03f       0x43 ./Core/Src/main.o
 .debug_macro   0x000000000001a082       0x34 ./Core/Src/main.o
 .debug_macro   0x000000000001a0b6       0x10 ./Core/Src/main.o
 .debug_macro   0x000000000001a0c6       0x58 ./Core/Src/main.o
 .debug_macro   0x000000000001a11e       0x8e ./Core/Src/main.o
 .debug_macro   0x000000000001a1ac       0x1c ./Core/Src/main.o
 .debug_macro   0x000000000001a1c8      0x177 ./Core/Src/main.o
 .debug_macro   0x000000000001a33f      0x369 ./Core/Src/main.o
 .debug_macro   0x000000000001a6a8       0x10 ./Core/Src/main.o
 .debug_macro   0x000000000001a6b8       0x35 ./Core/Src/main.o
 .debug_macro   0x000000000001a6ed       0x20 ./Core/Src/main.o
 .debug_macro   0x000000000001a70d       0x16 ./Core/Src/main.o
 .debug_macro   0x000000000001a723       0x16 ./Core/Src/main.o
 .debug_macro   0x000000000001a739       0x29 ./Core/Src/main.o
 .debug_macro   0x000000000001a762       0x16 ./Core/Src/main.o
 .debug_macro   0x000000000001a778       0x16 ./Core/Src/main.o
 .debug_macro   0x000000000001a78e       0x82 ./Core/Src/main.o
 .debug_macro   0x000000000001a810       0x1c ./Core/Src/main.o
 .debug_macro   0x000000000001a82c       0x10 ./Core/Src/main.o
 .debug_macro   0x000000000001a83c       0x1c ./Core/Src/main.o
 .debug_macro   0x000000000001a858       0x16 ./Core/Src/main.o
 .debug_macro   0x000000000001a86e      0x147 ./Core/Src/main.o
 .debug_macro   0x000000000001a9b5      0x2e8 ./Core/Src/protocol.o
 .debug_macro   0x000000000001ac9d      0x1e5 ./Core/Src/servo.o
 .debug_macro   0x000000000001ae82       0x10 ./Core/Src/servo.o
 .debug_macro   0x000000000001ae92      0x1e5 ./Core/Src/sonic.o
 .debug_macro   0x000000000001b077       0x10 ./Core/Src/sonic.o
 .debug_macro   0x000000000001b087      0x1e0 ./Core/Src/stm32f0xx_hal_msp.o
 .debug_macro   0x000000000001b267      0x1ea ./Core/Src/stm32f0xx_it.o
 .debug_macro   0x000000000001b451      0x1d6 ./Core/Src/system_stm32f0xx.o
 .debug_macro   0x000000000001b627      0x1ea ./Core/Src/tim.o
 .debug_macro   0x000000000001b811      0x1ea ./Core/Src/usart.o
 .debug_macro   0x000000000001b9fb      0x1fa ./Drivers/STM32F0xx_HAL_Driver/Src/stm32f0xx_hal.o
 .debug_macro   0x000000000001bbf5      0x1fa ./Drivers/STM32F0xx_HAL_Driver/Src/stm32f0xx_hal_adc.o
 .debug_macro   0x000000000001bdef      0x1d6 ./Drivers/STM32F0xx_HAL_Driver/Src/stm32f0xx_hal_cortex.o
 .debug_macro   0x000000000001bfc5      0x1dd ./Drivers/STM32F0xx_HAL_Driver/Src/stm32f0xx_hal_gpio.o
 .debug_macro   0x000000000001c1a2      0x1e8 ./Drivers/STM32F0xx_HAL_Driver/Src/stm32f0xx_hal_rcc.o
 .debug_macro   0x000000000001c38a      0x1e8 ./Drivers/STM32F0xx_HAL_Driver/Src/stm32f0xx_hal_rcc_ex.o
 .debug_macro   0x000000000001c572      0x1d7 ./Drivers/STM32F0xx_HAL_Driver/Src/stm32f0xx_hal_tim.o
 .debug_macro   0x000000000001c749      0x1d6 ./Drivers/STM32F0xx_HAL_Driver/Src/stm32f0xx_hal_tim_ex.o
 .debug_macro   0x000000000001c91f      0x1f3 ./Drivers/STM32F0xx_HAL_Driver/Src/stm32f0xx_hal_uart.o

.debug_line     0x0000000000000000    0x13567
 .debug_line    0x0000000000000000      0x843 ./Core/Src/adc.o
 .debug_line    0x0000000000000843      0x774 ./Core/Src/fnd.o
 .debug_line    0x0000000000000fb7      0x7b8 ./Core/Src/gpio.o
 .debug_line    0x000000000000176f      0xa58 ./Core/Src/main.o
 .debug_line    0x00000000000021c7      0xb79 ./Core/Src/protocol.o
 .debug_line    0x0000000000002d40      0x84a ./Core/Src/servo.o
 .debug_line    0x000000000000358a      0x843 ./Core/Src/sonic.o
 .debug_line    0x0000000000003dcd      0x79c ./Core/Src/stm32f0xx_hal_msp.o
 .debug_line    0x0000000000004569      0x830 ./Core/Src/stm32f0xx_it.o
 .debug_line    0x0000000000004d99      0x823 ./Core/Src/system_stm32f0xx.o
 .debug_line    0x00000000000055bc      0xa6d ./Core/Src/tim.o
 .debug_line    0x0000000000006029      0x80e ./Core/Src/usart.o
 .debug_line    0x0000000000006837       0x7b ./Core/Startup/startup_stm32f091rctx.o
 .debug_line    0x00000000000068b2      0xa16 ./Drivers/STM32F0xx_HAL_Driver/Src/stm32f0xx_hal.o
 .debug_line    0x00000000000072c8     0x1262 ./Drivers/STM32F0xx_HAL_Driver/Src/stm32f0xx_hal_adc.o
 .debug_line    0x000000000000852a      0xac2 ./Drivers/STM32F0xx_HAL_Driver/Src/stm32f0xx_hal_cortex.o
 .debug_line    0x0000000000008fec      0xba6 ./Drivers/STM32F0xx_HAL_Driver/Src/stm32f0xx_hal_gpio.o
 .debug_line    0x0000000000009b92      0xe9e ./Drivers/STM32F0xx_HAL_Driver/Src/stm32f0xx_hal_rcc.o
 .debug_line    0x000000000000aa30      0xc7e ./Drivers/STM32F0xx_HAL_Driver/Src/stm32f0xx_hal_rcc_ex.o
 .debug_line    0x000000000000b6ae     0x37bc ./Drivers/STM32F0xx_HAL_Driver/Src/stm32f0xx_hal_tim.o
 .debug_line    0x000000000000ee6a     0x19c3 ./Drivers/STM32F0xx_HAL_Driver/Src/stm32f0xx_hal_tim_ex.o
 .debug_line    0x000000000001082d     0x2d3a ./Drivers/STM32F0xx_HAL_Driver/Src/stm32f0xx_hal_uart.o

.debug_str      0x0000000000000000    0xab66c
 .debug_str     0x0000000000000000    0xa4382 ./Core/Src/adc.o
                                      0xa4672 (size before relaxing)
 .debug_str     0x00000000000a4382      0x16f ./Core/Src/fnd.o
                                      0xa4276 (size before relaxing)
 .debug_str     0x00000000000a44f1       0x68 ./Core/Src/gpio.o
                                      0xa4262 (size before relaxing)
 .debug_str     0x00000000000a4559     0x3e2d ./Core/Src/main.o
                                      0xa83cb (size before relaxing)
 .debug_str     0x00000000000a8386      0x40f ./Core/Src/protocol.o
                                      0xa79d6 (size before relaxing)
 .debug_str     0x00000000000a8795       0x52 ./Core/Src/servo.o
                                      0xa4663 (size before relaxing)
 .debug_str     0x00000000000a87e7       0xae ./Core/Src/sonic.o
                                      0xa4747 (size before relaxing)
 .debug_str     0x00000000000a8895       0x2c ./Core/Src/stm32f0xx_hal_msp.o
                                      0xa4197 (size before relaxing)
 .debug_str     0x00000000000a88c1       0xb8 ./Core/Src/stm32f0xx_it.o
                                      0xa46a2 (size before relaxing)
 .debug_str     0x00000000000a8979       0x8b ./Core/Src/system_stm32f0xx.o
                                      0xa41f7 (size before relaxing)
 .debug_str     0x00000000000a8a04      0x479 ./Core/Src/tim.o
                                      0xa4cc3 (size before relaxing)
 .debug_str     0x00000000000a8e7d       0x51 ./Core/Src/usart.o
                                      0xa4920 (size before relaxing)
 .debug_str     0x00000000000a8ece       0x34 ./Core/Startup/startup_stm32f091rctx.o
                                         0x6c (size before relaxing)
 .debug_str     0x00000000000a8f02      0x37a ./Drivers/STM32F0xx_HAL_Driver/Src/stm32f0xx_hal.o
                                      0xa47e7 (size before relaxing)
 .debug_str     0x00000000000a927c      0x381 ./Drivers/STM32F0xx_HAL_Driver/Src/stm32f0xx_hal_adc.o
                                      0xa4914 (size before relaxing)
 .debug_str     0x00000000000a95fd      0x179 ./Drivers/STM32F0xx_HAL_Driver/Src/stm32f0xx_hal_cortex.o
                                      0xa45d8 (size before relaxing)
 .debug_str     0x00000000000a9776      0x118 ./Drivers/STM32F0xx_HAL_Driver/Src/stm32f0xx_hal_gpio.o
                                      0xa43ad (size before relaxing)
 .debug_str     0x00000000000a988e      0x21a ./Drivers/STM32F0xx_HAL_Driver/Src/stm32f0xx_hal_rcc.o
                                      0xa463e (size before relaxing)
 .debug_str     0x00000000000a9aa8      0x2c7 ./Drivers/STM32F0xx_HAL_Driver/Src/stm32f0xx_hal_rcc_ex.o
                                      0xa45da (size before relaxing)
 .debug_str     0x00000000000a9d6f      0xcbc ./Drivers/STM32F0xx_HAL_Driver/Src/stm32f0xx_hal_tim.o
                                      0xa560d (size before relaxing)
 .debug_str     0x00000000000aaa2b      0x3e1 ./Drivers/STM32F0xx_HAL_Driver/Src/stm32f0xx_hal_tim_ex.o
                                      0xa4e29 (size before relaxing)
 .debug_str     0x00000000000aae0c      0x860 ./Drivers/STM32F0xx_HAL_Driver/Src/stm32f0xx_hal_uart.o
                                      0xa4f6b (size before relaxing)

.debug_frame    0x0000000000000000     0x3178
 .debug_frame   0x0000000000000000       0x70 ./Core/Src/adc.o
 .debug_frame   0x0000000000000070       0x30 ./Core/Src/gpio.o
 .debug_frame   0x00000000000000a0       0x6c ./Core/Src/main.o
 .debug_frame   0x000000000000010c       0xa0 ./Core/Src/protocol.o
 .debug_frame   0x00000000000001ac       0x70 ./Core/Src/servo.o
 .debug_frame   0x000000000000021c       0x88 ./Core/Src/sonic.o
 .debug_frame   0x00000000000002a4       0x30 ./Core/Src/stm32f0xx_hal_msp.o
 .debug_frame   0x00000000000002d4       0xd4 ./Core/Src/stm32f0xx_it.o
 .debug_frame   0x00000000000003a8       0x4c ./Core/Src/system_stm32f0xx.o
 .debug_frame   0x00000000000003f4       0xf0 ./Core/Src/tim.o
 .debug_frame   0x00000000000004e4       0x6c ./Core/Src/usart.o
 .debug_frame   0x0000000000000550      0x2a4 ./Drivers/STM32F0xx_HAL_Driver/Src/stm32f0xx_hal.o
 .debug_frame   0x00000000000007f4      0x3a0 ./Drivers/STM32F0xx_HAL_Driver/Src/stm32f0xx_hal_adc.o
 .debug_frame   0x0000000000000b94      0x2a0 ./Drivers/STM32F0xx_HAL_Driver/Src/stm32f0xx_hal_cortex.o
 .debug_frame   0x0000000000000e34      0x110 ./Drivers/STM32F0xx_HAL_Driver/Src/stm32f0xx_hal_gpio.o
 .debug_frame   0x0000000000000f44      0x198 ./Drivers/STM32F0xx_HAL_Driver/Src/stm32f0xx_hal_rcc.o
 .debug_frame   0x00000000000010dc      0x180 ./Drivers/STM32F0xx_HAL_Driver/Src/stm32f0xx_hal_rcc_ex.o
 .debug_frame   0x000000000000125c      0xf00 ./Drivers/STM32F0xx_HAL_Driver/Src/stm32f0xx_hal_tim.o
 .debug_frame   0x000000000000215c      0x560 ./Drivers/STM32F0xx_HAL_Driver/Src/stm32f0xx_hal_tim_ex.o
 .debug_frame   0x00000000000026bc      0x850 ./Drivers/STM32F0xx_HAL_Driver/Src/stm32f0xx_hal_uart.o
 .debug_frame   0x0000000000002f0c       0x20 C:/ST/STM32CubeIDE_1.14.1/STM32CubeIDE/plugins/com.st.stm32cube.ide.mcu.externaltools.gnu-tools-for-stm32.11.3.rel1.win32_1.1.100.202309141235/tools/bin/../lib/gcc/arm-none-eabi/11.3.1/../../../../arm-none-eabi/lib/thumb/v6-m/nofp\libc_nano.a(libc_a-memset.o)
 .debug_frame   0x0000000000002f2c       0x2c C:/ST/STM32CubeIDE_1.14.1/STM32CubeIDE/plugins/com.st.stm32cube.ide.mcu.externaltools.gnu-tools-for-stm32.11.3.rel1.win32_1.1.100.202309141235/tools/bin/../lib/gcc/arm-none-eabi/11.3.1/../../../../arm-none-eabi/lib/thumb/v6-m/nofp\libc_nano.a(libc_a-strncmp.o)
 .debug_frame   0x0000000000002f58       0x2c C:/ST/STM32CubeIDE_1.14.1/STM32CubeIDE/plugins/com.st.stm32cube.ide.mcu.externaltools.gnu-tools-for-stm32.11.3.rel1.win32_1.1.100.202309141235/tools/bin/../lib/gcc/arm-none-eabi/11.3.1/../../../../arm-none-eabi/lib/thumb/v6-m/nofp\libc_nano.a(libc_a-init.o)
 .debug_frame   0x0000000000002f84       0x20 C:/ST/STM32CubeIDE_1.14.1/STM32CubeIDE/plugins/com.st.stm32cube.ide.mcu.externaltools.gnu-tools-for-stm32.11.3.rel1.win32_1.1.100.202309141235/tools/bin/../lib/gcc/arm-none-eabi/11.3.1/thumb/v6-m/nofp\libgcc.a(_udivsi3.o)
 .debug_frame   0x0000000000002fa4       0x2c C:/ST/STM32CubeIDE_1.14.1/STM32CubeIDE/plugins/com.st.stm32cube.ide.mcu.externaltools.gnu-tools-for-stm32.11.3.rel1.win32_1.1.100.202309141235/tools/bin/../lib/gcc/arm-none-eabi/11.3.1/thumb/v6-m/nofp\libgcc.a(_fixunsdfsi.o)
 .debug_frame   0x0000000000002fd0       0x3c C:/ST/STM32CubeIDE_1.14.1/STM32CubeIDE/plugins/com.st.stm32cube.ide.mcu.externaltools.gnu-tools-for-stm32.11.3.rel1.win32_1.1.100.202309141235/tools/bin/../lib/gcc/arm-none-eabi/11.3.1/thumb/v6-m/nofp\libgcc.a(divdf3.o)
 .debug_frame   0x000000000000300c       0x3c C:/ST/STM32CubeIDE_1.14.1/STM32CubeIDE/plugins/com.st.stm32cube.ide.mcu.externaltools.gnu-tools-for-stm32.11.3.rel1.win32_1.1.100.202309141235/tools/bin/../lib/gcc/arm-none-eabi/11.3.1/thumb/v6-m/nofp\libgcc.a(muldf3.o)
 .debug_frame   0x0000000000003048       0x3c C:/ST/STM32CubeIDE_1.14.1/STM32CubeIDE/plugins/com.st.stm32cube.ide.mcu.externaltools.gnu-tools-for-stm32.11.3.rel1.win32_1.1.100.202309141235/tools/bin/../lib/gcc/arm-none-eabi/11.3.1/thumb/v6-m/nofp\libgcc.a(subdf3.o)
 .debug_frame   0x0000000000003084       0x2c C:/ST/STM32CubeIDE_1.14.1/STM32CubeIDE/plugins/com.st.stm32cube.ide.mcu.externaltools.gnu-tools-for-stm32.11.3.rel1.win32_1.1.100.202309141235/tools/bin/../lib/gcc/arm-none-eabi/11.3.1/thumb/v6-m/nofp\libgcc.a(fixdfsi.o)
 .debug_frame   0x00000000000030b0       0x28 C:/ST/STM32CubeIDE_1.14.1/STM32CubeIDE/plugins/com.st.stm32cube.ide.mcu.externaltools.gnu-tools-for-stm32.11.3.rel1.win32_1.1.100.202309141235/tools/bin/../lib/gcc/arm-none-eabi/11.3.1/thumb/v6-m/nofp\libgcc.a(floatunsidf.o)
 .debug_frame   0x00000000000030d8       0x38 C:/ST/STM32CubeIDE_1.14.1/STM32CubeIDE/plugins/com.st.stm32cube.ide.mcu.externaltools.gnu-tools-for-stm32.11.3.rel1.win32_1.1.100.202309141235/tools/bin/../lib/gcc/arm-none-eabi/11.3.1/thumb/v6-m/nofp\libgcc.a(eqdf2.o)
 .debug_frame   0x0000000000003110       0x34 C:/ST/STM32CubeIDE_1.14.1/STM32CubeIDE/plugins/com.st.stm32cube.ide.mcu.externaltools.gnu-tools-for-stm32.11.3.rel1.win32_1.1.100.202309141235/tools/bin/../lib/gcc/arm-none-eabi/11.3.1/thumb/v6-m/nofp\libgcc.a(gedf2.o)
 .debug_frame   0x0000000000003144       0x34 C:/ST/STM32CubeIDE_1.14.1/STM32CubeIDE/plugins/com.st.stm32cube.ide.mcu.externaltools.gnu-tools-for-stm32.11.3.rel1.win32_1.1.100.202309141235/tools/bin/../lib/gcc/arm-none-eabi/11.3.1/thumb/v6-m/nofp\libgcc.a(ledf2.o)

.debug_line_str
                0x0000000000000000       0x60
 .debug_line_str
                0x0000000000000000       0x60 ./Core/Startup/startup_stm32f091rctx.o
                                         0x78 (size before relaxing)
